/tmp/tmpXXEpBJkE.asm:
     1                          MODULE bench_i8_arith_c
     2                          LINE 0, "/work/programs/bench_i8_arith.c"
/work/programs/bench_i8_arith.c:
                                
     1                          ;--------------------------------------------------------
     2                          ; File Created by SDCC : free open source ISO C Compiler
     3                          ; Version 4.5.0 #15242 (Linux)
     4                          ;--------------------------------------------------------
     5                          ; Processed by Z88DK
     6                          ;--------------------------------------------------------
     7                          
     8                          	EXTERN __divschar
     9                          	EXTERN __divschar_callee
    10                          	EXTERN __divsint
    11                          	EXTERN __divsint_callee
    12                          	EXTERN __divslong
    13                          	EXTERN __divslong_callee
    14                          	EXTERN __divslonglong
    15                          	EXTERN __divslonglong_callee
    16                          	EXTERN __divsuchar
    17                          	EXTERN __divsuchar_callee
    18                          	EXTERN __divuchar
    19                          	EXTERN __divuchar_callee
    20                          	EXTERN __divuint
    21                          	EXTERN __divuint_callee
    22                          	EXTERN __divulong
    23                          	EXTERN __divulong_callee
    24                          	EXTERN __divulonglong
    25                          	EXTERN __divulonglong_callee
    26                          	EXTERN __divuschar
    27                          	EXTERN __divuschar_callee
    28                          	EXTERN __modschar
    29                          	EXTERN __modschar_callee
    30                          	EXTERN __modsint
    31                          	EXTERN __modsint_callee
    32                          	EXTERN __modslong
    33                          	EXTERN __modslong_callee
    34                          	EXTERN __modslonglong
    35                          	EXTERN __modslonglong_callee
    36                          	EXTERN __modsuchar
    37                          	EXTERN __modsuchar_callee
    38                          	EXTERN __moduchar
    39                          	EXTERN __moduchar_callee
    40                          	EXTERN __moduint
    41                          	EXTERN __moduint_callee
    42                          	EXTERN __modulong
    43                          	EXTERN __modulong_callee
    44                          	EXTERN __modulonglong
    45                          	EXTERN __modulonglong_callee
    46                          	EXTERN __moduschar
    47                          	EXTERN __moduschar_callee
    48                          	EXTERN __mulint
    49                          	EXTERN __mulint_callee
    50                          	EXTERN __mullong
    51                          	EXTERN __mullong_callee
    52                          	EXTERN __mullonglong
    53                          	EXTERN __mullonglong_callee
    54                          	EXTERN __mulschar
    55                          	EXTERN __mulschar_callee
    56                          	EXTERN __mulsuchar
    57                          	EXTERN __mulsuchar_callee
    58                          	EXTERN __muluchar
    59                          	EXTERN __muluchar_callee
    60                          	EXTERN __muluschar
    61                          	EXTERN __muluschar_callee
    62                          	EXTERN __rlslonglong
    63                          	EXTERN __rlslonglong_callee
    64                          	EXTERN __rlulonglong
    65                          	EXTERN __rlulonglong_callee
    66                          	EXTERN __rrslonglong
    67                          	EXTERN __rrslonglong_callee
    68                          	EXTERN __rrulonglong
    69                          	EXTERN __rrulonglong_callee
    70                          	EXTERN ___mulsint2slong
    71                          	EXTERN ___mulsint2slong_callee
    72                          	EXTERN ___muluint2ulong
    73                          	EXTERN ___muluint2ulong_callee
    74                          	EXTERN ___sdcc_call_hl
    75                          	EXTERN ___sdcc_call_iy
    76                          	EXTERN ___sdcc_enter_ix
    77                          	EXTERN banked_call
    78                          	EXTERN _banked_ret
    79                          	EXTERN ___fs2schar
    80                          	EXTERN ___fs2schar_callee
    81                          	EXTERN ___fs2sint
    82                          	EXTERN ___fs2sint_callee
    83                          	EXTERN ___fs2slong
    84                          	EXTERN ___fs2slong_callee
    85                          	EXTERN ___fs2slonglong
    86                          	EXTERN ___fs2slonglong_callee
    87                          	EXTERN ___fs2uchar
    88                          	EXTERN ___fs2uchar_callee
    89                          	EXTERN ___fs2uint
    90                          	EXTERN ___fs2uint_callee
    91                          	EXTERN ___fs2ulong
    92                          	EXTERN ___fs2ulong_callee
    93                          	EXTERN ___fs2ulonglong
    94                          	EXTERN ___fs2ulonglong_callee
    95                          	EXTERN ___fsadd
    96                          	EXTERN ___fsadd_callee
    97                          	EXTERN ___fsdiv
    98                          	EXTERN ___fsdiv_callee
    99                          	EXTERN ___fseq
   100                          	EXTERN ___fseq_callee
   101                          	EXTERN ___fsgt
   102                          	EXTERN ___fsgt_callee
   103                          	EXTERN ___fslt
   104                          	EXTERN ___fslt_callee
   105                          	EXTERN ___fsmul
   106                          	EXTERN ___fsmul_callee
   107                          	EXTERN ___fsneq
   108                          	EXTERN ___fsneq_callee
   109                          	EXTERN ___fssub
   110                          	EXTERN ___fssub_callee
   111                          	EXTERN ___schar2fs
   112                          	EXTERN ___schar2fs_callee
   113                          	EXTERN ___sint2fs
   114                          	EXTERN ___sint2fs_callee
   115                          	EXTERN ___slong2fs
   116                          	EXTERN ___slong2fs_callee
   117                          	EXTERN ___slonglong2fs
   118                          	EXTERN ___slonglong2fs_callee
   119                          	EXTERN ___uchar2fs
   120                          	EXTERN ___uchar2fs_callee
   121                          	EXTERN ___uint2fs
   122                          	EXTERN ___uint2fs_callee
   123                          	EXTERN ___ulong2fs
   124                          	EXTERN ___ulong2fs_callee
   125                          	EXTERN ___ulonglong2fs
   126                          	EXTERN ___ulonglong2fs_callee
   127                          	EXTERN ____sdcc_2_copy_src_mhl_dst_deix
   128                          	EXTERN ____sdcc_2_copy_src_mhl_dst_bcix
   129                          	EXTERN ____sdcc_4_copy_src_mhl_dst_deix
   130                          	EXTERN ____sdcc_4_copy_src_mhl_dst_bcix
   131                          	EXTERN ____sdcc_4_copy_src_mhl_dst_mbc
   132                          	EXTERN ____sdcc_4_ldi_nosave_bc
   133                          	EXTERN ____sdcc_4_ldi_save_bc
   134                          	EXTERN ____sdcc_4_push_hlix
   135                          	EXTERN ____sdcc_4_push_mhl
   136                          	EXTERN ____sdcc_lib_setmem_hl
   137                          	EXTERN ____sdcc_ll_add_de_bc_hl
   138                          	EXTERN ____sdcc_ll_add_de_bc_hlix
   139                          	EXTERN ____sdcc_ll_add_de_hlix_bc
   140                          	EXTERN ____sdcc_ll_add_de_hlix_bcix
   141                          	EXTERN ____sdcc_ll_add_deix_bc_hl
   142                          	EXTERN ____sdcc_ll_add_deix_hlix
   143                          	EXTERN ____sdcc_ll_add_hlix_bc_deix
   144                          	EXTERN ____sdcc_ll_add_hlix_deix_bc
   145                          	EXTERN ____sdcc_ll_add_hlix_deix_bcix
   146                          	EXTERN ____sdcc_ll_asr_hlix_a
   147                          	EXTERN ____sdcc_ll_asr_mbc_a
   148                          	EXTERN ____sdcc_ll_copy_src_de_dst_hlix
   149                          	EXTERN ____sdcc_ll_copy_src_de_dst_hlsp
   150                          	EXTERN ____sdcc_ll_copy_src_deix_dst_hl
   151                          	EXTERN ____sdcc_ll_copy_src_deix_dst_hlix
   152                          	EXTERN ____sdcc_ll_copy_src_deixm_dst_hlsp
   153                          	EXTERN ____sdcc_ll_copy_src_desp_dst_hlsp
   154                          	EXTERN ____sdcc_ll_copy_src_hl_dst_de
   155                          	EXTERN ____sdcc_ll_copy_src_hlsp_dst_de
   156                          	EXTERN ____sdcc_ll_copy_src_hlsp_dst_deixm
   157                          	EXTERN ____sdcc_ll_lsl_hlix_a
   158                          	EXTERN ____sdcc_ll_lsl_mbc_a
   159                          	EXTERN ____sdcc_ll_lsr_hlix_a
   160                          	EXTERN ____sdcc_ll_lsr_mbc_a
   161                          	EXTERN ____sdcc_ll_push_hlix
   162                          	EXTERN ____sdcc_ll_push_mhl
   163                          	EXTERN ____sdcc_ll_sub_de_bc_hl
   164                          	EXTERN ____sdcc_ll_sub_de_bc_hlix
   165                          	EXTERN ____sdcc_ll_sub_de_hlix_bc
   166                          	EXTERN ____sdcc_ll_sub_de_hlix_bcix
   167                          	EXTERN ____sdcc_ll_sub_deix_bc_hl
   168                          	EXTERN ____sdcc_ll_sub_deix_hlix
   169                          	EXTERN ____sdcc_ll_sub_hlix_bc_deix
   170                          	EXTERN ____sdcc_ll_sub_hlix_deix_bc
   171                          	EXTERN ____sdcc_ll_sub_hlix_deix_bcix
   172                          	EXTERN ____sdcc_load_debc_deix
   173                          	EXTERN ____sdcc_load_dehl_deix
   174                          	EXTERN ____sdcc_load_debc_mhl
   175                          	EXTERN ____sdcc_load_hlde_mhl
   176                          	EXTERN ____sdcc_store_dehl_bcix
   177                          	EXTERN ____sdcc_store_debc_hlix
   178                          	EXTERN ____sdcc_store_debc_mhl
   179                          	EXTERN ____sdcc_cpu_pop_ei
   180                          	EXTERN ____sdcc_cpu_pop_ei_jp
   181                          	EXTERN ____sdcc_cpu_push_di
   182                          	EXTERN ____sdcc_outi
   183                          	EXTERN ____sdcc_outi_128
   184                          	EXTERN ____sdcc_outi_256
   185                          	EXTERN ____sdcc_ldi
   186                          	EXTERN ____sdcc_ldi_128
   187                          	EXTERN ____sdcc_ldi_256
   188                          	EXTERN ____sdcc_4_copy_srcd_hlix_dst_deix
   189                          	EXTERN ____sdcc_4_and_src_mbc_mhl_dst_deix
   190                          	EXTERN ____sdcc_4_or_src_mbc_mhl_dst_deix
   191                          	EXTERN ____sdcc_4_xor_src_mbc_mhl_dst_deix
   192                          	EXTERN ____sdcc_4_or_src_dehl_dst_bcix
   193                          	EXTERN ____sdcc_4_xor_src_dehl_dst_bcix
   194                          	EXTERN ____sdcc_4_and_src_dehl_dst_bcix
   195                          	EXTERN ____sdcc_4_xor_src_mbc_mhl_dst_debc
   196                          	EXTERN ____sdcc_4_or_src_mbc_mhl_dst_debc
   197                          	EXTERN ____sdcc_4_and_src_mbc_mhl_dst_debc
   198                          	EXTERN ____sdcc_4_cpl_src_mhl_dst_debc
   199                          	EXTERN ____sdcc_4_xor_src_debc_mhl_dst_debc
   200                          	EXTERN ____sdcc_4_or_src_debc_mhl_dst_debc
   201                          	EXTERN ____sdcc_4_and_src_debc_mhl_dst_debc
   202                          	EXTERN ____sdcc_4_and_src_debc_hlix_dst_debc
   203                          	EXTERN ____sdcc_4_or_src_debc_hlix_dst_debc
   204                          	EXTERN ____sdcc_4_xor_src_debc_hlix_dst_debc
   205                          
   206                          ;--------------------------------------------------------
   207                          ; Public variables in this module
   208                          ;--------------------------------------------------------
   209                          	GLOBAL _main
   210                          ;--------------------------------------------------------
   211                          ; Externals used
   212                          ;--------------------------------------------------------
   213                          ;--------------------------------------------------------
   214                          ; special function registers
   215                          ;--------------------------------------------------------
   216                          ;--------------------------------------------------------
   217                          ; ram data
   218                          ;--------------------------------------------------------
   219                          	SECTION bss_compiler
   220                          ;--------------------------------------------------------
   221                          ; ram data
   222                          ;--------------------------------------------------------
   223                          
   224                          IF 0
   225                          
   226                          ; .area _INITIALIZED removed by z88dk
   227                          
   228                          
   229                          ENDIF
   230                          
   231                          ;--------------------------------------------------------
   232                          ; absolute external ram data
   233                          ;--------------------------------------------------------
   234                          	SECTION IGNORE
   235                          ;--------------------------------------------------------
   236                          ; global & static initialisations
   237                          ;--------------------------------------------------------
   238                          	SECTION code_crt_init
   239                          ;--------------------------------------------------------
   240                          ; Home
   241                          ;--------------------------------------------------------
   242                          	SECTION code_home
   243                          ;--------------------------------------------------------
   244                          ; code
   245                          ;--------------------------------------------------------
   246                          	SECTION code_compiler
   247                          ;	genLabel
   248                          ;	genFunction
   249                          ;	---------------------------------
   250                          ; Function main
   251                          ; ---------------------------------
   252                          ;	Register assignment is optimal.
   253                          ; Stack space usage: 7 bytes.
   254                          _main:
   255  0000  cd0000            	call	___sdcc_enter_ix
   256                          ;	adjustStack by -7
   257  0003  21f9ff            	ld	hl, -7
   258  0006  39                	add	hl, sp
   259  0007  f9                	ld	sp, hl
   260                          ;	genAssign
   261                          ;	genMove_o size 1 result type 2 source type 1 hl_dead 1
   262  0008  0e00              	ld	c,0x00
   263                          ;	genAssign
   264                          ;	AOP_STK for _main_a_20000_2
   265                          ;	genMove_o size 1 result type 5 source type 1 hl_dead 1
   266  000a  dd36fc03          	ld	(ix-4),0x03
   267                          ;	genAssign
   268                          ;	AOP_STK for _main_b_20000_2
   269                          ;	genMove_o size 1 result type 5 source type 1 hl_dead 1
   270                          ;	genAssign
   271                          ;	AOP_STK for _main_c_20000_2
   272                          ;	genMove_o size 1 result type 5 source type 1 hl_dead 1
   273                          ;	genMult
   274                          ;	AOP_STK for _main_a_20000_2
   275                          ;	AOP_STK for _main_b_20000_2
   276  000e  dd36fd07          	ld	(ix-3),0x07
   277  0012  dd36fe05          	ld	(ix-2),0x05
   278  0016  1e07              	ld	e,0x07
   279                          ; peephole z88dk-414a
   280  0018  dd66fc            	ld	h,(ix-4)
   281  001b  2e00              	ld	l,0x00
   282  001d  55                	ld	d, l
   283  001e  0608              	ld	b,0x08
   284                          l_main_00291:
   285  0020  29                	add	hl, hl
   286  0021  3001              	jr	NC,l_main_00292
   287                          ; peephole 157 changed absolute to relative conditional jump.
   288  0023  19                	add	hl, de
   289                          l_main_00292:
   290  0024  10fa              	djnz	l_main_00291
   291                          ;	genMove_o size 1 result type 2 source type 2 hl_dead 1
   292  0026  5d                	ld	e, l
   293                          ;	genMove_o size 0 result type 2 source type 1 hl_dead 1
   294                          ;	genMult
   295                          ;	AOP_STK for _main_c_20000_2
   296  0027  dd66fe            	ld	h,(ix-2)
   297  002a  2e00              	ld	l,0x00
   298  002c  55                	ld	d, l
   299  002d  0608              	ld	b,0x08
   300                          l_main_00293:
   301  002f  29                	add	hl, hl
   302  0030  3001              	jr	NC,l_main_00294
   303                          ; peephole 157 changed absolute to relative conditional jump.
   304  0032  19                	add	hl, de
   305                          l_main_00294:
   306  0033  10fa              	djnz	l_main_00293
   307                          ;	genMove_o size 1 result type 2 source type 2 hl_dead 1
   308  0035  45                	ld	b, l
   309                          ;	genMove_o size 0 result type 2 source type 1 hl_dead 1
   310                          ;	genCmpEq
   311  0036  78                	ld	a, b
   312  0037  d669              	sub	a,0x69
   313                          ; peephole 62 removed jp by using inverse jump logic
   314                          ; peephole 149 removed unused label l_main_00295$.
   315  0039  2002              	jr	NZ,l_main_00102
   316                          ; peephole 155 changed absolute to relative conditional jump.
   317                          ; peephole 63 removed jp by using inverse jump logic
   318                          ; peephole 149 removed unused label l_main_00296$.
   319                          ;	skipping generated iCode
   320                          ;	genAssign
   321                          ;	genMove_o size 1 result type 2 source type 1 hl_dead 1
   322  003b  0e01              	ld	c,0x01
   323                          ;	genLabel
   324                          l_main_00102:
   325                          ;	genAssign
   326                          ;	AOP_STK for _main_a_20000_3
   327                          ;	genMove_o size 1 result type 5 source type 1 hl_dead 1
   328  003d  dd36fbfd          	ld	(ix-5),0xfd
   329                          ;	genAssign
   330                          ;	AOP_STK for _main_b_20000_3
   331                          ;	genMove_o size 1 result type 5 source type 1 hl_dead 1
   332  0041  dd36fc0a          	ld	(ix-4),0x0a
   333                          ;	genAssign
   334                          ;	AOP_STK for _main_c_20000_3
   335                          ;	genMove_o size 1 result type 5 source type 1 hl_dead 1
   336  0045  dd36fdc8          	ld	(ix-3),0xc8
   337                          ;	genAssign
   338                          ;	AOP_STK for _main_d_20000_3
   339                          ;	genMove_o size 1 result type 5 source type 1 hl_dead 1
   340  0049  dd36fe07          	ld	(ix-2),0x07
   341                          ;	genSend
   342                          ;	AOP_STK for _main_b_20000_3
   343  004d  c5                	push	bc
   344                          ;	genMove_o size 1 result type 2 source type 5 hl_dead 1
   345  004e  dd6efc            	ld	l,(ix-4)
   346                          ;	genMove_o size 0 result type 2 source type 1 hl_dead 1
   347                          ;	genSend
   348                          ;	AOP_STK for _main_a_20000_3
   349                          ;	genMove_o size 1 result type 2 source type 5 hl_dead 0
   350  0051  dd7efb            	ld	a,(ix-5)
   351                          ;	genMove_o size 0 result type 2 source type 1 hl_dead 0
   352                          ;	genCall
   353  0054  cd0000            	call	__divuchar
   354                          ;	genMove_o size 1 result type 2 source type 2 hl_dead 1
   355  0057  7b                	ld	a, e
   356                          ;	genMove_o size 0 result type 2 source type 1 hl_dead 1
   357  0058  c1                	pop	bc
   358                          ;	genCmpEq
   359  0059  d619              	sub	a,0x19
   360                          ; peephole 62 removed jp by using inverse jump logic
   361                          ; peephole 149 removed unused label l_main_00297$.
   362  005b  2032              	jr	NZ,l_main_00104
   363                          ; peephole 155 changed absolute to relative conditional jump.
   364                          ; peephole 63 removed jp by using inverse jump logic
   365                          ; peephole 149 removed unused label l_main_00298$.
   366                          ;	skipping generated iCode
   367                          ;	genSend
   368                          ;	AOP_STK for _main_b_20000_3
   369  005d  c5                	push	bc
   370                          ;	genMove_o size 1 result type 2 source type 5 hl_dead 1
   371  005e  dd6efc            	ld	l,(ix-4)
   372                          ;	genMove_o size 0 result type 2 source type 1 hl_dead 1
   373                          ;	genSend
   374                          ;	AOP_STK for _main_a_20000_3
   375                          ;	genMove_o size 1 result type 2 source type 5 hl_dead 0
   376  0061  dd7efb            	ld	a,(ix-5)
   377                          ;	genMove_o size 0 result type 2 source type 1 hl_dead 0
   378                          ;	genCall
   379  0064  cd0000            	call	__moduchar
   380                          ;	genMove_o size 1 result type 2 source type 2 hl_dead 1
   381  0067  7b                	ld	a, e
   382                          ;	genMove_o size 0 result type 2 source type 1 hl_dead 1
   383  0068  c1                	pop	bc
   384                          ;	genCmpEq
   385  0069  d603              	sub	a,0x03
   386                          ; peephole 62 removed jp by using inverse jump logic
   387                          ; peephole 149 removed unused label l_main_00299$.
   388  006b  2022              	jr	NZ,l_main_00104
   389                          ; peephole 155 changed absolute to relative conditional jump.
   390                          ; peephole 63 removed jp by using inverse jump logic
   391                          ; peephole 149 removed unused label l_main_00300$.
   392                          ;	skipping generated iCode
   393                          ;	genSend
   394                          ;	AOP_STK for _main_d_20000_3
   395  006d  c5                	push	bc
   396                          ;	genMove_o size 1 result type 2 source type 5 hl_dead 1
   397  006e  dd6efe            	ld	l,(ix-2)
   398                          ;	genMove_o size 0 result type 2 source type 1 hl_dead 1
   399                          ;	genSend
   400                          ;	AOP_STK for _main_c_20000_3
   401                          ;	genMove_o size 1 result type 2 source type 5 hl_dead 0
   402  0071  dd7efd            	ld	a,(ix-3)
   403                          ;	genMove_o size 0 result type 2 source type 1 hl_dead 0
   404                          ;	genCall
   405  0074  cd0000            	call	__divuchar
   406                          ;	genMove_o size 1 result type 2 source type 2 hl_dead 1
   407  0077  7b                	ld	a, e
   408                          ;	genMove_o size 0 result type 2 source type 1 hl_dead 1
   409  0078  c1                	pop	bc
   410                          ;	genCmpEq
   411  0079  d61c              	sub	a,0x1c
   412                          ; peephole 62 removed jp by using inverse jump logic
   413                          ; peephole 149 removed unused label l_main_00301$.
   414  007b  2012              	jr	NZ,l_main_00104
   415                          ; peephole 155 changed absolute to relative conditional jump.
   416                          ; peephole 63 removed jp by using inverse jump logic
   417                          ; peephole 149 removed unused label l_main_00302$.
   418                          ;	skipping generated iCode
   419                          ;	genSend
   420                          ;	AOP_STK for _main_d_20000_3
   421  007d  c5                	push	bc
   422                          ;	genMove_o size 1 result type 2 source type 5 hl_dead 1
   423  007e  dd6efe            	ld	l,(ix-2)
   424                          ;	genMove_o size 0 result type 2 source type 1 hl_dead 1
   425                          ;	genSend
   426                          ;	AOP_STK for _main_c_20000_3
   427                          ;	genMove_o size 1 result type 2 source type 5 hl_dead 0
   428  0081  dd7efd            	ld	a,(ix-3)
   429                          ;	genMove_o size 0 result type 2 source type 1 hl_dead 0
   430                          ;	genCall
   431  0084  cd0000            	call	__moduchar
   432                          ;	genMove_o size 1 result type 2 source type 2 hl_dead 1
   433  0087  7b                	ld	a, e
   434                          ;	genMove_o size 0 result type 2 source type 1 hl_dead 1
   435  0088  c1                	pop	bc
   436                          ;	genCmpEq
   437  0089  d604              	sub	a,0x04
   438                          ; peephole 62 removed jp by using inverse jump logic
   439                          ; peephole 149 removed unused label l_main_00303$.
   440  008b  2002              	jr	NZ,l_main_00104
   441                          ; peephole 155 changed absolute to relative conditional jump.
   442                          ; peephole 63 removed jp by using inverse jump logic
   443                          ; peephole 149 removed unused label l_main_00304$.
   444                          ;	skipping generated iCode
   445                          ;	genCast
   446                          ;	(locations are the same)
   447                          ;	genOr
   448  008d  cbc9              	set	1, c
   449                          ;	genCast
   450                          ;	(locations are the same)
   451                          ;	genCast
   452                          ;	(locations are the same)
   453                          ;	genLabel
   454                          l_main_00104:
   455                          ;	genAssign
   456                          ;	AOP_STK for _main_a_20000_4
   457                          ;	genMove_o size 1 result type 5 source type 1 hl_dead 1
   458  008f  dd36f9ce          	ld	(ix-7),0xce
   459                          ;	genAssign
   460                          ;	AOP_STK for _main_b_20000_4
   461                          ;	genMove_o size 1 result type 5 source type 1 hl_dead 1
   462  0093  dd36fa1e          	ld	(ix-6),0x1e
   463                          ;	genAssign
   464                          ;	AOP_STK for _main_c_20000_4
   465                          ;	genMove_o size 1 result type 5 source type 1 hl_dead 1
   466  0097  dd36fbf6          	ld	(ix-5),0xf6
   467                          ;	genAssign
   468                          ;	AOP_STK for _main_d_20000_4
   469                          ;	genMove_o size 1 result type 5 source type 1 hl_dead 1
   470  009b  dd36fcfb          	ld	(ix-4),0xfb
   471                          ;	genAssign
   472                          ;	AOP_STK for _main_e_20000_4
   473                          ;	genMove_o size 1 result type 5 source type 1 hl_dead 1
   474  009f  dd36fd9c          	ld	(ix-3),0x9c
   475                          ;	genAssign
   476                          ;	AOP_STK for _main_f_20000_4
   477                          ;	genMove_o size 1 result type 5 source type 1 hl_dead 1
   478  00a3  dd36fe03          	ld	(ix-2),0x03
   479                          ;	genPlus
   480                          ;	AOP_STK for _main_a_20000_4
   481                          ;	AOP_STK for _main_b_20000_4
   482                          ;	AOP_STK for _main_sloc0_1_0
   483  00a7  dd7ef9            	ld	a,(ix-7)
   484  00aa  dd86fa            	add	a,(ix-6)
   485  00ad  dd77ff            	ld	(ix-1),a
   486                          ;	genMult
   487                          ;	AOP_STK for _main_c_20000_4
   488                          ;	AOP_STK for _main_d_20000_4
   489  00b0  dd5efc            	ld	e,(ix-4)
   490  00b3  dd66fb            	ld	h,(ix-5)
   491  00b6  2e00              	ld	l,0x00
   492  00b8  55                	ld	d, l
   493  00b9  0608              	ld	b,0x08
   494                          l_main_00305:
   495  00bb  29                	add	hl, hl
   496  00bc  3001              	jr	NC,l_main_00306
   497                          ; peephole 157 changed absolute to relative conditional jump.
   498  00be  19                	add	hl, de
   499                          l_main_00306:
   500  00bf  10fa              	djnz	l_main_00305
   501                          ;	genMove_o size 1 result type 2 source type 2 hl_dead 1
   502  00c1  45                	ld	b, l
   503                          ;	genMove_o size 0 result type 2 source type 1 hl_dead 1
   504                          ;	genSend
   505                          ;	AOP_STK for _main_f_20000_4
   506  00c2  c5                	push	bc
   507                          ;	genMove_o size 1 result type 2 source type 5 hl_dead 1
   508  00c3  dd6efe            	ld	l,(ix-2)
   509                          ;	genMove_o size 0 result type 2 source type 1 hl_dead 1
   510                          ;	genSend
   511                          ;	AOP_STK for _main_e_20000_4
   512                          ;	genMove_o size 1 result type 2 source type 5 hl_dead 0
   513  00c6  dd7efd            	ld	a,(ix-3)
   514                          ;	genMove_o size 0 result type 2 source type 1 hl_dead 0
   515                          ;	genCall
   516  00c9  cd0000            	call	__divschar
   517                          ;	genMove_o size 1 result type 2 source type 2 hl_dead 1
   518  00cc  c1                	pop	bc
   519                          ;	genCmpEq
   520                          ;	AOP_STK for _main_sloc0_1_0
   521  00cd  dd7eff            	ld	a,(ix-1)
   522  00d0  d6ec              	sub	a,0xec
   523                          ; peephole 62 removed jp by using inverse jump logic
   524                          ; peephole 149 removed unused label l_main_00307$.
   525  00d2  200c              	jr	NZ,l_main_00109
   526                          ; peephole 155 changed absolute to relative conditional jump.
   527                          ; peephole 63 removed jp by using inverse jump logic
   528                          ; peephole 149 removed unused label l_main_00308$.
   529                          ;	skipping generated iCode
   530                          ;	genCmpEq
   531  00d4  78                	ld	a, b
   532  00d5  d632              	sub	a,0x32
   533                          ; peephole 62 removed jp by using inverse jump logic
   534                          ; peephole 149 removed unused label l_main_00309$.
   535  00d7  2007              	jr	NZ,l_main_00109
   536                          ; peephole 155 changed absolute to relative conditional jump.
   537                          ; peephole 63 removed jp by using inverse jump logic
   538                          ; peephole 149 removed unused label l_main_00310$.
   539                          ;	skipping generated iCode
   540                          ;	genCmpEq
   541  00d9  7b                	ld	a, e
   542  00da  d6df              	sub	a,0xdf
   543                          ; peephole 62 removed jp by using inverse jump logic
   544                          ; peephole 149 removed unused label l_main_00311$.
   545  00dc  2002              	jr	NZ,l_main_00109
   546                          ; peephole 155 changed absolute to relative conditional jump.
   547                          ; peephole 63 removed jp by using inverse jump logic
   548                          ; peephole 149 removed unused label l_main_00312$.
   549                          ;	skipping generated iCode
   550                          ;	genCast
   551                          ;	(locations are the same)
   552                          ;	genOr
   553  00de  cbd1              	set	2, c
   554                          ;	genCast
   555                          ;	(locations are the same)
   556                          ;	genCast
   557                          ;	(locations are the same)
   558                          ;	genLabel
   559                          l_main_00109:
   560                          ;	genAssign
   561                          ;	AOP_STK for _main_val_20000_5
   562                          ;	genMove_o size 1 result type 5 source type 1 hl_dead 1
   563                          ;	genAssign
   564                          ;	AOP_STK for _main_val_20000_5
   565                          ;	genMove_o size 1 result type 2 source type 5 hl_dead 1
   566                          ; peephole 34 loaded b from #0xa5 instead of going through -2 (ix).
   567  00e0  06a5              	ld	b,0xa5
   568  00e2  dd70fe            	ld	(ix-2),b
   569                          ; peephole z88dk-404a
   570                          ;	genMove_o size 0 result type 2 source type 1 hl_dead 1
   571                          ;	genAssign
   572                          ;	genMove_o size 1 result type 2 source type 1 hl_dead 1
   573  00e5  1e00              	ld	e,0x00
   574                          ;	genLabel
   575                          l_main_00112:
   576                          ;	genIfx
   577                          ;	genCast
   578                          ;	genMove_o size 1 result type 2 source type 2 hl_dead 1
   579  00e7  78                	ld	a,b
   580  00e8  b7                	or	a, a
   581  00e9  2808              	jr	Z,l_main_00114
   582                          ; peephole 154 changed absolute to relative conditional jump.
   583                          ; peephole z88dk-337b
   584                          ;	genMove_o size 0 result type 2 source type 1 hl_dead 1
   585                          ;	genAnd
   586  00eb  e601              	and	a,0x01
   587                          ;	genMove_o size 1 result type 2 source type 2 hl_dead 1
   588                          ;	genCast
   589                          ;	(locations are the same)
   590                          ;	genPlus
   591  00ed  83                	add	a, e
   592  00ee  5f                	ld	e, a
   593                          ;	genRightShift
   594  00ef  cb38              	srl	b
   595                          ;	genGoto
   596  00f1  18f4              	jr	l_main_00112
   597                          ; peephole 153 changed absolute to relative unconditional jump.
   598                          ;	genLabel
   599                          l_main_00114:
   600                          ;	genLeftShift
   601                          ;	AOP_STK for _main_val_20000_5
   602  00f3  dd7efe            	ld	a,(ix-2)
   603  00f6  87                	add	a, a
   604  00f7  87                	add	a, a
   605  00f8  87                	add	a, a
   606  00f9  47                	ld	b, a
   607                          ;	genRightShift
   608                          ;	AOP_STK for _main_val_20000_5
   609  00fa  dd7efe            	ld	a,(ix-2)
   610  00fd  07                	rlca
   611  00fe  07                	rlca
   612  00ff  07                	rlca
   613  0100  e607              	and	a,0x07
   614                          ;	genOr
   615  0102  b0                	or	a, b
   616                          ;	genMove_o size 1 result type 2 source type 2 hl_dead 1
   617  0103  47                	ld	b, a
   618                          ;	genMove_o size 0 result type 2 source type 1 hl_dead 1
   619                          ;	genCmpEq
   620  0104  7b                	ld	a, e
   621  0105  d604              	sub	a,0x04
   622                          ; peephole 62 removed jp by using inverse jump logic
   623                          ; peephole 149 removed unused label l_main_00313$.
   624  0107  2007              	jr	NZ,l_main_00116
   625                          ; peephole 155 changed absolute to relative conditional jump.
   626                          ; peephole 63 removed jp by using inverse jump logic
   627                          ; peephole 149 removed unused label l_main_00314$.
   628                          ;	skipping generated iCode
   629                          ;	genCmpEq
   630  0109  78                	ld	a, b
   631  010a  d62d              	sub	a,0x2d
   632                          ; peephole 62 removed jp by using inverse jump logic
   633                          ; peephole 149 removed unused label l_main_00315$.
   634  010c  2002              	jr	NZ,l_main_00116
   635                          ; peephole 155 changed absolute to relative conditional jump.
   636                          ; peephole 63 removed jp by using inverse jump logic
   637                          ; peephole 149 removed unused label l_main_00316$.
   638                          ;	skipping generated iCode
   639                          ;	genCast
   640                          ;	(locations are the same)
   641                          ;	genOr
   642  010e  cbd9              	set	3, c
   643                          ;	genCast
   644                          ;	(locations are the same)
   645                          ;	genCast
   646                          ;	(locations are the same)
   647                          ;	genLabel
   648                          l_main_00116:
   649                          ;	genAssign
   650                          ;	AOP_STK for _main_a_20000_8
   651                          ;	genMove_o size 1 result type 5 source type 1 hl_dead 1
   652                          ;	genAssign
   653                          ;	AOP_STK for _main_b_20000_8
   654                          ;	genMove_o size 1 result type 5 source type 1 hl_dead 1
   655                          ;	genXor
   656                          ;	AOP_STK for _main_a_20000_8
   657                          ;	AOP_STK for _main_b_20000_8
   658  0110  dd36fdac          	ld	(ix-3),0xac
   659  0114  dd36fe53          	ld	(ix-2),0x53
   660  0118  3eac              	ld	a,0xac
   661                          ; peephole z88dk-414a
   662  011a  ddaefe            	xor	a,(ix-2)
   663                          ;	genMove_o size 1 result type 2 source type 2 hl_dead 1
   664  011d  57                	ld	d, a
   665                          ;	genMove_o size 0 result type 2 source type 1 hl_dead 1
   666                          ;	genAnd
   667                          ;	AOP_STK for _main_a_20000_8
   668                          ;	AOP_STK for _main_b_20000_8
   669  011e  dd7efd            	ld	a,(ix-3)
   670  0121  dda6fe            	and	a,(ix-2)
   671                          ;	genMove_o size 1 result type 2 source type 2 hl_dead 1
   672  0124  47                	ld	b, a
   673                          ;	genMove_o size 0 result type 2 source type 1 hl_dead 1
   674                          ;	genOr
   675                          ;	AOP_STK for _main_a_20000_8
   676                          ;	AOP_STK for _main_b_20000_8
   677                          ;	genMove_o size 1 result type 2 source type 5 hl_dead 1
   678                          ;	genMove_o size 0 result type 2 source type 1 hl_dead 1
   679                          ; peephole 11 loaded -3 (ix) into a directly instead of going through e.
   680  0125  dd7efd            	ld	a,(ix-3)
   681  0128  ddb6fe            	or	a,(ix-2)
   682                          ;	genMove_o size 1 result type 2 source type 2 hl_dead 1
   683  012b  5f                	ld	e, a
   684                          ;	genMove_o size 0 result type 2 source type 1 hl_dead 1
   685                          ;	genCmpEq
   686  012c  14                	inc	d
   687                          ; peephole 62 removed jp by using inverse jump logic
   688                          ; peephole 149 removed unused label l_main_00317$.
   689  012d  2009              	jr	NZ,l_main_00119
   690                          ; peephole 155 changed absolute to relative conditional jump.
   691                          ; peephole 63 removed jp by using inverse jump logic
   692                          ; peephole 149 removed unused label l_main_00318$.
   693                          ;	skipping generated iCode
   694                          ;	genIfx
   695  012f  78                	ld	a, b
   696  0130  b7                	or	a, a
   697  0131  2005              	jr	NZ,l_main_00119
   698                          ; peephole 155 changed absolute to relative conditional jump.
   699                          ;	genCmpEq
   700  0133  1c                	inc	e
   701                          ; peephole 62 removed jp by using inverse jump logic
   702                          ; peephole 149 removed unused label l_main_00319$.
   703  0134  2002              	jr	NZ,l_main_00119
   704                          ; peephole 155 changed absolute to relative conditional jump.
   705                          ; peephole 63 removed jp by using inverse jump logic
   706                          ; peephole 149 removed unused label l_main_00320$.
   707                          ;	skipping generated iCode
   708                          ;	genCast
   709                          ;	(locations are the same)
   710                          ;	genOr
   711  0136  cbe1              	set	4, c
   712                          ;	genCast
   713                          ;	(locations are the same)
   714                          ;	genCast
   715                          ;	(locations are the same)
   716                          ;	genLabel
   717                          l_main_00119:
   718                          ;	genAssign
   719                          ;	AOP_STK for _main_a_20000_9
   720                          ;	genMove_o size 1 result type 5 source type 1 hl_dead 1
   721  0138  dd36fa64          	ld	(ix-6),0x64
   722                          ;	genAssign
   723                          ;	AOP_STK for _main_b_20000_9
   724                          ;	genMove_o size 1 result type 5 source type 1 hl_dead 1
   725  013c  dd36fb37          	ld	(ix-5),0x37
   726                          ;	genAssign
   727                          ;	AOP_STK for _main_c_20000_9
   728                          ;	genMove_o size 1 result type 5 source type 1 hl_dead 1
   729  0140  dd36fc17          	ld	(ix-4),0x17
   730                          ;	genAssign
   731                          ;	AOP_STK for _main_d_20000_9
   732                          ;	genMove_o size 1 result type 5 source type 1 hl_dead 1
   733  0144  dd36fd11          	ld	(ix-3),0x11
   734                          ;	genAssign
   735                          ;	AOP_STK for _main_e_20000_9
   736                          ;	genMove_o size 1 result type 5 source type 1 hl_dead 1
   737  0148  dd36fe31          	ld	(ix-2),0x31
   738                          ;	genPlus
   739                          ;	AOP_STK for _main_a_20000_9
   740                          ;	AOP_STK for _main_b_20000_9
   741  014c  dd7efa            	ld	a,(ix-6)
   742  014f  dd86fb            	add	a,(ix-5)
   743                          ;	genMinus
   744                          ;	AOP_STK for _main_c_20000_9
   745  0152  dd96fc            	sub	a,(ix-4)
   746                          ;	genPlus
   747                          ;	AOP_STK for _main_d_20000_9
   748  0155  dd86fd            	add	a,(ix-3)
   749                          ;	genMinus
   750                          ;	AOP_STK for _main_e_20000_9
   751  0158  dd96fe            	sub	a,(ix-2)
   752                          ;	genCmpEq
   753  015b  d664              	sub	a,0x64
   754                          ; peephole 62 removed jp by using inverse jump logic
   755                          ; peephole 149 removed unused label l_main_00321$.
   756  015d  2002              	jr	NZ,l_main_00123
   757                          ; peephole 155 changed absolute to relative conditional jump.
   758                          ; peephole 63 removed jp by using inverse jump logic
   759                          ; peephole 149 removed unused label l_main_00322$.
   760                          ;	skipping generated iCode
   761                          ;	genCast
   762                          ;	(locations are the same)
   763                          ;	genOr
   764  015f  cbe9              	set	5, c
   765                          ;	genCast
   766                          ;	(locations are the same)
   767                          ;	genCast
   768                          ;	(locations are the same)
   769                          ;	genLabel
   770                          l_main_00123:
   771                          ;	skipping iCode since result will be rematerialized
   772                          ;	genPointerSet
   773                          ;	genMove_o size 1 result type 5 source type 1 hl_dead 1
   774  0161  dd36fb0a          	ld	(ix-5),0x0a
   775                          ;	skipping iCode since result will be rematerialized
   776                          ;	genPointerSet
   777                          ;	genMove_o size 1 result type 5 source type 1 hl_dead 1
   778  0165  dd36fc14          	ld	(ix-4),0x14
   779                          ;	skipping iCode since result will be rematerialized
   780                          ;	genPointerSet
   781                          ;	genMove_o size 1 result type 5 source type 1 hl_dead 1
   782  0169  dd36fd1e          	ld	(ix-3),0x1e
   783                          ;	skipping iCode since result will be rematerialized
   784                          ;	genPointerSet
   785                          ;	genMove_o size 1 result type 5 source type 1 hl_dead 1
   786  016d  dd36fe28          	ld	(ix-2),0x28
   787                          ;	genAssign
   788                          ;	genMove_o size 1 result type 2 source type 1 hl_dead 1
   789                          ;	genAssign
   790                          ;	genMove_o size 1 result type 2 source type 1 hl_dead 1
   791  0171  0600              	ld	b,0x00
   792  0173  58                	ld	e,b
   793                          ; peephole z88dk-606an2
   794                          ;	genLabel
   795                          l_main_00132:
   796                          ;	skipping iCode since result will be rematerialized
   797                          ;	genPlus
   798  0174  d5                	push	de
   799                          ;	genMove_o size 2 result type 2 source type 2 hl_dead 1
   800                          ;	genMove_o size 1 result type 2 source type 1 hl_dead 1
   801  0175  1600              	ld	d,0x00
   802                          ;	genMove_o size 2 result type 2 source type 7 hl_dead 1
   803  0177  210400            	ld	hl,4
   804  017a  39                	add	hl, sp
   805                          ;	genMove_o size 2 result type 2 source type 2 hl_dead 1
   806  017b  19                	add	hl, de
   807  017c  d1                	pop	de
   808                          ;	genMove_o size 2 result type 2 source type 2 hl_dead 1
   809                          ;	genPointerGet
   810  017d  7e                	ld	a, (hl)
   811                          ;	genCmpGt
   812  017e  fe10              	cp	a,0x10
   813  0180  380c              	jr	C,l_main_00133
   814                          ; peephole 156 changed absolute to relative conditional jump.
   815                          ;	skipping generated iCode
   816                          ;	skipping iCode since result will be rematerialized
   817                          ;	genPlus
   818  0182  d5                	push	de
   819                          ;	genMove_o size 2 result type 2 source type 2 hl_dead 1
   820                          ;	genMove_o size 1 result type 2 source type 1 hl_dead 1
   821  0183  1600              	ld	d,0x00
   822                          ;	genMove_o size 2 result type 2 source type 7 hl_dead 1
   823  0185  210400            	ld	hl,4
   824  0188  39                	add	hl, sp
   825                          ;	genMove_o size 2 result type 2 source type 2 hl_dead 1
   826  0189  19                	add	hl, de
   827  018a  d1                	pop	de
   828                          ;	genMove_o size 2 result type 2 source type 2 hl_dead 1
   829                          ;	genPointerGet
   830  018b  7e                	ld	a, (hl)
   831                          ;	genPlus
   832  018c  80                	add	a, b
   833  018d  47                	ld	b, a
   834                          ;	genLabel
   835                          l_main_00133:
   836                          ;	genPlus
   837  018e  1c                	inc	e
   838                          ;	genCmpLt
   839  018f  7b                	ld	a, e
   840  0190  d604              	sub	a,0x04
   841  0192  38e0              	jr	C,l_main_00132
   842                          ; peephole 156 changed absolute to relative conditional jump.
   843                          ;	skipping generated iCode
   844                          ;	genCmpEq
   845  0194  78                	ld	a, b
   846  0195  d65a              	sub	a,0x5a
   847                          ; peephole 62 removed jp by using inverse jump logic
   848                          ; peephole 149 removed unused label l_main_00323$.
   849  0197  2002              	jr	NZ,l_main_00128
   850                          ; peephole 155 changed absolute to relative conditional jump.
   851                          ; peephole 63 removed jp by using inverse jump logic
   852                          ; peephole 149 removed unused label l_main_00324$.
   853                          ;	skipping generated iCode
   854                          ;	genCast
   855                          ;	(locations are the same)
   856                          ;	genOr
   857  0199  cbf1              	set	6, c
   858                          ;	genCast
   859                          ;	(locations are the same)
   860                          ;	genCast
   861                          ;	(locations are the same)
   862                          ;	genLabel
   863                          l_main_00128:
   864                          ;	genAssign
   865                          ;	AOP_STK for _main_a_20000_14
   866                          ;	genMove_o size 1 result type 5 source type 1 hl_dead 1
   867  019b  dd36fcfa          	ld	(ix-4),0xfa
   868                          ;	genAssign
   869                          ;	AOP_STK for _main_b_20000_14
   870                          ;	genMove_o size 1 result type 5 source type 1 hl_dead 1
   871  019f  dd36fd0a          	ld	(ix-3),0x0a
   872                          ;	genAssign
   873                          ;	AOP_STK for _main_c_20000_14
   874                          ;	genMove_o size 1 result type 5 source type 1 hl_dead 1
   875  01a3  dd36fe03          	ld	(ix-2),0x03
   876                          ;	genPlus
   877                          ;	AOP_STK for _main_a_20000_14
   878                          ;	AOP_STK for _main_b_20000_14
   879  01a7  dd7efc            	ld	a,(ix-4)
   880  01aa  dd86fd            	add	a,(ix-3)
   881  01ad  47                	ld	b, a
   882                          ;	genMinus
   883                          ;	AOP_STK for _main_c_20000_14
   884                          ;	AOP_STK for _main_b_20000_14
   885  01ae  dd7efe            	ld	a,(ix-2)
   886  01b1  dd96fd            	sub	a,(ix-3)
   887  01b4  5f                	ld	e, a
   888                          ;	genCmpEq
   889  01b5  78                	ld	a, b
   890  01b6  d604              	sub	a,0x04
   891                          ; peephole 62 removed jp by using inverse jump logic
   892                          ; peephole 149 removed unused label l_main_00325$.
   893  01b8  2007              	jr	NZ,l_main_00130
   894                          ; peephole 155 changed absolute to relative conditional jump.
   895                          ; peephole 63 removed jp by using inverse jump logic
   896                          ; peephole 149 removed unused label l_main_00326$.
   897                          ;	skipping generated iCode
   898                          ;	genCmpEq
   899  01ba  7b                	ld	a, e
   900  01bb  d6f9              	sub	a,0xf9
   901                          ; peephole 62 removed jp by using inverse jump logic
   902                          ; peephole 149 removed unused label l_main_00327$.
   903  01bd  2002              	jr	NZ,l_main_00130
   904                          ; peephole 155 changed absolute to relative conditional jump.
   905                          ; peephole 63 removed jp by using inverse jump logic
   906                          ; peephole 149 removed unused label l_main_00328$.
   907                          ;	skipping generated iCode
   908                          ;	genCast
   909                          ;	(locations are the same)
   910                          ;	genOr
   911  01bf  cbf9              	set	7, c
   912                          ;	genCast
   913                          ;	(locations are the same)
   914                          ;	genCast
   915                          ;	(locations are the same)
   916                          ;	genLabel
   917                          l_main_00130:
   918                          ;	genCast
   919                          ;	genMove_o size 1 result type 2 source type 2 hl_dead 1
   920                          ;	genMove_o size 1 result type 2 source type 1 hl_dead 1
   921  01c1  1600              	ld	d,0x00
   922                          ;	genRet
   923                          ;	genMove_o size 2 result type 2 source type 2 hl_dead 1
   924  01c3  59                	ld	e, c
   925                          ;	genMove_o size 0 result type 2 source type 1 hl_dead 1
   926                          ;	genLabel
   927                          ; peephole 149 removed unused label l_main_00134$.
   928                          ;	genEndFunction
   929  01c4  ddf9              	ld	sp, ix
   930  01c6  dde1              	pop	ix
   931  01c8  c9                	ret
   932                          ;	Total main function size at codegen: 96 bytes.
   933                          	SECTION IGNORE
   934                          
