/tmp/tmpXXcOommO.asm:
     1                          MODULE bench_i32_arith_c
     2                          LINE 0, "/work/programs/bench_i32_arith.c"
/work/programs/bench_i32_arith.c:
                                
     1                          ;--------------------------------------------------------
     2                          ; File Created by SDCC : free open source ISO C Compiler
     3                          ; Version 4.5.0 #15242 (Linux)
     4                          ;--------------------------------------------------------
     5                          ; Processed by Z88DK
     6                          ;--------------------------------------------------------
     7                          
     8                          	EXTERN __divschar
     9                          	EXTERN __divschar_callee
    10                          	EXTERN __divsint
    11                          	EXTERN __divsint_callee
    12                          	EXTERN __divslong
    13                          	EXTERN __divslong_callee
    14                          	EXTERN __divslonglong
    15                          	EXTERN __divslonglong_callee
    16                          	EXTERN __divsuchar
    17                          	EXTERN __divsuchar_callee
    18                          	EXTERN __divuchar
    19                          	EXTERN __divuchar_callee
    20                          	EXTERN __divuint
    21                          	EXTERN __divuint_callee
    22                          	EXTERN __divulong
    23                          	EXTERN __divulong_callee
    24                          	EXTERN __divulonglong
    25                          	EXTERN __divulonglong_callee
    26                          	EXTERN __divuschar
    27                          	EXTERN __divuschar_callee
    28                          	EXTERN __modschar
    29                          	EXTERN __modschar_callee
    30                          	EXTERN __modsint
    31                          	EXTERN __modsint_callee
    32                          	EXTERN __modslong
    33                          	EXTERN __modslong_callee
    34                          	EXTERN __modslonglong
    35                          	EXTERN __modslonglong_callee
    36                          	EXTERN __modsuchar
    37                          	EXTERN __modsuchar_callee
    38                          	EXTERN __moduchar
    39                          	EXTERN __moduchar_callee
    40                          	EXTERN __moduint
    41                          	EXTERN __moduint_callee
    42                          	EXTERN __modulong
    43                          	EXTERN __modulong_callee
    44                          	EXTERN __modulonglong
    45                          	EXTERN __modulonglong_callee
    46                          	EXTERN __moduschar
    47                          	EXTERN __moduschar_callee
    48                          	EXTERN __mulint
    49                          	EXTERN __mulint_callee
    50                          	EXTERN __mullong
    51                          	EXTERN __mullong_callee
    52                          	EXTERN __mullonglong
    53                          	EXTERN __mullonglong_callee
    54                          	EXTERN __mulschar
    55                          	EXTERN __mulschar_callee
    56                          	EXTERN __mulsuchar
    57                          	EXTERN __mulsuchar_callee
    58                          	EXTERN __muluchar
    59                          	EXTERN __muluchar_callee
    60                          	EXTERN __muluschar
    61                          	EXTERN __muluschar_callee
    62                          	EXTERN __rlslonglong
    63                          	EXTERN __rlslonglong_callee
    64                          	EXTERN __rlulonglong
    65                          	EXTERN __rlulonglong_callee
    66                          	EXTERN __rrslonglong
    67                          	EXTERN __rrslonglong_callee
    68                          	EXTERN __rrulonglong
    69                          	EXTERN __rrulonglong_callee
    70                          	EXTERN ___mulsint2slong
    71                          	EXTERN ___mulsint2slong_callee
    72                          	EXTERN ___muluint2ulong
    73                          	EXTERN ___muluint2ulong_callee
    74                          	EXTERN ___sdcc_call_hl
    75                          	EXTERN ___sdcc_call_iy
    76                          	EXTERN ___sdcc_enter_ix
    77                          	EXTERN banked_call
    78                          	EXTERN _banked_ret
    79                          	EXTERN ___fs2schar
    80                          	EXTERN ___fs2schar_callee
    81                          	EXTERN ___fs2sint
    82                          	EXTERN ___fs2sint_callee
    83                          	EXTERN ___fs2slong
    84                          	EXTERN ___fs2slong_callee
    85                          	EXTERN ___fs2slonglong
    86                          	EXTERN ___fs2slonglong_callee
    87                          	EXTERN ___fs2uchar
    88                          	EXTERN ___fs2uchar_callee
    89                          	EXTERN ___fs2uint
    90                          	EXTERN ___fs2uint_callee
    91                          	EXTERN ___fs2ulong
    92                          	EXTERN ___fs2ulong_callee
    93                          	EXTERN ___fs2ulonglong
    94                          	EXTERN ___fs2ulonglong_callee
    95                          	EXTERN ___fsadd
    96                          	EXTERN ___fsadd_callee
    97                          	EXTERN ___fsdiv
    98                          	EXTERN ___fsdiv_callee
    99                          	EXTERN ___fseq
   100                          	EXTERN ___fseq_callee
   101                          	EXTERN ___fsgt
   102                          	EXTERN ___fsgt_callee
   103                          	EXTERN ___fslt
   104                          	EXTERN ___fslt_callee
   105                          	EXTERN ___fsmul
   106                          	EXTERN ___fsmul_callee
   107                          	EXTERN ___fsneq
   108                          	EXTERN ___fsneq_callee
   109                          	EXTERN ___fssub
   110                          	EXTERN ___fssub_callee
   111                          	EXTERN ___schar2fs
   112                          	EXTERN ___schar2fs_callee
   113                          	EXTERN ___sint2fs
   114                          	EXTERN ___sint2fs_callee
   115                          	EXTERN ___slong2fs
   116                          	EXTERN ___slong2fs_callee
   117                          	EXTERN ___slonglong2fs
   118                          	EXTERN ___slonglong2fs_callee
   119                          	EXTERN ___uchar2fs
   120                          	EXTERN ___uchar2fs_callee
   121                          	EXTERN ___uint2fs
   122                          	EXTERN ___uint2fs_callee
   123                          	EXTERN ___ulong2fs
   124                          	EXTERN ___ulong2fs_callee
   125                          	EXTERN ___ulonglong2fs
   126                          	EXTERN ___ulonglong2fs_callee
   127                          	EXTERN ____sdcc_2_copy_src_mhl_dst_deix
   128                          	EXTERN ____sdcc_2_copy_src_mhl_dst_bcix
   129                          	EXTERN ____sdcc_4_copy_src_mhl_dst_deix
   130                          	EXTERN ____sdcc_4_copy_src_mhl_dst_bcix
   131                          	EXTERN ____sdcc_4_copy_src_mhl_dst_mbc
   132                          	EXTERN ____sdcc_4_ldi_nosave_bc
   133                          	EXTERN ____sdcc_4_ldi_save_bc
   134                          	EXTERN ____sdcc_4_push_hlix
   135                          	EXTERN ____sdcc_4_push_mhl
   136                          	EXTERN ____sdcc_lib_setmem_hl
   137                          	EXTERN ____sdcc_ll_add_de_bc_hl
   138                          	EXTERN ____sdcc_ll_add_de_bc_hlix
   139                          	EXTERN ____sdcc_ll_add_de_hlix_bc
   140                          	EXTERN ____sdcc_ll_add_de_hlix_bcix
   141                          	EXTERN ____sdcc_ll_add_deix_bc_hl
   142                          	EXTERN ____sdcc_ll_add_deix_hlix
   143                          	EXTERN ____sdcc_ll_add_hlix_bc_deix
   144                          	EXTERN ____sdcc_ll_add_hlix_deix_bc
   145                          	EXTERN ____sdcc_ll_add_hlix_deix_bcix
   146                          	EXTERN ____sdcc_ll_asr_hlix_a
   147                          	EXTERN ____sdcc_ll_asr_mbc_a
   148                          	EXTERN ____sdcc_ll_copy_src_de_dst_hlix
   149                          	EXTERN ____sdcc_ll_copy_src_de_dst_hlsp
   150                          	EXTERN ____sdcc_ll_copy_src_deix_dst_hl
   151                          	EXTERN ____sdcc_ll_copy_src_deix_dst_hlix
   152                          	EXTERN ____sdcc_ll_copy_src_deixm_dst_hlsp
   153                          	EXTERN ____sdcc_ll_copy_src_desp_dst_hlsp
   154                          	EXTERN ____sdcc_ll_copy_src_hl_dst_de
   155                          	EXTERN ____sdcc_ll_copy_src_hlsp_dst_de
   156                          	EXTERN ____sdcc_ll_copy_src_hlsp_dst_deixm
   157                          	EXTERN ____sdcc_ll_lsl_hlix_a
   158                          	EXTERN ____sdcc_ll_lsl_mbc_a
   159                          	EXTERN ____sdcc_ll_lsr_hlix_a
   160                          	EXTERN ____sdcc_ll_lsr_mbc_a
   161                          	EXTERN ____sdcc_ll_push_hlix
   162                          	EXTERN ____sdcc_ll_push_mhl
   163                          	EXTERN ____sdcc_ll_sub_de_bc_hl
   164                          	EXTERN ____sdcc_ll_sub_de_bc_hlix
   165                          	EXTERN ____sdcc_ll_sub_de_hlix_bc
   166                          	EXTERN ____sdcc_ll_sub_de_hlix_bcix
   167                          	EXTERN ____sdcc_ll_sub_deix_bc_hl
   168                          	EXTERN ____sdcc_ll_sub_deix_hlix
   169                          	EXTERN ____sdcc_ll_sub_hlix_bc_deix
   170                          	EXTERN ____sdcc_ll_sub_hlix_deix_bc
   171                          	EXTERN ____sdcc_ll_sub_hlix_deix_bcix
   172                          	EXTERN ____sdcc_load_debc_deix
   173                          	EXTERN ____sdcc_load_dehl_deix
   174                          	EXTERN ____sdcc_load_debc_mhl
   175                          	EXTERN ____sdcc_load_hlde_mhl
   176                          	EXTERN ____sdcc_store_dehl_bcix
   177                          	EXTERN ____sdcc_store_debc_hlix
   178                          	EXTERN ____sdcc_store_debc_mhl
   179                          	EXTERN ____sdcc_cpu_pop_ei
   180                          	EXTERN ____sdcc_cpu_pop_ei_jp
   181                          	EXTERN ____sdcc_cpu_push_di
   182                          	EXTERN ____sdcc_outi
   183                          	EXTERN ____sdcc_outi_128
   184                          	EXTERN ____sdcc_outi_256
   185                          	EXTERN ____sdcc_ldi
   186                          	EXTERN ____sdcc_ldi_128
   187                          	EXTERN ____sdcc_ldi_256
   188                          	EXTERN ____sdcc_4_copy_srcd_hlix_dst_deix
   189                          	EXTERN ____sdcc_4_and_src_mbc_mhl_dst_deix
   190                          	EXTERN ____sdcc_4_or_src_mbc_mhl_dst_deix
   191                          	EXTERN ____sdcc_4_xor_src_mbc_mhl_dst_deix
   192                          	EXTERN ____sdcc_4_or_src_dehl_dst_bcix
   193                          	EXTERN ____sdcc_4_xor_src_dehl_dst_bcix
   194                          	EXTERN ____sdcc_4_and_src_dehl_dst_bcix
   195                          	EXTERN ____sdcc_4_xor_src_mbc_mhl_dst_debc
   196                          	EXTERN ____sdcc_4_or_src_mbc_mhl_dst_debc
   197                          	EXTERN ____sdcc_4_and_src_mbc_mhl_dst_debc
   198                          	EXTERN ____sdcc_4_cpl_src_mhl_dst_debc
   199                          	EXTERN ____sdcc_4_xor_src_debc_mhl_dst_debc
   200                          	EXTERN ____sdcc_4_or_src_debc_mhl_dst_debc
   201                          	EXTERN ____sdcc_4_and_src_debc_mhl_dst_debc
   202                          	EXTERN ____sdcc_4_and_src_debc_hlix_dst_debc
   203                          	EXTERN ____sdcc_4_or_src_debc_hlix_dst_debc
   204                          	EXTERN ____sdcc_4_xor_src_debc_hlix_dst_debc
   205                          
   206                          ;--------------------------------------------------------
   207                          ; Public variables in this module
   208                          ;--------------------------------------------------------
   209                          	GLOBAL _main
   210                          ;--------------------------------------------------------
   211                          ; Externals used
   212                          ;--------------------------------------------------------
   213                          ;--------------------------------------------------------
   214                          ; special function registers
   215                          ;--------------------------------------------------------
   216                          ;--------------------------------------------------------
   217                          ; ram data
   218                          ;--------------------------------------------------------
   219                          	SECTION bss_compiler
   220                          ;--------------------------------------------------------
   221                          ; ram data
   222                          ;--------------------------------------------------------
   223                          
   224                          IF 0
   225                          
   226                          ; .area _INITIALIZED removed by z88dk
   227                          
   228                          
   229                          ENDIF
   230                          
   231                          ;--------------------------------------------------------
   232                          ; absolute external ram data
   233                          ;--------------------------------------------------------
   234                          	SECTION IGNORE
   235                          ;--------------------------------------------------------
   236                          ; global & static initialisations
   237                          ;--------------------------------------------------------
   238                          	SECTION code_crt_init
   239                          ;--------------------------------------------------------
   240                          ; Home
   241                          ;--------------------------------------------------------
   242                          	SECTION code_home
   243                          ;--------------------------------------------------------
   244                          ; code
   245                          ;--------------------------------------------------------
   246                          	SECTION code_compiler
   247                          ;	genLabel
   248                          ;	genFunction
   249                          ;	---------------------------------
   250                          ; Function main
   251                          ; ---------------------------------
   252                          ;	Register assignment might be sub-optimal.
   253                          ; Stack space usage: 29 bytes.
   254                          _main:
   255  0000  cd0000            	call	___sdcc_enter_ix
   256                          ;	adjustStack by -29
   257  0003  21e3ff            	ld	hl, -29
   258  0006  39                	add	hl, sp
   259  0007  f9                	ld	sp, hl
   260                          ;	genAssign
   261                          ;	AOP_STK for _main_sloc0_1_0
   262                          ;	genMove_o size 1 result type 5 source type 1 hl_dead 1
   263  0008  dd36f700          	ld	(ix-9),0x00
   264                          ;	genAssign
   265                          ;	AOP_STK for _main_a_20000_2
   266                          ;	genMove_o size 4 result type 5 source type 1 hl_dead 1
   267  000c  dd36ef39          	ld	(ix-17),0x39
   268  0010  dd36f030          	ld	(ix-16),0x30
   269  0014  af                	xor	a, a
   270  0015  dd77f1            	ld	(ix-15),a
   271  0018  dd77f2            	ld	(ix-14),a
   272                          ;	genAssign
   273                          ;	AOP_STK for _main_b_20000_2
   274                          ;	genMove_o size 4 result type 5 source type 1 hl_dead 1
   275  001b  dd36f385          	ld	(ix-13),0x85
   276  001f  dd36f41a          	ld	(ix-12),0x1a
   277  0023  af                	xor	a, a
   278  0024  dd77f5            	ld	(ix-11),a
   279  0027  dd77f6            	ld	(ix-10),a
   280                          ;	genIpush
   281                          ;	AOP_STK for _main_b_20000_2
   282                          ;	genMove_o size 2 result type 2 source type 5 hl_dead 1
   283                          ;	genMove_o size 0 result type 2 source type 1 hl_dead 1
   284                          ;	genMove_o size 2 result type 2 source type 5 hl_dead 1
   285                          ;	genMove_o size 0 result type 2 source type 1 hl_dead 1
   286  002a  21f3ff            	ld	hl,-13
   287  002d  cd0000            	call	____sdcc_4_push_hlix
   288                          ; peephole z88dk-code-reduction-310
   289                          ;	genSend
   290                          ;	AOP_STK for _main_a_20000_2
   291                          ;	genMove_o size 4 result type 2 source type 5 hl_dead 1
   292  0030  dd5eef            	ld	e,(ix-17)
   293  0033  dd56f0            	ld	d,(ix-16)
   294  0036  dd6ef1            	ld	l,(ix-15)
   295  0039  dd66f2            	ld	h,(ix-14)
   296                          ;	genMove_o size 0 result type 2 source type 1 hl_dead 1
   297                          ;	genCall
   298  003c  cd0000            	call	__mullong
   299                          ;	adjustStack by 4
   300  003f  f1                	pop	af
   301  0040  f1                	pop	af
   302                          ;	genMove_o size 4 result type 2 source type 2 hl_dead 1
   303                          ;	genMove_o size 0 result type 2 source type 1 hl_dead 1
   304                          ;	genIpush
   305  0041  e5                	push	hl
   306  0042  4d                	ld	c,l
   307  0043  44                	ld	b,h
   308                          ; peephole z88dk-203d
   309  0044  d5                	push	de
   310                          ;	AOP_STK for _main_b_20000_2
   311                          ;	genMove_o size 2 result type 2 source type 5 hl_dead 1
   312                          ;	genMove_o size 0 result type 2 source type 1 hl_dead 1
   313                          ;	genMove_o size 2 result type 2 source type 5 hl_dead 1
   314                          ;	genMove_o size 0 result type 2 source type 1 hl_dead 1
   315  0045  21f3ff            	ld	hl,-13
   316  0048  cd0000            	call	____sdcc_4_push_hlix
   317                          ; peephole z88dk-code-reduction-310
   318                          ;	genSend
   319                          ;	genMove_o size 4 result type 2 source type 2 hl_dead 1
   320  004b  69                	ld	l, c
   321  004c  60                	ld	h, b
   322                          ;	genMove_o size 0 result type 2 source type 1 hl_dead 1
   323                          ;	genCall
   324                          ;	AOP_STK for _main_sloc1_1_0
   325  004d  cd0000            	call	__divulong
   326                          ;	adjustStack by 4
   327  0050  f1                	pop	af
   328  0051  f1                	pop	af
   329                          ;	genMove_o size 4 result type 5 source type 2 hl_dead 1
   330  0052  dd73fc            	ld	(ix-4),e
   331  0055  dd72fd            	ld	(ix-3),d
   332  0058  dd75fe            	ld	(ix-2),l
   333  005b  dd74ff            	ld	(ix-1),h
   334                          ;	genMove_o size 0 result type 5 source type 1 hl_dead 1
   335  005e  d1                	pop	de
   336  005f  c1                	pop	bc
   337                          ;	genCmpEq
   338  0060  7b                	ld	a, e
   339  0061  d69d              	sub	a,0x9d
   340  0063  2027              	jr	NZ,l_main_00102
   341                          ; peephole 155 changed absolute to relative conditional jump.
   342                          ; peephole 65 jumped to l_main_00102$ directly instead of via l_main_00241$.
   343  0065  7a                	ld	a, d
   344  0066  d6d7              	sub	a,0xd7
   345  0068  2022              	jr	NZ,l_main_00102
   346                          ; peephole 155 changed absolute to relative conditional jump.
   347                          ; peephole 65 jumped to l_main_00102$ directly instead of via l_main_00241$.
   348  006a  79                	ld	a, c
   349  006b  d6fe              	sub	a,0xfe
   350  006d  201d              	jr	NZ,l_main_00102
   351                          ; peephole 155 changed absolute to relative conditional jump.
   352                          ; peephole 65 jumped to l_main_00102$ directly instead of via l_main_00241$.
   353  006f  78                	ld	a, b
   354  0070  d604              	sub	a,0x04
   355                          ; peephole 62 removed jp by using inverse jump logic
   356                          ; peephole 149 removed unused label l_main_00241$.
   357  0072  2018              	jr	NZ,l_main_00102
   358                          ; peephole 155 changed absolute to relative conditional jump.
   359                          ; peephole 63 removed jp by using inverse jump logic
   360                          ; peephole 149 removed unused label l_main_00242$.
   361                          ;	skipping generated iCode
   362                          ;	genCmpEq
   363                          ;	AOP_STK for _main_sloc1_1_0
   364  0074  dd7efc            	ld	a,(ix-4)
   365  0077  d639              	sub	a,0x39
   366  0079  2011              	jr	NZ,l_main_00102
   367                          ; peephole 155 changed absolute to relative conditional jump.
   368                          ; peephole 65 jumped to l_main_00102$ directly instead of via l_main_00243$.
   369  007b  dd7efd            	ld	a,(ix-3)
   370  007e  d630              	sub	a,0x30
   371  0080  ddb6fe            	or	a,(ix-2)
   372  0083  ddb6ff            	or	a,(ix-1)
   373                          ; peephole 62 removed jp by using inverse jump logic
   374                          ; peephole 149 removed unused label l_main_00243$.
   375  0086  2004              	jr	NZ,l_main_00102
   376                          ; peephole 155 changed absolute to relative conditional jump.
   377                          ; peephole 63 removed jp by using inverse jump logic
   378                          ; peephole 149 removed unused label l_main_00244$.
   379                          ;	skipping generated iCode
   380                          ;	genAssign
   381                          ;	AOP_STK for _main_sloc0_1_0
   382                          ;	genMove_o size 1 result type 5 source type 1 hl_dead 1
   383  0088  dd36f701          	ld	(ix-9),0x01
   384                          ;	genLabel
   385                          l_main_00102:
   386                          ;	genAssign
   387                          ;	AOP_STK for _main_a_20000_3
   388                          ;	genMove_o size 4 result type 5 source type 1 hl_dead 1
   389  008c  dd36ef40          	ld	(ix-17),0x40
   390  0090  dd36f042          	ld	(ix-16),0x42
   391  0094  dd36f10f          	ld	(ix-15),0x0f
   392  0098  af                	xor	a, a
   393  0099  dd77f2            	ld	(ix-14),a
   394                          ;	genAssign
   395                          ;	AOP_STK for _main_b_20000_3
   396                          ;	genMove_o size 4 result type 5 source type 1 hl_dead 1
   397  009c  dd36f3bc          	ld	(ix-13),0xbc
   398  00a0  dd36f402          	ld	(ix-12),0x02
   399  00a4  af                	xor	a, a
   400  00a5  dd77f5            	ld	(ix-11),a
   401  00a8  dd77f6            	ld	(ix-10),a
   402                          ;	genIpush
   403                          ;	AOP_STK for _main_b_20000_3
   404                          ;	genMove_o size 2 result type 2 source type 5 hl_dead 1
   405                          ;	genMove_o size 0 result type 2 source type 1 hl_dead 1
   406                          ;	genMove_o size 2 result type 2 source type 5 hl_dead 1
   407                          ;	genMove_o size 0 result type 2 source type 1 hl_dead 1
   408  00ab  21f3ff            	ld	hl,-13
   409  00ae  cd0000            	call	____sdcc_4_push_hlix
   410                          ; peephole z88dk-code-reduction-310
   411                          ;	genSend
   412                          ;	AOP_STK for _main_a_20000_3
   413                          ;	genMove_o size 4 result type 2 source type 5 hl_dead 1
   414  00b1  dd5eef            	ld	e,(ix-17)
   415  00b4  dd56f0            	ld	d,(ix-16)
   416  00b7  dd6ef1            	ld	l,(ix-15)
   417  00ba  dd66f2            	ld	h,(ix-14)
   418                          ;	genMove_o size 0 result type 2 source type 1 hl_dead 1
   419                          ;	genCall
   420                          ;	AOP_STK for _main_sloc2_1_0
   421  00bd  cd0000            	call	__divulong
   422                          ;	adjustStack by 4
   423  00c0  f1                	pop	af
   424  00c1  f1                	pop	af
   425                          ;	genMove_o size 4 result type 5 source type 2 hl_dead 1
   426  00c2  dd73fc            	ld	(ix-4),e
   427  00c5  dd72fd            	ld	(ix-3),d
   428  00c8  dd75fe            	ld	(ix-2),l
   429  00cb  dd74ff            	ld	(ix-1),h
   430                          ;	genMove_o size 0 result type 5 source type 1 hl_dead 1
   431                          ;	genIpush
   432                          ;	AOP_STK for _main_b_20000_3
   433                          ;	genMove_o size 2 result type 2 source type 5 hl_dead 1
   434                          ;	genMove_o size 0 result type 2 source type 1 hl_dead 1
   435                          ;	genMove_o size 2 result type 2 source type 5 hl_dead 1
   436                          ;	genMove_o size 0 result type 2 source type 1 hl_dead 1
   437  00ce  21f3ff            	ld	hl,-13
   438  00d1  cd0000            	call	____sdcc_4_push_hlix
   439                          ; peephole z88dk-code-reduction-310
   440                          ;	genSend
   441                          ;	AOP_STK for _main_a_20000_3
   442                          ;	genMove_o size 4 result type 2 source type 5 hl_dead 1
   443  00d4  dd5eef            	ld	e,(ix-17)
   444  00d7  dd56f0            	ld	d,(ix-16)
   445  00da  dd6ef1            	ld	l,(ix-15)
   446  00dd  dd66f2            	ld	h,(ix-14)
   447                          ;	genMove_o size 0 result type 2 source type 1 hl_dead 1
   448                          ;	genCall
   449  00e0  cd0000            	call	__modulong
   450                          ;	adjustStack by 4
   451  00e3  f1                	pop	af
   452  00e4  f1                	pop	af
   453                          ;	genMove_o size 4 result type 2 source type 2 hl_dead 1
   454                          ;	genCmpEq
   455                          ;	AOP_STK for _main_sloc2_1_0
   456  00e5  dd7efc            	ld	a,(ix-4)
   457  00e8  d694              	sub	a,0x94
   458  00ea  201c              	jr	NZ,l_main_00105
   459                          ; peephole 155 changed absolute to relative conditional jump.
   460                          ; peephole 65 jumped to l_main_00105$ directly instead of via l_main_00245$.
   461  00ec  dd7efd            	ld	a,(ix-3)
   462  00ef  d605              	sub	a,0x05
   463  00f1  ddb6fe            	or	a,(ix-2)
   464  00f4  ddb6ff            	or	a,(ix-1)
   465                          ; peephole 62 removed jp by using inverse jump logic
   466                          ; peephole 149 removed unused label l_main_00245$.
   467  00f7  200f              	jr	NZ,l_main_00105
   468                          ; peephole 155 changed absolute to relative conditional jump.
   469                          ; peephole 63 removed jp by using inverse jump logic
   470                          ; peephole 149 removed unused label l_main_00246$.
   471                          ;	skipping generated iCode
   472                          ;	genCmpEq
   473  00f9  7b                	ld	a, e
   474  00fa  d690              	sub	a,0x90
   475  00fc  200a              	jr	NZ,l_main_00105
   476                          ; peephole 155 changed absolute to relative conditional jump.
   477                          ; peephole 65 jumped to l_main_00105$ directly instead of via l_main_00247$.
   478  00fe  7a                	ld	a, d
   479  00ff  3d                	dec	a
   480  0100  b5                	or	a, l
   481  0101  b4                	or	a, h
   482                          ; peephole 62 removed jp by using inverse jump logic
   483                          ; peephole 149 removed unused label l_main_00247$.
   484  0102  2004              	jr	NZ,l_main_00105
   485                          ; peephole 155 changed absolute to relative conditional jump.
   486                          ; peephole 63 removed jp by using inverse jump logic
   487                          ; peephole 149 removed unused label l_main_00248$.
   488                          ;	skipping generated iCode
   489                          ;	genCast
   490                          ;	AOP_STK for _main_sloc0_1_0
   491                          ;	genMove_o size 1 result type 2 source type 5 hl_dead 1
   492                          ;	genMove_o size 0 result type 2 source type 1 hl_dead 1
   493                          ;	genOr
   494                          ;	genCast
   495                          ;	(locations are the same)
   496                          ;	genCast
   497                          ;	AOP_STK for _main_sloc0_1_0
   498                          ;	genMove_o size 1 result type 5 source type 2 hl_dead 1
   499                          ; peephole 55 set bit 1 of -9 (ix) directly instead of going through a.
   500  0104  ddcbf7ce          	set	1,(ix-9)
   501                          ; peephole 8 removed dead load from -9 (ix) into a.
   502                          ;	genMove_o size 0 result type 5 source type 1 hl_dead 1
   503                          ;	genLabel
   504                          l_main_00105:
   505                          ;	genAssign
   506                          ;	AOP_STK for _main_a_20000_4
   507                          ;	genMove_o size 4 result type 5 source type 1 hl_dead 1
   508  0108  dd36ef40          	ld	(ix-17),0x40
   509  010c  dd36f039          	ld	(ix-16),0x39
   510  0110  dd36f1d2          	ld	(ix-15),0xd2
   511  0114  dd36f2ff          	ld	(ix-14),0xff
   512                          ;	genAssign
   513                          ;	AOP_STK for _main_b_20000_4
   514                          ;	genMove_o size 4 result type 5 source type 1 hl_dead 1
   515  0118  dd36f31e          	ld	(ix-13),0x1e
   516  011c  af                	xor	a, a
   517  011d  dd77f4            	ld	(ix-12),a
   518  0120  dd77f5            	ld	(ix-11),a
   519  0123  dd77f6            	ld	(ix-10),a
   520                          ;	genIpush
   521                          ;	AOP_STK for _main_b_20000_4
   522                          ;	genMove_o size 2 result type 2 source type 5 hl_dead 1
   523                          ;	genMove_o size 0 result type 2 source type 1 hl_dead 1
   524                          ;	genMove_o size 2 result type 2 source type 5 hl_dead 1
   525                          ;	genMove_o size 0 result type 2 source type 1 hl_dead 1
   526  0126  21f3ff            	ld	hl,-13
   527  0129  cd0000            	call	____sdcc_4_push_hlix
   528                          ; peephole z88dk-code-reduction-310
   529                          ;	genSend
   530                          ;	AOP_STK for _main_a_20000_4
   531                          ;	genMove_o size 4 result type 2 source type 5 hl_dead 1
   532  012c  dd5eef            	ld	e,(ix-17)
   533  012f  dd56f0            	ld	d,(ix-16)
   534  0132  dd6ef1            	ld	l,(ix-15)
   535  0135  dd66f2            	ld	h,(ix-14)
   536                          ;	genMove_o size 0 result type 2 source type 1 hl_dead 1
   537                          ;	genCall
   538                          ;	AOP_STK for _main_sloc3_1_0
   539  0138  cd0000            	call	__divslong
   540                          ;	adjustStack by 4
   541  013b  f1                	pop	af
   542  013c  f1                	pop	af
   543                          ;	genMove_o size 4 result type 5 source type 2 hl_dead 1
   544  013d  dd73fc            	ld	(ix-4),e
   545  0140  dd72fd            	ld	(ix-3),d
   546  0143  dd75fe            	ld	(ix-2),l
   547  0146  dd74ff            	ld	(ix-1),h
   548                          ;	genMove_o size 0 result type 5 source type 1 hl_dead 1
   549                          ;	genIpush
   550                          ;	AOP_STK for _main_b_20000_4
   551                          ;	genMove_o size 2 result type 2 source type 5 hl_dead 1
   552                          ;	genMove_o size 0 result type 2 source type 1 hl_dead 1
   553                          ;	genMove_o size 2 result type 2 source type 5 hl_dead 1
   554                          ;	genMove_o size 0 result type 2 source type 1 hl_dead 1
   555  0149  21f3ff            	ld	hl,-13
   556  014c  cd0000            	call	____sdcc_4_push_hlix
   557                          ; peephole z88dk-code-reduction-310
   558                          ;	genSend
   559                          ;	AOP_STK for _main_a_20000_4
   560                          ;	genMove_o size 4 result type 2 source type 5 hl_dead 1
   561  014f  dd5eef            	ld	e,(ix-17)
   562  0152  dd56f0            	ld	d,(ix-16)
   563  0155  dd6ef1            	ld	l,(ix-15)
   564  0158  dd66f2            	ld	h,(ix-14)
   565                          ;	genMove_o size 0 result type 2 source type 1 hl_dead 1
   566                          ;	genCall
   567  015b  cd0000            	call	__modslong
   568                          ;	adjustStack by 4
   569  015e  f1                	pop	af
   570  015f  f1                	pop	af
   571                          ;	genMove_o size 4 result type 2 source type 2 hl_dead 1
   572                          ;	genCmpEq
   573                          ;	AOP_STK for _main_sloc3_1_0
   574  0160  dd7efc            	ld	a,(ix-4)
   575  0163  d660              	sub	a,0x60
   576  0165  2021              	jr	NZ,l_main_00108
   577                          ; peephole 155 changed absolute to relative conditional jump.
   578                          ; peephole 65 jumped to l_main_00108$ directly instead of via l_main_00249$.
   579  0167  dd7efd            	ld	a,(ix-3)
   580  016a  d679              	sub	a,0x79
   581  016c  201a              	jr	NZ,l_main_00108
   582                          ; peephole 155 changed absolute to relative conditional jump.
   583                          ; peephole 65 jumped to l_main_00108$ directly instead of via l_main_00249$.
   584  016e  dd7efe            	ld	a,(ix-2)
   585  0171  d6fe              	sub	a,0xfe
   586  0173  2013              	jr	NZ,l_main_00108
   587                          ; peephole 155 changed absolute to relative conditional jump.
   588                          ; peephole 65 jumped to l_main_00108$ directly instead of via l_main_00249$.
   589  0175  dd7eff            	ld	a,(ix-1)
   590  0178  3c                	inc	a
   591                          ; peephole 62 removed jp by using inverse jump logic
   592                          ; peephole 149 removed unused label l_main_00249$.
   593  0179  200d              	jr	NZ,l_main_00108
   594                          ; peephole 155 changed absolute to relative conditional jump.
   595                          ; peephole 63 removed jp by using inverse jump logic
   596                          ; peephole 149 removed unused label l_main_00250$.
   597                          ;	skipping generated iCode
   598                          ;	genIfx
   599  017b  7c                	ld	a, h
   600  017c  b5                	or	a, l
   601  017d  b2                	or	a, d
   602  017e  b3                	or	a, e
   603  017f  2007              	jr	NZ,l_main_00108
   604                          ; peephole 155 changed absolute to relative conditional jump.
   605                          ;	genCast
   606                          ;	AOP_STK for _main_sloc0_1_0
   607                          ;	genMove_o size 1 result type 2 source type 5 hl_dead 1
   608                          ;	genMove_o size 0 result type 2 source type 1 hl_dead 1
   609                          ;	genOr
   610                          ;	genCast
   611                          ;	(locations are the same)
   612                          ;	genCast
   613                          ;	AOP_STK for _main_sloc0_1_0
   614                          ;	genMove_o size 1 result type 5 source type 2 hl_dead 1
   615                          ; peephole 55 set bit 2 of -9 (ix) directly instead of going through a.
   616  0181  ddcbf7d6          	set	2,(ix-9)
   617  0185  dd7ef7            	ld	a,(ix-9)
   618                          ;	genMove_o size 0 result type 5 source type 1 hl_dead 1
   619                          ;	genLabel
   620                          l_main_00108:
   621                          ;	genAssign
   622                          ;	AOP_STK for _main_val_20000_5
   623                          ;	genMove_o size 4 result type 5 source type 1 hl_dead 1
   624  0188  dd36f3ef          	ld	(ix-13),0xef
   625  018c  dd36f4be          	ld	(ix-12),0xbe
   626  0190  dd36f5ad          	ld	(ix-11),0xad
   627                          ;	genGetByte
   628                          ;	AOP_STK for _main_val_20000_5
   629                          ;	genMove_o size 1 result type 2 source type 5 hl_dead 1
   630                          ; peephole 34 loaded b from #0xde instead of going through -10 (ix).
   631  0194  06de              	ld	b,0xde
   632  0196  dd70f6            	ld	(ix-10),b
   633                          ; peephole z88dk-404a
   634                          ;	genMove_o size 0 result type 2 source type 1 hl_dead 1
   635                          ;	genGetByte
   636                          ;	AOP_STK for _main_val_20000_5
   637                          ;	genMove_o size 1 result type 2 source type 5 hl_dead 1
   638  0199  dd5ef5            	ld	e,(ix-11)
   639                          ;	genMove_o size 0 result type 2 source type 1 hl_dead 1
   640                          ;	genGetByte
   641                          ;	AOP_STK for _main_val_20000_5
   642                          ;	genMove_o size 1 result type 2 source type 5 hl_dead 1
   643  019c  dd56f4            	ld	d,(ix-12)
   644                          ;	genMove_o size 0 result type 2 source type 1 hl_dead 1
   645                          ;	genCast
   646                          ;	AOP_STK for _main_val_20000_5
   647                          ;	genMove_o size 1 result type 2 source type 5 hl_dead 1
   648  019f  dd4ef3            	ld	c,(ix-13)
   649                          ;	genMove_o size 0 result type 2 source type 1 hl_dead 1
   650                          ;	genCast
   651                          ;	genMove_o size 1 result type 2 source type 2 hl_dead 1
   652                          ;	genMove_o size 3 result type 2 source type 1 hl_dead 1
   653  01a2  af                	xor	a, a
   654                          ; peephole 1 removed dead load from a into l.
   655                          ; peephole 1 removed dead load from a into h.
   656                          ;	genLeftShift
   657                          ;	AOP_STK for _main_sloc4_1_0
   658                          ;	genMove_o size 1 result type 5 source type 2 hl_dead 1
   659  01a3  dd70fb            	ld	(ix-5),b
   660                          ;	genMove_o size 0 result type 5 source type 1 hl_dead 1
   661                          ;	genMove_o size 3 result type 5 source type 1 hl_dead 1
   662  01a6  af                	xor	a, a
   663  01a7  dd77f8            	ld	(ix-8),a
   664  01aa  dd77f9            	ld	(ix-7),a
   665  01ad  dd77fa            	ld	(ix-6),a
   666                          ;	genMove_o size 4 result type 5 source type 5 hl_dead 1
   667                          ;	genCast
   668                          ;	genMove_o size 1 result type 2 source type 2 hl_dead 1
   669                          ;	genMove_o size 3 result type 2 source type 1 hl_dead 1
   670                          ; peephole 1 removed dead load from a into l.
   671                          ; peephole 1 removed dead load from a into h.
   672                          ;	genLeftShift
   673                          ;	genMove_o size 2 result type 2 source type 2 hl_dead 1
   674                          ;	genMove_o size 2 result type 2 source type 1 hl_dead 1
   675  01b0  af                	xor	a,a
   676                          ; peephole z88dk-606ag7
   677                          ;	genMove_o size 4 result type 2 source type 2 hl_dead 1
   678                          ;	genOr
   679                          ;	AOP_STK for _main_sloc4_1_0
   680                          ;	AOP_STK for _main_sloc5_1_0
   681                          ;	genMove_o size 3 result type 5 source type 2 hl_dead 0
   682  01b1  dd77fc            	ld	(ix-4),a
   683                          ; peephole 1 removed dead load from a into l.
   684                          ; peephole z88dk-606ak
   685                          ; peephole 14 loaded a into -3 (ix) directly instead of going through h.
   686  01b4  dd77fd            	ld	(ix-3),a
   687  01b7  dd73fe            	ld	(ix-2),e
   688                          ;	genMove_o size 0 result type 5 source type 1 hl_dead 0
   689                          ;	genMove_o size 1 result type 5 source type 5 hl_dead 1
   690  01ba  dd7efb            	ld	a,(ix-5)
   691  01bd  dd77ff            	ld	(ix-1),a
   692                          ;	genMove_o size 0 result type 5 source type 1 hl_dead 1
   693                          ;	genCast
   694                          ;	genMove_o size 1 result type 2 source type 2 hl_dead 1
   695                          ;	genMove_o size 3 result type 2 source type 1 hl_dead 1
   696  01c0  af                	xor	a, a
   697                          ; peephole 1 removed dead load from a into l.
   698  01c1  67                	ld	h, a
   699                          ;	genLeftShift
   700                          ;	genMove_o size 3 result type 2 source type 2 hl_dead 1
   701                          ;	genMove_o size 1 result type 2 source type 1 hl_dead 0
   702                          ; peephole 1 removed dead load from #0x00 into e.
   703                          ;	genMove_o size 4 result type 2 source type 2 hl_dead 1
   704                          ;	genOr
   705                          ;	AOP_STK for _main_sloc5_1_0
   706                          ;	genMove_o size 2 result type 2 source type 2 hl_dead 0
   707                          ;	genMove_o size 2 result type 2 source type 5 hl_dead 0
   708  01c2  dd46fe            	ld	b,(ix-2)
   709  01c5  dd6eff            	ld	l,(ix-1)
   710                          ;	genMove_o size 0 result type 2 source type 1 hl_dead 0
   711                          ;	genCast
   712                          ;	AOP_STK for _main_sloc6_1_0
   713                          ;	genMove_o size 1 result type 5 source type 2 hl_dead 0
   714  01c8  dd71fc            	ld	(ix-4),c
   715                          ;	genMove_o size 0 result type 5 source type 1 hl_dead 0
   716                          ;	genMove_o size 3 result type 5 source type 1 hl_dead 0
   717  01cb  af                	xor	a, a
   718  01cc  dd77fd            	ld	(ix-3),a
   719  01cf  dd77fe            	ld	(ix-2),a
   720  01d2  dd77ff            	ld	(ix-1),a
   721                          ;	genOr
   722                          ;	AOP_STK for _main_sloc6_1_0
   723                          ;	genMove_o size 1 result type 2 source type 5 hl_dead 0
   724                          ;	genMove_o size 0 result type 2 source type 1 hl_dead 0
   725                          ;	genMove_o size 3 result type 2 source type 2 hl_dead 0
   726                          ;	genCmpEq
   727                          ; peephole 11 loaded -4 (ix) into a directly instead of going through e.
   728  01d5  dd7efc            	ld	a,(ix-4)
   729  01d8  d6ef              	sub	a,0xef
   730  01da  2013              	jr	NZ,l_main_00111
   731                          ; peephole 155 changed absolute to relative conditional jump.
   732                          ; peephole 65 jumped to l_main_00111$ directly instead of via l_main_00257$.
   733  01dc  7a                	ld	a, d
   734  01dd  d6be              	sub	a,0xbe
   735  01df  200e              	jr	NZ,l_main_00111
   736                          ; peephole 155 changed absolute to relative conditional jump.
   737                          ; peephole 65 jumped to l_main_00111$ directly instead of via l_main_00257$.
   738  01e1  78                	ld	a, b
   739  01e2  d6ad              	sub	a,0xad
   740  01e4  2009              	jr	NZ,l_main_00111
   741                          ; peephole 155 changed absolute to relative conditional jump.
   742                          ; peephole 65 jumped to l_main_00111$ directly instead of via l_main_00257$.
   743  01e6  7d                	ld	a, l
   744  01e7  d6de              	sub	a,0xde
   745                          ; peephole 62 removed jp by using inverse jump logic
   746                          ; peephole 149 removed unused label l_main_00257$.
   747  01e9  2004              	jr	NZ,l_main_00111
   748                          ; peephole 155 changed absolute to relative conditional jump.
   749                          ; peephole 63 removed jp by using inverse jump logic
   750                          ; peephole 149 removed unused label l_main_00258$.
   751                          ;	skipping generated iCode
   752                          ;	genCast
   753                          ;	AOP_STK for _main_sloc0_1_0
   754                          ;	genMove_o size 1 result type 2 source type 5 hl_dead 1
   755                          ;	genMove_o size 0 result type 2 source type 1 hl_dead 1
   756                          ;	genOr
   757                          ;	genCast
   758                          ;	(locations are the same)
   759                          ;	genCast
   760                          ;	AOP_STK for _main_sloc0_1_0
   761                          ;	genMove_o size 1 result type 5 source type 2 hl_dead 1
   762                          ; peephole 55 set bit 3 of -9 (ix) directly instead of going through a.
   763  01eb  ddcbf7de          	set	3,(ix-9)
   764                          ; peephole 8 removed dead load from -9 (ix) into a.
   765                          ;	genMove_o size 0 result type 5 source type 1 hl_dead 1
   766                          ;	genLabel
   767                          l_main_00111:
   768                          ;	genAssign
   769                          ;	AOP_STK for _main_a_20000_6
   770                          ;	genMove_o size 4 result type 5 source type 1 hl_dead 1
   771  01ef  dd36ef00          	ld	(ix-17),0x00
   772  01f3  dd36f0ff          	ld	(ix-16),0xff
   773  01f7  dd36f100          	ld	(ix-15),0x00
   774  01fb  dd36f2ff          	ld	(ix-14),0xff
   775                          ;	genAssign
   776                          ;	AOP_STK for _main_b_20000_6
   777                          ;	genMove_o size 4 result type 5 source type 1 hl_dead 1
   778  01ff  dd36f3f0          	ld	(ix-13),0xf0
   779  0203  dd36f40f          	ld	(ix-12),0x0f
   780  0207  dd36f5f0          	ld	(ix-11),0xf0
   781  020b  dd36f60f          	ld	(ix-10),0x0f
   782                          ;	genXor
   783                          ;	AOP_STK for _main_a_20000_6
   784                          ;	AOP_STK for _main_b_20000_6
   785  020f  dd7eef            	ld	a,(ix-17)
   786  0212  ddaef3            	xor	a,(ix-13)
   787                          ;	genMove_o size 1 result type 2 source type 2 hl_dead 1
   788  0215  4f                	ld	c, a
   789                          ;	genMove_o size 0 result type 2 source type 1 hl_dead 1
   790  0216  dd7ef0            	ld	a,(ix-16)
   791  0219  ddaef4            	xor	a,(ix-12)
   792                          ;	genMove_o size 1 result type 2 source type 2 hl_dead 1
   793  021c  47                	ld	b, a
   794                          ;	genMove_o size 0 result type 2 source type 1 hl_dead 1
   795  021d  dd7ef1            	ld	a,(ix-15)
   796  0220  ddaef5            	xor	a,(ix-11)
   797                          ;	genMove_o size 1 result type 2 source type 2 hl_dead 1
   798  0223  5f                	ld	e, a
   799                          ;	genMove_o size 0 result type 2 source type 1 hl_dead 1
   800  0224  dd7ef2            	ld	a,(ix-14)
   801  0227  ddaef6            	xor	a,(ix-10)
   802                          ;	genMove_o size 1 result type 2 source type 2 hl_dead 1
   803  022a  57                	ld	d, a
   804                          ;	genMove_o size 0 result type 2 source type 1 hl_dead 1
   805                          ;	genAnd
   806                          ;	AOP_STK for _main_a_20000_6
   807                          ;	AOP_STK for _main_b_20000_6
   808                          ;	AOP_STK for _main_sloc7_1_0
   809  022b  dd7eef            	ld	a,(ix-17)
   810  022e  dda6f3            	and	a,(ix-13)
   811                          ;	genMove_o size 1 result type 5 source type 2 hl_dead 1
   812  0231  dd77f8            	ld	(ix-8),a
   813                          ;	genMove_o size 0 result type 5 source type 1 hl_dead 1
   814  0234  dd7ef0            	ld	a,(ix-16)
   815  0237  dda6f4            	and	a,(ix-12)
   816                          ;	genMove_o size 1 result type 5 source type 2 hl_dead 1
   817  023a  dd77f9            	ld	(ix-7),a
   818                          ;	genMove_o size 0 result type 5 source type 1 hl_dead 1
   819  023d  dd7ef1            	ld	a,(ix-15)
   820  0240  dda6f5            	and	a,(ix-11)
   821                          ;	genMove_o size 1 result type 5 source type 2 hl_dead 1
   822  0243  dd77fa            	ld	(ix-6),a
   823                          ;	genMove_o size 0 result type 5 source type 1 hl_dead 1
   824  0246  dd7ef2            	ld	a,(ix-14)
   825  0249  dda6f6            	and	a,(ix-10)
   826                          ;	genMove_o size 1 result type 5 source type 2 hl_dead 1
   827  024c  dd77fb            	ld	(ix-5),a
   828                          ;	genMove_o size 0 result type 5 source type 1 hl_dead 1
   829                          ;	genOr
   830                          ;	AOP_STK for _main_a_20000_6
   831                          ;	AOP_STK for _main_b_20000_6
   832                          ;	AOP_STK for _main_sloc8_1_0
   833  024f  dd7eef            	ld	a,(ix-17)
   834  0252  ddb6f3            	or	a,(ix-13)
   835                          ;	genMove_o size 1 result type 5 source type 2 hl_dead 1
   836  0255  dd77fc            	ld	(ix-4),a
   837                          ;	genMove_o size 0 result type 5 source type 1 hl_dead 1
   838  0258  dd7ef0            	ld	a,(ix-16)
   839  025b  ddb6f4            	or	a,(ix-12)
   840                          ;	genMove_o size 1 result type 5 source type 2 hl_dead 1
   841  025e  dd77fd            	ld	(ix-3),a
   842                          ;	genMove_o size 0 result type 5 source type 1 hl_dead 1
   843  0261  dd7ef1            	ld	a,(ix-15)
   844  0264  ddb6f5            	or	a,(ix-11)
   845                          ;	genMove_o size 1 result type 5 source type 2 hl_dead 1
   846  0267  dd77fe            	ld	(ix-2),a
   847                          ;	genMove_o size 0 result type 5 source type 1 hl_dead 1
   848  026a  dd7ef2            	ld	a,(ix-14)
   849  026d  ddb6f6            	or	a,(ix-10)
   850                          ;	genMove_o size 1 result type 5 source type 2 hl_dead 1
   851  0270  dd77ff            	ld	(ix-1),a
   852                          ;	genMove_o size 0 result type 5 source type 1 hl_dead 1
   853                          ;	genCmpEq
   854  0273  79                	ld	a, c
   855  0274  d6f0              	sub	a,0xf0
   856  0276  2047              	jr	NZ,l_main_00113
   857                          ; peephole 155 changed absolute to relative conditional jump.
   858                          ; peephole 65 jumped to l_main_00113$ directly instead of via l_main_00259$.
   859  0278  78                	ld	a, b
   860  0279  d6f0              	sub	a,0xf0
   861  027b  2042              	jr	NZ,l_main_00113
   862                          ; peephole 155 changed absolute to relative conditional jump.
   863                          ; peephole 65 jumped to l_main_00113$ directly instead of via l_main_00259$.
   864  027d  7b                	ld	a, e
   865  027e  d6f0              	sub	a,0xf0
   866  0280  203d              	jr	NZ,l_main_00113
   867                          ; peephole 155 changed absolute to relative conditional jump.
   868                          ; peephole 65 jumped to l_main_00113$ directly instead of via l_main_00259$.
   869  0282  7a                	ld	a, d
   870  0283  d6f0              	sub	a,0xf0
   871                          ; peephole 62 removed jp by using inverse jump logic
   872                          ; peephole 149 removed unused label l_main_00259$.
   873  0285  2038              	jr	NZ,l_main_00113
   874                          ; peephole 155 changed absolute to relative conditional jump.
   875                          ; peephole 63 removed jp by using inverse jump logic
   876                          ; peephole 149 removed unused label l_main_00260$.
   877                          ;	skipping generated iCode
   878                          ;	genCmpEq
   879                          ;	AOP_STK for _main_sloc7_1_0
   880  0287  dd7ef8            	ld	a,(ix-8)
   881  028a  b7                	or	a, a
   882  028b  2032              	jr	NZ,l_main_00113
   883                          ; peephole 155 changed absolute to relative conditional jump.
   884                          ; peephole 65 jumped to l_main_00113$ directly instead of via l_main_00261$.
   885  028d  dd7ef9            	ld	a,(ix-7)
   886  0290  d60f              	sub	a,0x0f
   887  0292  ddb6fa            	or	a,(ix-6)
   888  0295  2028              	jr	NZ,l_main_00113
   889                          ; peephole 155 changed absolute to relative conditional jump.
   890                          ; peephole 65 jumped to l_main_00113$ directly instead of via l_main_00261$.
   891  0297  dd7efb            	ld	a,(ix-5)
   892  029a  d60f              	sub	a,0x0f
   893                          ; peephole 62 removed jp by using inverse jump logic
   894                          ; peephole 149 removed unused label l_main_00261$.
   895  029c  2021              	jr	NZ,l_main_00113
   896                          ; peephole 155 changed absolute to relative conditional jump.
   897                          ; peephole 63 removed jp by using inverse jump logic
   898                          ; peephole 149 removed unused label l_main_00262$.
   899                          ;	skipping generated iCode
   900                          ;	genCmpEq
   901                          ;	AOP_STK for _main_sloc8_1_0
   902  029e  dd7efc            	ld	a,(ix-4)
   903  02a1  d6f0              	sub	a,0xf0
   904  02a3  201a              	jr	NZ,l_main_00113
   905                          ; peephole 155 changed absolute to relative conditional jump.
   906                          ; peephole 65 jumped to l_main_00113$ directly instead of via l_main_00263$.
   907  02a5  dd7efd            	ld	a,(ix-3)
   908  02a8  3c                	inc	a
   909  02a9  2014              	jr	NZ,l_main_00113
   910                          ; peephole 155 changed absolute to relative conditional jump.
   911                          ; peephole 65 jumped to l_main_00113$ directly instead of via l_main_00263$.
   912  02ab  dd7efe            	ld	a,(ix-2)
   913  02ae  d6f0              	sub	a,0xf0
   914  02b0  200d              	jr	NZ,l_main_00113
   915                          ; peephole 155 changed absolute to relative conditional jump.
   916                          ; peephole 65 jumped to l_main_00113$ directly instead of via l_main_00263$.
   917  02b2  dd7eff            	ld	a,(ix-1)
   918  02b5  3c                	inc	a
   919                          ; peephole 62 removed jp by using inverse jump logic
   920                          ; peephole 149 removed unused label l_main_00263$.
   921  02b6  2007              	jr	NZ,l_main_00113
   922                          ; peephole 155 changed absolute to relative conditional jump.
   923                          ; peephole 63 removed jp by using inverse jump logic
   924                          ; peephole 149 removed unused label l_main_00264$.
   925                          ;	skipping generated iCode
   926                          ;	genCast
   927                          ;	AOP_STK for _main_sloc0_1_0
   928                          ;	genMove_o size 1 result type 2 source type 5 hl_dead 1
   929                          ;	genMove_o size 0 result type 2 source type 1 hl_dead 1
   930                          ;	genOr
   931                          ;	genCast
   932                          ;	(locations are the same)
   933                          ;	genCast
   934                          ;	AOP_STK for _main_sloc0_1_0
   935                          ;	genMove_o size 1 result type 5 source type 2 hl_dead 1
   936                          ; peephole 55 set bit 4 of -9 (ix) directly instead of going through a.
   937  02b8  ddcbf7e6          	set	4,(ix-9)
   938  02bc  dd7ef7            	ld	a,(ix-9)
   939                          ;	genMove_o size 0 result type 5 source type 1 hl_dead 1
   940                          ;	genLabel
   941                          l_main_00113:
   942                          ;	genAssign
   943                          ;	AOP_STK for _main_a_20000_7
   944                          ;	genMove_o size 4 result type 5 source type 1 hl_dead 1
   945  02bf  dd36e3a0          	ld	(ix-29),0xa0
   946  02c3  dd36e486          	ld	(ix-28),0x86
   947  02c7  dd36e501          	ld	(ix-27),0x01
   948  02cb  af                	xor	a, a
   949  02cc  dd77e6            	ld	(ix-26),a
   950                          ;	genAssign
   951                          ;	AOP_STK for _main_b_20000_7
   952                          ;	genMove_o size 4 result type 5 source type 1 hl_dead 1
   953  02cf  dd36e750          	ld	(ix-25),0x50
   954  02d3  dd36e8c3          	ld	(ix-24),0xc3
   955  02d7  af                	xor	a, a
   956  02d8  dd77e9            	ld	(ix-23),a
   957  02db  dd77ea            	ld	(ix-22),a
   958                          ;	genAssign
   959                          ;	AOP_STK for _main_c_20000_7
   960                          ;	genMove_o size 4 result type 5 source type 1 hl_dead 1
   961  02de  dd36eb30          	ld	(ix-21),0x30
   962  02e2  dd36ec75          	ld	(ix-20),0x75
   963  02e6  af                	xor	a, a
   964  02e7  dd77ed            	ld	(ix-19),a
   965  02ea  dd77ee            	ld	(ix-18),a
   966                          ;	genAssign
   967                          ;	AOP_STK for _main_d_20000_7
   968                          ;	genMove_o size 4 result type 5 source type 1 hl_dead 1
   969  02ed  dd36ef20          	ld	(ix-17),0x20
   970  02f1  dd36f04e          	ld	(ix-16),0x4e
   971  02f5  af                	xor	a, a
   972  02f6  dd77f1            	ld	(ix-15),a
   973  02f9  dd77f2            	ld	(ix-14),a
   974                          ;	genAssign
   975                          ;	AOP_STK for _main_e_20000_7
   976                          ;	genMove_o size 4 result type 5 source type 1 hl_dead 1
   977  02fc  dd36f340          	ld	(ix-13),0x40
   978  0300  dd36f49c          	ld	(ix-12),0x9c
   979  0304  af                	xor	a, a
   980  0305  dd77f5            	ld	(ix-11),a
   981  0308  dd77f6            	ld	(ix-10),a
   982                          ;	genPlus
   983                          ;	AOP_STK for _main_a_20000_7
   984                          ;	AOP_STK for _main_b_20000_7
   985  030b  dd7ee3            	ld	a,(ix-29)
   986  030e  dd86e7            	add	a,(ix-25)
   987  0311  4f                	ld	c, a
   988  0312  dd7ee4            	ld	a,(ix-28)
   989  0315  dd8ee8            	adc	a,(ix-24)
   990  0318  47                	ld	b, a
   991  0319  dd7ee5            	ld	a,(ix-27)
   992  031c  dd8ee9            	adc	a,(ix-23)
   993  031f  5f                	ld	e, a
   994  0320  dd7ee6            	ld	a,(ix-26)
   995  0323  dd8eea            	adc	a,(ix-22)
   996  0326  57                	ld	d, a
   997                          ;	genMinus
   998                          ;	AOP_STK for _main_c_20000_7
   999  0327  79                	ld	a, c
  1000  0328  dd96eb            	sub	a,(ix-21)
  1001  032b  4f                	ld	c, a
  1002  032c  78                	ld	a, b
  1003  032d  dd9eec            	sbc	a,(ix-20)
  1004  0330  47                	ld	b, a
  1005  0331  7b                	ld	a, e
  1006  0332  dd9eed            	sbc	a,(ix-19)
  1007  0335  5f                	ld	e, a
  1008  0336  7a                	ld	a, d
  1009  0337  dd9eee            	sbc	a,(ix-18)
  1010  033a  57                	ld	d, a
  1011                          ;	genPlus
  1012                          ;	AOP_STK for _main_d_20000_7
  1013  033b  79                	ld	a, c
  1014  033c  dd86ef            	add	a,(ix-17)
  1015  033f  4f                	ld	c, a
  1016  0340  78                	ld	a, b
  1017  0341  dd8ef0            	adc	a,(ix-16)
  1018  0344  47                	ld	b, a
  1019  0345  7b                	ld	a, e
  1020  0346  dd8ef1            	adc	a,(ix-15)
  1021  0349  5f                	ld	e, a
  1022  034a  7a                	ld	a, d
  1023  034b  dd8ef2            	adc	a,(ix-14)
  1024  034e  57                	ld	d, a
  1025                          ;	genMinus
  1026                          ;	AOP_STK for _main_e_20000_7
  1027  034f  79                	ld	a, c
  1028  0350  dd96f3            	sub	a,(ix-13)
  1029  0353  4f                	ld	c, a
  1030  0354  78                	ld	a, b
  1031  0355  dd9ef4            	sbc	a,(ix-12)
  1032  0358  47                	ld	b, a
  1033  0359  7b                	ld	a, e
  1034  035a  dd9ef5            	sbc	a,(ix-11)
  1035  035d  5f                	ld	e, a
  1036  035e  7a                	ld	a, d
  1037  035f  dd9ef6            	sbc	a,(ix-10)
  1038  0362  57                	ld	d, a
  1039                          ;	genCmpEq
  1040  0363  79                	ld	a, c
  1041  0364  d6a0              	sub	a,0xa0
  1042  0366  200e              	jr	NZ,l_main_00117
  1043                          ; peephole 155 changed absolute to relative conditional jump.
  1044                          ; peephole 65 jumped to l_main_00117$ directly instead of via l_main_00265$.
  1045  0368  78                	ld	a, b
  1046  0369  d686              	sub	a,0x86
  1047  036b  2009              	jr	NZ,l_main_00117
  1048                          ; peephole 155 changed absolute to relative conditional jump.
  1049                          ; peephole 65 jumped to l_main_00117$ directly instead of via l_main_00265$.
  1050  036d  7b                	ld	a, e
  1051  036e  3d                	dec	a
  1052  036f  b2                	or	a, d
  1053                          ; peephole 62 removed jp by using inverse jump logic
  1054                          ; peephole 149 removed unused label l_main_00265$.
  1055  0370  2004              	jr	NZ,l_main_00117
  1056                          ; peephole 155 changed absolute to relative conditional jump.
  1057                          ; peephole 63 removed jp by using inverse jump logic
  1058                          ; peephole 149 removed unused label l_main_00266$.
  1059                          ;	skipping generated iCode
  1060                          ;	genCast
  1061                          ;	AOP_STK for _main_sloc0_1_0
  1062                          ;	genMove_o size 1 result type 2 source type 5 hl_dead 1
  1063                          ;	genMove_o size 0 result type 2 source type 1 hl_dead 1
  1064                          ;	genOr
  1065                          ;	genCast
  1066                          ;	(locations are the same)
  1067                          ;	genCast
  1068                          ;	AOP_STK for _main_sloc0_1_0
  1069                          ;	genMove_o size 1 result type 5 source type 2 hl_dead 1
  1070                          ; peephole 55 set bit 5 of -9 (ix) directly instead of going through a.
  1071  0372  ddcbf7ee          	set	5,(ix-9)
  1072                          ; peephole 8 removed dead load from -9 (ix) into a.
  1073                          ;	genMove_o size 0 result type 5 source type 1 hl_dead 1
  1074                          ;	genLabel
  1075                          l_main_00117:
  1076                          ;	genAssign
  1077                          ;	AOP_STK for _main_init_20000_8
  1078                          ;	genMove_o size 4 result type 5 source type 1 hl_dead 1
  1079  0376  dd36f301          	ld	(ix-13),0x01
  1080  037a  af                	xor	a, a
  1081  037b  dd77f4            	ld	(ix-12),a
  1082  037e  dd77f5            	ld	(ix-11),a
  1083  0381  dd77f6            	ld	(ix-10),a
  1084                          ;	genAssign
  1085                          ;	AOP_STK for _main_init_20000_8
  1086                          ;	genMove_o size 4 result type 2 source type 5 hl_dead 1
  1087  0384  dd5ef3            	ld	e,(ix-13)
  1088  0387  dd56f4            	ld	d,(ix-12)
  1089  038a  dd4ef5            	ld	c,(ix-11)
  1090  038d  dd46f6            	ld	b,(ix-10)
  1091                          ;	genMove_o size 0 result type 2 source type 1 hl_dead 1
  1092                          ;	genAssign
  1093                          ;	genMove_o size 1 result type 2 source type 1 hl_dead 1
  1094  0390  2e02              	ld	l,0x02
  1095                          ;	genLabel
  1096                          l_main_00124:
  1097                          ;	genCast
  1098                          ;	AOP_STK for _main_sloc9_1_0
  1099                          ;	genMove_o size 1 result type 5 source type 2 hl_dead 0
  1100  0392  dd75fc            	ld	(ix-4),l
  1101                          ;	genMove_o size 0 result type 5 source type 1 hl_dead 0
  1102                          ;	genMove_o size 3 result type 5 source type 1 hl_dead 0
  1103  0395  af                	xor	a, a
  1104  0396  dd77fd            	ld	(ix-3),a
  1105  0399  dd77fe            	ld	(ix-2),a
  1106  039c  dd77ff            	ld	(ix-1),a
  1107                          ;	genIpush
  1108  039f  e5                	push	hl
  1109                          ;	AOP_STK for _main_sloc9_1_0
  1110  03a0  e5                	push	hl
  1111                          ;	genMove_o size 2 result type 2 source type 5 hl_dead 0
  1112  03a1  210000            	ld	hl,0x0000
  1113                          ; peephole 68 combined constant loads into register pair.
  1114                          ;	genMove_o size 0 result type 2 source type 1 hl_dead 1
  1115  03a4  e3                	ex	(sp), hl
  1116  03a5  e5                	push	hl
  1117                          ;	genMove_o size 2 result type 2 source type 5 hl_dead 0
  1118  03a6  dd6efc            	ld	l,(ix-4)
  1119  03a9  2600              	ld	h,0x00
  1120                          ;	genMove_o size 0 result type 2 source type 1 hl_dead 1
  1121  03ab  e3                	ex	(sp), hl
  1122                          ;	genSend
  1123                          ;	genMove_o size 4 result type 2 source type 2 hl_dead 0
  1124  03ac  69                	ld	l, c
  1125  03ad  60                	ld	h, b
  1126                          ;	genMove_o size 0 result type 2 source type 1 hl_dead 1
  1127                          ;	genCall
  1128  03ae  cd0000            	call	__mullong
  1129                          ;	adjustStack by 4
  1130  03b1  f1                	pop	af
  1131  03b2  f1                	pop	af
  1132                          ;	genMove_o size 4 result type 2 source type 2 hl_dead 1
  1133  03b3  4d                	ld	c, l
  1134  03b4  44                	ld	b, h
  1135                          ;	genMove_o size 0 result type 2 source type 1 hl_dead 1
  1136  03b5  e1                	pop	hl
  1137                          ;	genPlus
  1138  03b6  2c                	inc	l
  1139                          ;	genCmpGt
  1140  03b7  3e08              	ld	a,0x08
  1141  03b9  95                	sub	a, l
  1142  03ba  30d6              	jr	NC,l_main_00124
  1143                          ; peephole 157 changed absolute to relative conditional jump.
  1144                          ;	skipping generated iCode
  1145                          ;	genCmpEq
  1146  03bc  7b                	ld	a, e
  1147  03bd  d680              	sub	a,0x80
  1148  03bf  200b              	jr	NZ,l_main_00120
  1149                          ; peephole 155 changed absolute to relative conditional jump.
  1150                          ; peephole 65 jumped to l_main_00120$ directly instead of via l_main_00267$.
  1151  03c1  7a                	ld	a, d
  1152  03c2  d69d              	sub	a,0x9d
  1153  03c4  b1                	or	a, c
  1154  03c5  b0                	or	a, b
  1155                          ; peephole 62 removed jp by using inverse jump logic
  1156                          ; peephole 149 removed unused label l_main_00267$.
  1157  03c6  2004              	jr	NZ,l_main_00120
  1158                          ; peephole 155 changed absolute to relative conditional jump.
  1159                          ; peephole 63 removed jp by using inverse jump logic
  1160                          ; peephole 149 removed unused label l_main_00268$.
  1161                          ;	skipping generated iCode
  1162                          ;	genCast
  1163                          ;	AOP_STK for _main_sloc0_1_0
  1164                          ;	genMove_o size 1 result type 2 source type 5 hl_dead 1
  1165                          ;	genMove_o size 0 result type 2 source type 1 hl_dead 1
  1166                          ;	genOr
  1167                          ;	genCast
  1168                          ;	(locations are the same)
  1169                          ;	genCast
  1170                          ;	AOP_STK for _main_sloc0_1_0
  1171                          ;	genMove_o size 1 result type 5 source type 2 hl_dead 1
  1172                          ; peephole 55 set bit 6 of -9 (ix) directly instead of going through a.
  1173  03c8  ddcbf7f6          	set	6,(ix-9)
  1174                          ; peephole 8 removed dead load from -9 (ix) into a.
  1175                          ;	genMove_o size 0 result type 5 source type 1 hl_dead 1
  1176                          ;	genLabel
  1177                          l_main_00120:
  1178                          ;	genAssign
  1179                          ;	AOP_STK for _main_a_20000_10
  1180                          ;	genMove_o size 4 result type 5 source type 1 hl_dead 1
  1181  03cc  dd36efc0          	ld	(ix-17),0xc0
  1182  03d0  dd36f01d          	ld	(ix-16),0x1d
  1183  03d4  dd36f1fe          	ld	(ix-15),0xfe
  1184                          ;	genAssign
  1185                          ;	AOP_STK for _main_b_20000_10
  1186                          ;	genMove_o size 4 result type 5 source type 1 hl_dead 1
  1187  03d8  3eff              	ld	a,0xff
  1188  03da  dd77f2            	ld	(ix-14),a
  1189  03dd  dd77f3            	ld	(ix-13),a
  1190  03e0  dd77f4            	ld	(ix-12),a
  1191  03e3  dd77f5            	ld	(ix-11),a
  1192                          ; peephole z88dk-460a
  1193  03e6  dd36f6ff          	ld	(ix-10),0xff
  1194                          ;	genUminus
  1195                          ;	AOP_STK for _main_a_20000_10
  1196  03ea  af                	xor	a, a
  1197  03eb  dd96ef            	sub	a,(ix-17)
  1198  03ee  4f                	ld	c, a
  1199  03ef  3e00              	ld	a,0x00
  1200  03f1  dd9ef0            	sbc	a,(ix-16)
  1201  03f4  47                	ld	b, a
  1202  03f5  3e00              	ld	a,0x00
  1203  03f7  dd9ef1            	sbc	a,(ix-15)
  1204  03fa  5f                	ld	e, a
  1205  03fb  9f                	sbc	a, a
  1206  03fc  dd96f2            	sub	a,(ix-14)
  1207  03ff  57                	ld	d, a
  1208                          ;	genPlus
  1209                          ;	AOP_STK for _main_b_20000_10
  1210                          ;	AOP_STK for _main_sloc10_1_0
  1211  0400  dd7ef3            	ld	a,(ix-13)
  1212  0403  c601              	add	a,0x01
  1213  0405  dd77fc            	ld	(ix-4),a
  1214  0408  dd7ef4            	ld	a,(ix-12)
  1215  040b  ce00              	adc	a,0x00
  1216  040d  dd77fd            	ld	(ix-3),a
  1217  0410  dd7ef5            	ld	a,(ix-11)
  1218  0413  ce00              	adc	a,0x00
  1219  0415  dd77fe            	ld	(ix-2),a
  1220  0418  dd7ef6            	ld	a,(ix-10)
  1221  041b  ce00              	adc	a,0x00
  1222  041d  dd77ff            	ld	(ix-1),a
  1223                          ;	genCmpEq
  1224  0420  79                	ld	a, c
  1225  0421  d640              	sub	a,0x40
  1226  0423  201c              	jr	NZ,l_main_00122
  1227                          ; peephole 155 changed absolute to relative conditional jump.
  1228                          ; peephole 65 jumped to l_main_00122$ directly instead of via l_main_00269$.
  1229  0425  78                	ld	a, b
  1230  0426  d6e2              	sub	a,0xe2
  1231  0428  2017              	jr	NZ,l_main_00122
  1232                          ; peephole 155 changed absolute to relative conditional jump.
  1233                          ; peephole 65 jumped to l_main_00122$ directly instead of via l_main_00269$.
  1234  042a  7b                	ld	a, e
  1235  042b  3d                	dec	a
  1236  042c  b2                	or	a, d
  1237                          ; peephole 62 removed jp by using inverse jump logic
  1238                          ; peephole 149 removed unused label l_main_00269$.
  1239  042d  2012              	jr	NZ,l_main_00122
  1240                          ; peephole 155 changed absolute to relative conditional jump.
  1241                          ; peephole 63 removed jp by using inverse jump logic
  1242                          ; peephole 149 removed unused label l_main_00270$.
  1243                          ;	skipping generated iCode
  1244                          ;	genIfx
  1245                          ;	AOP_STK for _main_sloc10_1_0
  1246  042f  dd7eff            	ld	a,(ix-1)
  1247  0432  ddb6fe            	or	a,(ix-2)
  1248  0435  ddb6fd            	or	a,(ix-3)
  1249  0438  ddb6fc            	or	a,(ix-4)
  1250  043b  2004              	jr	NZ,l_main_00122
  1251                          ; peephole 155 changed absolute to relative conditional jump.
  1252                          ;	genCast
  1253                          ;	AOP_STK for _main_sloc0_1_0
  1254                          ;	genMove_o size 1 result type 2 source type 5 hl_dead 1
  1255                          ;	genMove_o size 0 result type 2 source type 1 hl_dead 1
  1256                          ;	genOr
  1257                          ;	genCast
  1258                          ;	(locations are the same)
  1259                          ;	genCast
  1260                          ;	AOP_STK for _main_sloc0_1_0
  1261                          ;	genMove_o size 1 result type 5 source type 2 hl_dead 1
  1262                          ; peephole 55 set bit 7 of -9 (ix) directly instead of going through a.
  1263  043d  ddcbf7fe          	set	7,(ix-9)
  1264                          ; peephole 8 removed dead load from -9 (ix) into a.
  1265                          ;	genMove_o size 0 result type 5 source type 1 hl_dead 1
  1266                          ;	genLabel
  1267                          l_main_00122:
  1268                          ;	genCast
  1269                          ;	AOP_STK for _main_sloc0_1_0
  1270                          ;	genMove_o size 1 result type 2 source type 5 hl_dead 1
  1271  0441  dd5ef7            	ld	e,(ix-9)
  1272                          ;	genMove_o size 0 result type 2 source type 1 hl_dead 1
  1273                          ;	genMove_o size 1 result type 2 source type 1 hl_dead 1
  1274  0444  1600              	ld	d,0x00
  1275                          ;	genRet
  1276                          ;	genMove_o size 2 result type 2 source type 2 hl_dead 1
  1277                          ;	genLabel
  1278                          ; peephole 149 removed unused label l_main_00126$.
  1279                          ;	genEndFunction
  1280  0446  ddf9              	ld	sp, ix
  1281  0448  dde1              	pop	ix
  1282  044a  c9                	ret
  1283                          ;	Total main function size at codegen: 72 bytes.
  1284                          	SECTION IGNORE
  1285                          
