/tmp/tmpXXmLenaG.asm:
     1                          MODULE bench_hash_crc_c
     2                          LINE 0, "/work/programs/bench_hash_crc.c"
/work/programs/bench_hash_crc.c:
                                
     1                          ;--------------------------------------------------------
     2                          ; File Created by SDCC : free open source ISO C Compiler
     3                          ; Version 4.5.0 #15242 (Linux)
     4                          ;--------------------------------------------------------
     5                          ; Processed by Z88DK
     6                          ;--------------------------------------------------------
     7                          
     8                          	EXTERN __divschar
     9                          	EXTERN __divschar_callee
    10                          	EXTERN __divsint
    11                          	EXTERN __divsint_callee
    12                          	EXTERN __divslong
    13                          	EXTERN __divslong_callee
    14                          	EXTERN __divslonglong
    15                          	EXTERN __divslonglong_callee
    16                          	EXTERN __divsuchar
    17                          	EXTERN __divsuchar_callee
    18                          	EXTERN __divuchar
    19                          	EXTERN __divuchar_callee
    20                          	EXTERN __divuint
    21                          	EXTERN __divuint_callee
    22                          	EXTERN __divulong
    23                          	EXTERN __divulong_callee
    24                          	EXTERN __divulonglong
    25                          	EXTERN __divulonglong_callee
    26                          	EXTERN __divuschar
    27                          	EXTERN __divuschar_callee
    28                          	EXTERN __modschar
    29                          	EXTERN __modschar_callee
    30                          	EXTERN __modsint
    31                          	EXTERN __modsint_callee
    32                          	EXTERN __modslong
    33                          	EXTERN __modslong_callee
    34                          	EXTERN __modslonglong
    35                          	EXTERN __modslonglong_callee
    36                          	EXTERN __modsuchar
    37                          	EXTERN __modsuchar_callee
    38                          	EXTERN __moduchar
    39                          	EXTERN __moduchar_callee
    40                          	EXTERN __moduint
    41                          	EXTERN __moduint_callee
    42                          	EXTERN __modulong
    43                          	EXTERN __modulong_callee
    44                          	EXTERN __modulonglong
    45                          	EXTERN __modulonglong_callee
    46                          	EXTERN __moduschar
    47                          	EXTERN __moduschar_callee
    48                          	EXTERN __mulint
    49                          	EXTERN __mulint_callee
    50                          	EXTERN __mullong
    51                          	EXTERN __mullong_callee
    52                          	EXTERN __mullonglong
    53                          	EXTERN __mullonglong_callee
    54                          	EXTERN __mulschar
    55                          	EXTERN __mulschar_callee
    56                          	EXTERN __mulsuchar
    57                          	EXTERN __mulsuchar_callee
    58                          	EXTERN __muluchar
    59                          	EXTERN __muluchar_callee
    60                          	EXTERN __muluschar
    61                          	EXTERN __muluschar_callee
    62                          	EXTERN __rlslonglong
    63                          	EXTERN __rlslonglong_callee
    64                          	EXTERN __rlulonglong
    65                          	EXTERN __rlulonglong_callee
    66                          	EXTERN __rrslonglong
    67                          	EXTERN __rrslonglong_callee
    68                          	EXTERN __rrulonglong
    69                          	EXTERN __rrulonglong_callee
    70                          	EXTERN ___mulsint2slong
    71                          	EXTERN ___mulsint2slong_callee
    72                          	EXTERN ___muluint2ulong
    73                          	EXTERN ___muluint2ulong_callee
    74                          	EXTERN ___sdcc_call_hl
    75                          	EXTERN ___sdcc_call_iy
    76                          	EXTERN ___sdcc_enter_ix
    77                          	EXTERN banked_call
    78                          	EXTERN _banked_ret
    79                          	EXTERN ___fs2schar
    80                          	EXTERN ___fs2schar_callee
    81                          	EXTERN ___fs2sint
    82                          	EXTERN ___fs2sint_callee
    83                          	EXTERN ___fs2slong
    84                          	EXTERN ___fs2slong_callee
    85                          	EXTERN ___fs2slonglong
    86                          	EXTERN ___fs2slonglong_callee
    87                          	EXTERN ___fs2uchar
    88                          	EXTERN ___fs2uchar_callee
    89                          	EXTERN ___fs2uint
    90                          	EXTERN ___fs2uint_callee
    91                          	EXTERN ___fs2ulong
    92                          	EXTERN ___fs2ulong_callee
    93                          	EXTERN ___fs2ulonglong
    94                          	EXTERN ___fs2ulonglong_callee
    95                          	EXTERN ___fsadd
    96                          	EXTERN ___fsadd_callee
    97                          	EXTERN ___fsdiv
    98                          	EXTERN ___fsdiv_callee
    99                          	EXTERN ___fseq
   100                          	EXTERN ___fseq_callee
   101                          	EXTERN ___fsgt
   102                          	EXTERN ___fsgt_callee
   103                          	EXTERN ___fslt
   104                          	EXTERN ___fslt_callee
   105                          	EXTERN ___fsmul
   106                          	EXTERN ___fsmul_callee
   107                          	EXTERN ___fsneq
   108                          	EXTERN ___fsneq_callee
   109                          	EXTERN ___fssub
   110                          	EXTERN ___fssub_callee
   111                          	EXTERN ___schar2fs
   112                          	EXTERN ___schar2fs_callee
   113                          	EXTERN ___sint2fs
   114                          	EXTERN ___sint2fs_callee
   115                          	EXTERN ___slong2fs
   116                          	EXTERN ___slong2fs_callee
   117                          	EXTERN ___slonglong2fs
   118                          	EXTERN ___slonglong2fs_callee
   119                          	EXTERN ___uchar2fs
   120                          	EXTERN ___uchar2fs_callee
   121                          	EXTERN ___uint2fs
   122                          	EXTERN ___uint2fs_callee
   123                          	EXTERN ___ulong2fs
   124                          	EXTERN ___ulong2fs_callee
   125                          	EXTERN ___ulonglong2fs
   126                          	EXTERN ___ulonglong2fs_callee
   127                          	EXTERN ____sdcc_2_copy_src_mhl_dst_deix
   128                          	EXTERN ____sdcc_2_copy_src_mhl_dst_bcix
   129                          	EXTERN ____sdcc_4_copy_src_mhl_dst_deix
   130                          	EXTERN ____sdcc_4_copy_src_mhl_dst_bcix
   131                          	EXTERN ____sdcc_4_copy_src_mhl_dst_mbc
   132                          	EXTERN ____sdcc_4_ldi_nosave_bc
   133                          	EXTERN ____sdcc_4_ldi_save_bc
   134                          	EXTERN ____sdcc_4_push_hlix
   135                          	EXTERN ____sdcc_4_push_mhl
   136                          	EXTERN ____sdcc_lib_setmem_hl
   137                          	EXTERN ____sdcc_ll_add_de_bc_hl
   138                          	EXTERN ____sdcc_ll_add_de_bc_hlix
   139                          	EXTERN ____sdcc_ll_add_de_hlix_bc
   140                          	EXTERN ____sdcc_ll_add_de_hlix_bcix
   141                          	EXTERN ____sdcc_ll_add_deix_bc_hl
   142                          	EXTERN ____sdcc_ll_add_deix_hlix
   143                          	EXTERN ____sdcc_ll_add_hlix_bc_deix
   144                          	EXTERN ____sdcc_ll_add_hlix_deix_bc
   145                          	EXTERN ____sdcc_ll_add_hlix_deix_bcix
   146                          	EXTERN ____sdcc_ll_asr_hlix_a
   147                          	EXTERN ____sdcc_ll_asr_mbc_a
   148                          	EXTERN ____sdcc_ll_copy_src_de_dst_hlix
   149                          	EXTERN ____sdcc_ll_copy_src_de_dst_hlsp
   150                          	EXTERN ____sdcc_ll_copy_src_deix_dst_hl
   151                          	EXTERN ____sdcc_ll_copy_src_deix_dst_hlix
   152                          	EXTERN ____sdcc_ll_copy_src_deixm_dst_hlsp
   153                          	EXTERN ____sdcc_ll_copy_src_desp_dst_hlsp
   154                          	EXTERN ____sdcc_ll_copy_src_hl_dst_de
   155                          	EXTERN ____sdcc_ll_copy_src_hlsp_dst_de
   156                          	EXTERN ____sdcc_ll_copy_src_hlsp_dst_deixm
   157                          	EXTERN ____sdcc_ll_lsl_hlix_a
   158                          	EXTERN ____sdcc_ll_lsl_mbc_a
   159                          	EXTERN ____sdcc_ll_lsr_hlix_a
   160                          	EXTERN ____sdcc_ll_lsr_mbc_a
   161                          	EXTERN ____sdcc_ll_push_hlix
   162                          	EXTERN ____sdcc_ll_push_mhl
   163                          	EXTERN ____sdcc_ll_sub_de_bc_hl
   164                          	EXTERN ____sdcc_ll_sub_de_bc_hlix
   165                          	EXTERN ____sdcc_ll_sub_de_hlix_bc
   166                          	EXTERN ____sdcc_ll_sub_de_hlix_bcix
   167                          	EXTERN ____sdcc_ll_sub_deix_bc_hl
   168                          	EXTERN ____sdcc_ll_sub_deix_hlix
   169                          	EXTERN ____sdcc_ll_sub_hlix_bc_deix
   170                          	EXTERN ____sdcc_ll_sub_hlix_deix_bc
   171                          	EXTERN ____sdcc_ll_sub_hlix_deix_bcix
   172                          	EXTERN ____sdcc_load_debc_deix
   173                          	EXTERN ____sdcc_load_dehl_deix
   174                          	EXTERN ____sdcc_load_debc_mhl
   175                          	EXTERN ____sdcc_load_hlde_mhl
   176                          	EXTERN ____sdcc_store_dehl_bcix
   177                          	EXTERN ____sdcc_store_debc_hlix
   178                          	EXTERN ____sdcc_store_debc_mhl
   179                          	EXTERN ____sdcc_cpu_pop_ei
   180                          	EXTERN ____sdcc_cpu_pop_ei_jp
   181                          	EXTERN ____sdcc_cpu_push_di
   182                          	EXTERN ____sdcc_outi
   183                          	EXTERN ____sdcc_outi_128
   184                          	EXTERN ____sdcc_outi_256
   185                          	EXTERN ____sdcc_ldi
   186                          	EXTERN ____sdcc_ldi_128
   187                          	EXTERN ____sdcc_ldi_256
   188                          	EXTERN ____sdcc_4_copy_srcd_hlix_dst_deix
   189                          	EXTERN ____sdcc_4_and_src_mbc_mhl_dst_deix
   190                          	EXTERN ____sdcc_4_or_src_mbc_mhl_dst_deix
   191                          	EXTERN ____sdcc_4_xor_src_mbc_mhl_dst_deix
   192                          	EXTERN ____sdcc_4_or_src_dehl_dst_bcix
   193                          	EXTERN ____sdcc_4_xor_src_dehl_dst_bcix
   194                          	EXTERN ____sdcc_4_and_src_dehl_dst_bcix
   195                          	EXTERN ____sdcc_4_xor_src_mbc_mhl_dst_debc
   196                          	EXTERN ____sdcc_4_or_src_mbc_mhl_dst_debc
   197                          	EXTERN ____sdcc_4_and_src_mbc_mhl_dst_debc
   198                          	EXTERN ____sdcc_4_cpl_src_mhl_dst_debc
   199                          	EXTERN ____sdcc_4_xor_src_debc_mhl_dst_debc
   200                          	EXTERN ____sdcc_4_or_src_debc_mhl_dst_debc
   201                          	EXTERN ____sdcc_4_and_src_debc_mhl_dst_debc
   202                          	EXTERN ____sdcc_4_and_src_debc_hlix_dst_debc
   203                          	EXTERN ____sdcc_4_or_src_debc_hlix_dst_debc
   204                          	EXTERN ____sdcc_4_xor_src_debc_hlix_dst_debc
   205                          
   206                          ;--------------------------------------------------------
   207                          ; Public variables in this module
   208                          ;--------------------------------------------------------
   209                          	GLOBAL _main
   210                          	GLOBAL _simple_checksum
   211                          	GLOBAL _xorshift16
   212                          	GLOBAL _fnv1a_16
   213                          	GLOBAL _djb2_16
   214                          	GLOBAL _crc32
   215                          	GLOBAL _crc16
   216                          ;--------------------------------------------------------
   217                          ; Externals used
   218                          ;--------------------------------------------------------
   219                          ;--------------------------------------------------------
   220                          ; special function registers
   221                          ;--------------------------------------------------------
   222                          ;--------------------------------------------------------
   223                          ; ram data
   224                          ;--------------------------------------------------------
   225                          	SECTION bss_compiler
   226                          ;--------------------------------------------------------
   227                          ; ram data
   228                          ;--------------------------------------------------------
   229                          
   230                          IF 0
   231                          
   232                          ; .area _INITIALIZED removed by z88dk
   233                          
   234                          
   235                          ENDIF
   236                          
   237                          ;--------------------------------------------------------
   238                          ; absolute external ram data
   239                          ;--------------------------------------------------------
   240                          	SECTION IGNORE
   241                          ;--------------------------------------------------------
   242                          ; global & static initialisations
   243                          ;--------------------------------------------------------
   244                          	SECTION code_crt_init
   245                          ;--------------------------------------------------------
   246                          ; Home
   247                          ;--------------------------------------------------------
   248                          	SECTION code_home
   249                          ;--------------------------------------------------------
   250                          ; code
   251                          ;--------------------------------------------------------
   252                          	SECTION code_compiler
   253                          ;	genLabel
   254                          ;	genFunction
   255                          ;	---------------------------------
   256                          ; Function crc16
   257                          ; ---------------------------------
   258                          ;	Register assignment might be sub-optimal.
   259                          ; Stack space usage: 4 bytes.
   260                          _crc16:
   261  0000  dde5              	push	ix
   262  0002  dd210000          	ld	ix,0
   263  0006  dd39              	add	ix,sp
   264                          ;	adjustStack by -4
   265  0008  f5                	push	af
   266  0009  f5                	push	af
   267                          ;	genReceive
   268                          ;	AOP_STK for _crc16_data_10000_1
   269                          ;	genMove_o size 2 result type 5 source type 2 hl_dead 1
   270  000a  dd75fe            	ld	(ix-2),l
   271  000d  dd74ff            	ld	(ix-1),h
   272                          ;	genMove_o size 0 result type 5 source type 1 hl_dead 1
   273                          ;	genReceive
   274                          ;	AOP_STK for _crc16_len_10000_1
   275                          ;	genMove_o size 2 result type 5 source type 2 hl_dead 1
   276  0010  c1                	pop	bc
   277                          ; peephole z88dk-394a
   278  0011  d5                	push	de
   279                          ;	genMove_o size 0 result type 5 source type 1 hl_dead 1
   280                          ;	genAssign
   281                          ;	genMove_o size 2 result type 2 source type 1 hl_dead 1
   282  0012  11ffff            	ld	de,0xffff
   283                          ;	genAssign
   284                          ;	genMove_o size 2 result type 2 source type 1 hl_dead 1
   285  0015  010000            	ld	bc,0x0000
   286                          ;	genLabel
   287                          l_crc16_00107:
   288                          ;	genCmpLt
   289                          ;	AOP_STK for _crc16_len_10000_1
   290  0018  79                	ld	a, c
   291  0019  dd96fc            	sub	a,(ix-4)
   292  001c  78                	ld	a, b
   293  001d  dd9efd            	sbc	a,(ix-3)
   294  0020  3029              	jr	NC,l_crc16_00102
   295                          ; peephole 157 changed absolute to relative conditional jump.
   296                          ;	skipping generated iCode
   297                          ;	genPlus
   298                          ;	AOP_STK for _crc16_data_10000_1
   299                          ;	genMove_o size 2 result type 2 source type 5 hl_dead 1
   300  0022  dd6efe            	ld	l,(ix-2)
   301  0025  dd66ff            	ld	h,(ix-1)
   302                          ;	genMove_o size 0 result type 2 source type 1 hl_dead 1
   303  0028  09                	add	hl, bc
   304                          ;	genPointerGet
   305  0029  7e                	ld	a, (hl)
   306                          ;	genCast
   307                          ;	genMove_o size 1 result type 2 source type 2 hl_dead 1
   308                          ;	genMove_o size 1 result type 2 source type 1 hl_dead 1
   309                          ; peephole 1 removed dead load from #0x00 into l.
   310                          ;	genLeftShift
   311                          ; peephole 1 removed dead load from #0x00 into l.
   312                          ;	genXor
   313                          ;	genMove_o size 1 result type 2 source type 2 hl_dead 0
   314  002a  aa                	xor	a, d
   315                          ;	genMove_o size 1 result type 2 source type 2 hl_dead 1
   316  002b  57                	ld	d, a
   317                          ;	genMove_o size 0 result type 2 source type 1 hl_dead 1
   318                          ;	genAssign
   319                          ;	genMove_o size 1 result type 2 source type 1 hl_dead 1
   320  002c  af                	xor	a, a
   321                          ;	genLabel
   322                          l_crc16_00104:
   323                          ;	genCmpLt
   324  002d  fe08              	cp	a,0x08
   325  002f  3017              	jr	NC,l_crc16_00108
   326                          ; peephole 157 changed absolute to relative conditional jump.
   327                          ;	skipping generated iCode
   328                          ;	genLeftShift
   329                          ;	genMove_o size 2 result type 2 source type 2 hl_dead 1
   330  0031  6b                	ld	l, e
   331  0032  62                	ld	h, d
   332                          ;	genMove_o size 0 result type 2 source type 1 hl_dead 1
   333  0033  29                	add	hl, hl
   334                          ;	genAnd
   335  0034  cb7a              	bit	7, d
   336  0036  280c              	jr	Z,l_crc16_00111
   337                          ; peephole 154 changed absolute to relative conditional jump.
   338                          ; peephole 62 removed jp by using inverse jump logic
   339                          ; peephole 149 removed unused label l_crc16_00150$.
   340                          ;	skipping generated iCode
   341                          ;	genCast
   342                          ;	(locations are the same)
   343                          ;	genXor
   344  0038  f5                	push	af
   345  0039  7d                	ld	a, l
   346  003a  ee21              	xor	a,0x21
   347                          ;	genMove_o size 1 result type 2 source type 2 hl_dead 0
   348  003c  5f                	ld	e, a
   349                          ;	genMove_o size 0 result type 2 source type 1 hl_dead 0
   350  003d  7c                	ld	a, h
   351  003e  ee10              	xor	a,0x10
   352                          ;	genMove_o size 1 result type 2 source type 2 hl_dead 1
   353  0040  57                	ld	d, a
   354                          ;	genMove_o size 0 result type 2 source type 1 hl_dead 1
   355  0041  f1                	pop	af
   356                          ;	genCast
   357                          ;	(locations are the same)
   358                          ;	genGoto
   359  0042  1801              	jr	l_crc16_00112
   360                          ; peephole 153 changed absolute to relative unconditional jump.
   361                          ;	genLabel
   362                          l_crc16_00111:
   363                          ;	genAssign
   364                          ;	genMove_o size 2 result type 2 source type 2 hl_dead 1
   365  0044  eb                	ex	de, hl
   366                          ;	genMove_o size 0 result type 2 source type 1 hl_dead 1
   367                          ;	genLabel
   368                          l_crc16_00112:
   369                          ;	genAssign
   370                          ;	(locations are the same)
   371                          ;	genPlus
   372  0045  3c                	inc	a
   373                          ;	genGoto
   374  0046  18e5              	jr	l_crc16_00104
   375                          ; peephole 153 changed absolute to relative unconditional jump.
   376                          ;	genLabel
   377                          l_crc16_00108:
   378                          ;	genPlus
   379  0048  03                	inc	bc
   380                          ;	genGoto
   381  0049  18cd              	jr	l_crc16_00107
   382                          ; peephole 153 changed absolute to relative unconditional jump.
   383                          ;	genLabel
   384                          l_crc16_00102:
   385                          ;	genRet
   386                          ;	genMove_o size 2 result type 2 source type 2 hl_dead 1
   387                          ;	genLabel
   388                          ; peephole 149 removed unused label l_crc16_00109$.
   389                          ;	genEndFunction
   390  004b  ddf9              	ld	sp, ix
   391  004d  dde1              	pop	ix
   392  004f  c9                	ret
   393                          ;	Total crc16 function size at codegen: 6 bytes.
   394                          ;	genLabel
   395                          ;	genFunction
   396                          ;	---------------------------------
   397                          ; Function crc32
   398                          ; ---------------------------------
   399                          ;	Register assignment might be sub-optimal.
   400                          ; Stack space usage: 12 bytes.
   401                          _crc32:
   402  0050  dde5              	push	ix
   403  0052  dd210000          	ld	ix,0
   404  0056  dd39              	add	ix,sp
   405                          ;	adjustStack by -12
   406  0058  4d                	ld	c, l
   407  0059  44                	ld	b, h
   408  005a  21f4ff            	ld	hl, -12
   409  005d  39                	add	hl, sp
   410  005e  f9                	ld	sp, hl
   411                          ;	genReceive
   412                          ;	AOP_STK for _crc32_data_10000_6
   413                          ;	genMove_o size 2 result type 5 source type 2 hl_dead 1
   414  005f  dd71fa            	ld	(ix-6),c
   415                          ; peephole 1 removed dead load from c into l.
   416                          ; peephole z88dk-606ak
   417                          ; peephole 14 loaded b into -5 (ix) directly instead of going through h.
   418  0062  dd70fb            	ld	(ix-5),b
   419                          ;	genMove_o size 0 result type 5 source type 1 hl_dead 1
   420                          ;	genReceive
   421                          ;	AOP_STK for _crc32_len_10000_6
   422                          ;	genMove_o size 2 result type 5 source type 2 hl_dead 1
   423  0065  dd73f8            	ld	(ix-8),e
   424  0068  dd72f9            	ld	(ix-7),d
   425                          ;	genMove_o size 0 result type 5 source type 1 hl_dead 1
   426                          ;	genAssign
   427                          ;	AOP_STK for _crc32_sloc0_1_0
   428                          ;	genMove_o size 4 result type 5 source type 1 hl_dead 1
   429  006b  3eff              	ld	a,0xff
   430  006d  dd77fc            	ld	(ix-4),a
   431  0070  dd77fd            	ld	(ix-3),a
   432  0073  dd77fe            	ld	(ix-2),a
   433  0076  dd77ff            	ld	(ix-1),a
   434                          ; peephole z88dk-460a
   435                          ;	genAssign
   436                          ;	genMove_o size 2 result type 2 source type 1 hl_dead 1
   437  0079  010000            	ld	bc,0x0000
   438                          ;	genLabel
   439                          l_crc32_00107:
   440                          ;	genCmpLt
   441                          ;	AOP_STK for _crc32_len_10000_6
   442  007c  79                	ld	a, c
   443  007d  dd96f8            	sub	a,(ix-8)
   444  0080  78                	ld	a, b
   445  0081  dd9ef9            	sbc	a,(ix-7)
   446  0084  3069              	jr	NC,l_crc32_00102
   447                          ; peephole 157 changed absolute to relative conditional jump.
   448                          ;	skipping generated iCode
   449                          ;	genPlus
   450                          ;	AOP_STK for _crc32_data_10000_6
   451                          ;	genMove_o size 2 result type 2 source type 5 hl_dead 1
   452  0086  dd6efa            	ld	l,(ix-6)
   453  0089  dd66fb            	ld	h,(ix-5)
   454                          ;	genMove_o size 0 result type 2 source type 1 hl_dead 1
   455  008c  09                	add	hl, bc
   456                          ;	genPointerGet
   457  008d  5e                	ld	e, (hl)
   458                          ;	genCast
   459                          ;	genMove_o size 1 result type 2 source type 2 hl_dead 1
   460                          ;	genMove_o size 3 result type 2 source type 1 hl_dead 1
   461  008e  1600              	ld	d,0x00
   462                          ; peephole 1 removed dead load from #0x0000 into hl.
   463                          ;	genXor
   464                          ;	AOP_STK for _crc32_sloc0_1_0
   465  0090  dd7efc            	ld	a,(ix-4)
   466  0093  ab                	xor	a, e
   467                          ;	genMove_o size 1 result type 5 source type 2 hl_dead 0
   468  0094  dd77fc            	ld	(ix-4),a
   469                          ;	genMove_o size 0 result type 5 source type 1 hl_dead 0
   470                          ;	genMove_o size 3 result type 5 source type 5 hl_dead 0
   471                          ;	genAssign
   472                          ;	genMove_o size 1 result type 2 source type 1 hl_dead 1
   473  0097  1e00              	ld	e,0x00
   474                          ;	genLabel
   475                          l_crc32_00104:
   476                          ;	genCmpLt
   477  0099  7b                	ld	a, e
   478  009a  d608              	sub	a,0x08
   479  009c  304e              	jr	NC,l_crc32_00108
   480                          ; peephole 157 changed absolute to relative conditional jump.
   481                          ;	skipping generated iCode
   482                          ;	genRightShift
   483                          ;	AOP_STK for _crc32_sloc1_1_0
   484                          ;	AOP_STK for _crc32_sloc0_1_0
   485                          ;	genMove_o size 4 result type 5 source type 5 hl_dead 1
   486  009e  c5                	push	bc
   487  009f  d5                	push	de
   488  00a0  11f4ff            	ld	de,-12
   489  00a3  210800            	ld	hl,+(-4--12)
   490  00a6  cd0000            	call	____sdcc_4_copy_srcd_hlix_dst_deix
   491                          ; peephole z88dk-code-reduction-316b
   492  00a9  d1                	pop	de
   493  00aa  c1                	pop	bc
   494                          ; peephole z88dk-code-reduction-316a
   495                          ;	genMove_o size 0 result type 5 source type 1 hl_dead 1
   496                          ;	genMove_o size 0 result type 5 source type 1 hl_dead 1
   497  00ab  ddcbf73e          	srl	(ix-9)
   498  00af  ddcbf61e          	rr	(ix-10)
   499  00b3  ddcbf51e          	rr	(ix-11)
   500  00b7  ddcbf41e          	rr	(ix-12)
   501                          ;	genMove_o size 4 result type 5 source type 5 hl_dead 1
   502                          ;	genAnd
   503                          ;	AOP_STK for _crc32_sloc0_1_0
   504  00bb  ddcbfc46          	bit	0,(ix-4)
   505  00bf  2809              	jr	Z,l_crc32_00111
   506                          ; peephole 154 changed absolute to relative conditional jump.
   507                          ; peephole 62 removed jp by using inverse jump logic
   508                          ; peephole 149 removed unused label l_crc32_00152$.
   509                          ;	skipping generated iCode
   510                          ;	genAssign
   511                          ;	genMove_o size 4 result type 2 source type 1 hl_dead 1
   512  00c1  3e20              	ld	a,0x20
   513  00c3  1683              	ld	d,0x83
   514  00c5  21b8ed            	ld	hl,0xedb8
   515                          ;	genGoto
   516  00c8  1804              	jr	l_crc32_00112
   517                          ; peephole 153 changed absolute to relative unconditional jump.
   518                          ;	genLabel
   519                          l_crc32_00111:
   520                          ;	genAssign
   521                          ;	genMove_o size 4 result type 2 source type 1 hl_dead 1
   522  00ca  af                	xor	a, a
   523  00cb  57                	ld	d, a
   524  00cc  6f                	ld	l, a
   525  00cd  67                	ld	h, a
   526                          ;	genLabel
   527                          l_crc32_00112:
   528                          ;	genXor
   529                          ;	AOP_STK for _crc32_sloc1_1_0
   530                          ;	AOP_STK for _crc32_sloc0_1_0
   531  00ce  ddaef4            	xor	a,(ix-12)
   532                          ;	genMove_o size 1 result type 5 source type 2 hl_dead 0
   533  00d1  dd77fc            	ld	(ix-4),a
   534                          ;	genMove_o size 0 result type 5 source type 1 hl_dead 0
   535  00d4  7a                	ld	a, d
   536  00d5  ddaef5            	xor	a,(ix-11)
   537                          ;	genMove_o size 1 result type 5 source type 2 hl_dead 0
   538  00d8  dd77fd            	ld	(ix-3),a
   539                          ;	genMove_o size 0 result type 5 source type 1 hl_dead 0
   540  00db  7d                	ld	a, l
   541  00dc  ddaef6            	xor	a,(ix-10)
   542                          ;	genMove_o size 1 result type 5 source type 2 hl_dead 0
   543  00df  dd77fe            	ld	(ix-2),a
   544                          ;	genMove_o size 0 result type 5 source type 1 hl_dead 0
   545  00e2  7c                	ld	a, h
   546  00e3  ddaef7            	xor	a,(ix-9)
   547                          ;	genMove_o size 1 result type 5 source type 2 hl_dead 1
   548  00e6  dd77ff            	ld	(ix-1),a
   549                          ;	genMove_o size 0 result type 5 source type 1 hl_dead 1
   550                          ;	genPlus
   551  00e9  1c                	inc	e
   552                          ;	genGoto
   553  00ea  18ad              	jr	l_crc32_00104
   554                          ; peephole 153 changed absolute to relative unconditional jump.
   555                          ;	genLabel
   556                          l_crc32_00108:
   557                          ;	genPlus
   558  00ec  03                	inc	bc
   559                          ;	genGoto
   560  00ed  188d              	jr	l_crc32_00107
   561                          ; peephole 153 changed absolute to relative unconditional jump.
   562                          ;	genLabel
   563                          l_crc32_00102:
   564                          ;	genCpl
   565                          ;	AOP_STK for _crc32_sloc0_1_0
   566  00ef  dd7efc            	ld	a,(ix-4)
   567  00f2  2f                	cpl
   568                          ;	genMove_o size 1 result type 2 source type 2 hl_dead 1
   569  00f3  5f                	ld	e, a
   570                          ;	genMove_o size 0 result type 2 source type 1 hl_dead 0
   571  00f4  dd7efd            	ld	a,(ix-3)
   572  00f7  2f                	cpl
   573                          ;	genMove_o size 1 result type 2 source type 2 hl_dead 1
   574  00f8  57                	ld	d, a
   575                          ;	genMove_o size 0 result type 2 source type 1 hl_dead 0
   576  00f9  dd7efe            	ld	a,(ix-2)
   577  00fc  2f                	cpl
   578                          ;	genMove_o size 1 result type 2 source type 2 hl_dead 1
   579  00fd  6f                	ld	l, a
   580                          ;	genMove_o size 0 result type 2 source type 1 hl_dead 0
   581  00fe  dd7eff            	ld	a,(ix-1)
   582  0101  2f                	cpl
   583                          ;	genMove_o size 1 result type 2 source type 2 hl_dead 0
   584  0102  67                	ld	h, a
   585                          ;	genMove_o size 0 result type 2 source type 1 hl_dead 0
   586                          ;	genRet
   587                          ;	genMove_o size 4 result type 2 source type 2 hl_dead 1
   588                          ;	genLabel
   589                          ; peephole 149 removed unused label l_crc32_00109$.
   590                          ;	genEndFunction
   591  0103  ddf9              	ld	sp, ix
   592  0105  dde1              	pop	ix
   593  0107  c9                	ret
   594                          ;	Total crc32 function size at codegen: 6 bytes.
   595                          ;	genLabel
   596                          ;	genFunction
   597                          ;	---------------------------------
   598                          ; Function djb2_16
   599                          ; ---------------------------------
   600                          ;	Register assignment might be sub-optimal.
   601                          ; Stack space usage: 1 bytes.
   602                          _djb2_16:
   603  0108  dde5              	push	ix
   604  010a  dd210000          	ld	ix,0
   605  010e  dd39              	add	ix,sp
   606                          ;	adjustStack by -1
   607  0110  3b                	dec	sp
   608                          ;	genReceive
   609                          ;	genMove_o size 2 result type 2 source type 2 hl_dead 1
   610  0111  4d                	ld	c, l
   611  0112  44                	ld	b, h
   612                          ;	genMove_o size 0 result type 2 source type 1 hl_dead 1
   613                          ;	genAssign
   614                          ;	genMove_o size 2 result type 2 source type 1 hl_dead 1
   615  0113  210515            	ld	hl,0x1505
   616                          ;	genAssign
   617                          ;	AOP_STK for _djb2_16_sloc0_1_0
   618                          ;	genMove_o size 1 result type 5 source type 1 hl_dead 0
   619  0116  dd36ff00          	ld	(ix-1),0x00
   620                          ;	genLabel
   621                          l_djb2_16_00103:
   622                          ;	genCmpLt
   623                          ;	AOP_STK for _djb2_16_sloc0_1_0
   624                          ;	AOP_STK for
   625  011a  dd7eff            	ld	a,(ix-1)
   626  011d  dd9604            	sub	a,(ix+4)
   627  0120  3018              	jr	NC,l_djb2_16_00101
   628                          ; peephole 157 changed absolute to relative conditional jump.
   629                          ;	skipping generated iCode
   630                          ;	genCast
   631                          ;	(locations are the same)
   632                          ;	genMult
   633                          ;fetchPairLong
   634  0122  5d                	ld	e, l
   635  0123  54                	ld	d, h
   636  0124  29                	add	hl, hl
   637  0125  29                	add	hl, hl
   638  0126  29                	add	hl, hl
   639  0127  29                	add	hl, hl
   640  0128  29                	add	hl, hl
   641  0129  19                	add	hl, de
   642                          ;	genMove_o size 2 result type 2 source type 2 hl_dead 1
   643  012a  eb                	ex	de, hl
   644                          ;	genMove_o size 0 result type 2 source type 1 hl_dead 1
   645                          ;	genPlus
   646                          ;	AOP_STK for _djb2_16_sloc0_1_0
   647                          ;	genMove_o size 2 result type 2 source type 5 hl_dead 1
   648  012b  dd6eff            	ld	l,(ix-1)
   649                          ;	genMove_o size 1 result type 2 source type 1 hl_dead 0
   650  012e  2600              	ld	h,0x00
   651  0130  09                	add	hl, bc
   652                          ;	genPointerGet
   653  0131  6e                	ld	l, (hl)
   654                          ;	genCast
   655                          ;	(locations are the same)
   656                          ;	genCast
   657                          ;	genMove_o size 1 result type 2 source type 2 hl_dead 1
   658                          ;	genMove_o size 1 result type 2 source type 1 hl_dead 0
   659  0132  2600              	ld	h,0x00
   660                          ;	genPlus
   661  0134  19                	add	hl, de
   662                          ;	genCast
   663                          ;	(locations are the same)
   664                          ;	genPlus
   665                          ;	AOP_STK for _djb2_16_sloc0_1_0
   666  0135  dd34ff            	inc	(ix-1)
   667                          ;	genGoto
   668  0138  18e0              	jr	l_djb2_16_00103
   669                          ; peephole 153 changed absolute to relative unconditional jump.
   670                          ;	genLabel
   671                          l_djb2_16_00101:
   672                          ;	genRet
   673                          ;	genMove_o size 2 result type 2 source type 2 hl_dead 1
   674                          ;	genMove_o size 0 result type 2 source type 1 hl_dead 1
   675                          ;	genLabel
   676                          ; peephole 149 removed unused label l_djb2_16_00105$.
   677                          ;	genEndFunction
   678                          ;	adjustStack by 1
   679  013a  33                	inc	sp
   680  013b  eb                	ex	de,hl
   681                          ; peephole z88dk-340c
   682  013c  dde1              	pop	ix
   683  013e  e1                	pop	hl
   684                          ;	adjustStack by 1
   685  013f  33                	inc	sp
   686  0140  e9                	jp	(hl)
   687                          ;	Total djb2_16 function size at codegen: 0 bytes.
   688                          ;	genLabel
   689                          ;	genFunction
   690                          ;	---------------------------------
   691                          ; Function fnv1a_16
   692                          ; ---------------------------------
   693                          ;	Register assignment might be sub-optimal.
   694                          ; Stack space usage: 1 bytes.
   695                          _fnv1a_16:
   696  0141  dde5              	push	ix
   697  0143  dd210000          	ld	ix,0
   698  0147  dd39              	add	ix,sp
   699                          ;	adjustStack by -1
   700  0149  3b                	dec	sp
   701                          ;	genReceive
   702                          ;	genMove_o size 2 result type 2 source type 2 hl_dead 1
   703                          ;	genMove_o size 0 result type 2 source type 1 hl_dead 1
   704                          ;	genAssign
   705                          ;	genMove_o size 2 result type 2 source type 1 hl_dead 1
   706  014a  111c81            	ld	de,0x811c
   707                          ; peephole z88dk-485d2
   708                          ;	genAssign
   709                          ;	AOP_STK for _fnv1a_16_sloc0_1_0
   710                          ;	genMove_o size 1 result type 5 source type 1 hl_dead 1
   711  014d  dd36ff00          	ld	(ix-1),0x00
   712  0151  4d                	ld	c,l
   713                          ; peephole z88dk-459e16
   714  0152  44                	ld	b,h
   715                          ; peephole z88dk-459e15
   716                          ;	genLabel
   717                          l_fnv1a_16_00103:
   718                          ;	genCmpLt
   719                          ;	AOP_STK for _fnv1a_16_sloc0_1_0
   720                          ;	AOP_STK for
   721  0153  dd7eff            	ld	a,(ix-1)
   722  0156  dd9604            	sub	a,(ix+4)
   723  0159  301e              	jr	NC,l_fnv1a_16_00101
   724                          ; peephole 157 changed absolute to relative conditional jump.
   725                          ;	skipping generated iCode
   726                          ;	genPlus
   727                          ;	AOP_STK for _fnv1a_16_sloc0_1_0
   728                          ;	genMove_o size 2 result type 2 source type 5 hl_dead 1
   729  015b  dd6eff            	ld	l,(ix-1)
   730                          ;	genMove_o size 1 result type 2 source type 1 hl_dead 0
   731  015e  2600              	ld	h,0x00
   732  0160  09                	add	hl, bc
   733                          ;	genPointerGet
   734  0161  6e                	ld	l, (hl)
   735                          ;	genCast
   736                          ;	genMove_o size 1 result type 2 source type 2 hl_dead 1
   737                          ;	genMove_o size 1 result type 2 source type 1 hl_dead 0
   738                          ; peephole 1 removed dead load from #0x00 into h.
   739                          ;	genXor
   740  0162  7b                	ld	a, e
   741  0163  ad                	xor	a, l
   742                          ;	genMove_o size 1 result type 2 source type 2 hl_dead 0
   743                          ;	genMove_o size 1 result type 2 source type 2 hl_dead 0
   744                          ;	genCast
   745                          ;	genMove_o size 2 result type 2 source type 2 hl_dead 1
   746                          ;	genMove_o size 0 result type 2 source type 1 hl_dead 1
   747                          ;	genMult
   748                          ;fetchPairLong
   749  0164  5f                	ld	e,a
   750  0165  6f                	ld	l,a
   751                          ; peephole z88dk-606aa
   752  0166  62                	ld	h, d
   753  0167  29                	add	hl, hl
   754  0168  19                	add	hl, de
   755  0169  29                	add	hl, hl
   756  016a  29                	add	hl, hl
   757  016b  29                	add	hl, hl
   758  016c  19                	add	hl, de
   759  016d  29                	add	hl, hl
   760  016e  29                	add	hl, hl
   761  016f  29                	add	hl, hl
   762  0170  19                	add	hl, de
   763  0171  29                	add	hl, hl
   764  0172  19                	add	hl, de
   765                          ;	genMove_o size 2 result type 2 source type 2 hl_dead 1
   766  0173  eb                	ex	de, hl
   767                          ;	genMove_o size 0 result type 2 source type 1 hl_dead 1
   768                          ;	genCast
   769                          ;	(locations are the same)
   770                          ;	genPlus
   771                          ;	AOP_STK for _fnv1a_16_sloc0_1_0
   772  0174  dd34ff            	inc	(ix-1)
   773                          ;	genGoto
   774  0177  18da              	jr	l_fnv1a_16_00103
   775                          ; peephole 153 changed absolute to relative unconditional jump.
   776                          ;	genLabel
   777                          l_fnv1a_16_00101:
   778                          ;	genRet
   779                          ;	genMove_o size 2 result type 2 source type 2 hl_dead 1
   780                          ;	genLabel
   781                          ; peephole 149 removed unused label l_fnv1a_16_00105$.
   782                          ;	genEndFunction
   783                          ;	adjustStack by 1
   784  0179  33                	inc	sp
   785  017a  dde1              	pop	ix
   786  017c  e1                	pop	hl
   787                          ;	adjustStack by 1
   788  017d  33                	inc	sp
   789  017e  e9                	jp	(hl)
   790                          ;	Total fnv1a_16 function size at codegen: 0 bytes.
   791                          ;	genLabel
   792                          ;	genFunction
   793                          ;	---------------------------------
   794                          ; Function xorshift16
   795                          ; ---------------------------------
   796                          ;	Register assignment might be sub-optimal.
   797                          ; Stack space usage: 0 bytes.
   798                          _xorshift16:
   799                          ;	genReceive
   800                          ;	genMove_o size 2 result type 2 source type 2 hl_dead 1
   801                          ;	genMove_o size 0 result type 2 source type 1 hl_dead 1
   802                          ;	genLeftShift
   803                          ;	genMove_o size 2 result type 2 source type 2 hl_dead 1
   804  017f  7d                	ld	a,l
   805  0180  4c                	ld	c,h
   806                          ; peephole 79 removed redundant load from ca into hl
   807                          ;	genMove_o size 0 result type 2 source type 1 hl_dead 1
   808  0181  cb3c              	srl	h
   809  0183  cb1d              	rr	l
   810  0185  65                	ld	h,l
   811  0186  2e00              	ld	l,0
   812  0188  cb1d              	rr	l
   813                          ; peephole z88dk-503b2
   814                          ;	genXor
   815  018a  ad                	xor	a, l
   816                          ;	genMove_o size 1 result type 2 source type 2 hl_dead 0
   817  018b  47                	ld	b, a
   818                          ;	genMove_o size 0 result type 2 source type 1 hl_dead 0
   819  018c  79                	ld	a, c
   820  018d  ac                	xor	a, h
   821                          ;	genMove_o size 1 result type 2 source type 2 hl_dead 1
   822                          ;	genMove_o size 0 result type 2 source type 1 hl_dead 1
   823                          ;	genRightShift
   824  018e  4f                	ld	c,a
   825                          ; peephole 70 removed redundant load from c into a.
   826  018f  cb3f              	srl	a
   827  0191  5f                	ld	e, a
   828                          ; peephole 1 removed dead load from #0x00 into d.
   829                          ;	genXor
   830  0192  78                	ld	a, b
   831  0193  ab                	xor	a, e
   832                          ;	genMove_o size 1 result type 2 source type 2 hl_dead 1
   833                          ;	genMove_o size 0 result type 2 source type 1 hl_dead 1
   834                          ;	genMove_o size 1 result type 2 source type 2 hl_dead 1
   835                          ;	genLeftShift
   836  0194  5f                	ld	e,a
   837                          ; peephole 70 removed redundant load from e into a.
   838                          ; peephole 1 removed dead load from #0x00 into b.
   839                          ;	genXor
   840                          ;	genMove_o size 1 result type 2 source type 2 hl_dead 1
   841  0195  a9                	xor	a, c
   842                          ;	genMove_o size 1 result type 2 source type 2 hl_dead 1
   843  0196  57                	ld	d, a
   844                          ;	genMove_o size 0 result type 2 source type 1 hl_dead 1
   845                          ;	genRet
   846                          ;	genMove_o size 2 result type 2 source type 2 hl_dead 1
   847                          ;	genLabel
   848                          ; peephole 149 removed unused label l_xorshift16_00101$.
   849                          ;	genEndFunction
   850  0197  c9                	ret
   851                          ;	Total xorshift16 function size at codegen: 0 bytes.
   852                          ;	genLabel
   853                          ;	genFunction
   854                          ;	---------------------------------
   855                          ; Function simple_checksum
   856                          ; ---------------------------------
   857                          ;	Register assignment is optimal.
   858                          ; Stack space usage: 0 bytes.
   859                          _simple_checksum:
   860  0198  dde5              	push	ix
   861  019a  dd210000          	ld	ix,0
   862  019e  dd39              	add	ix,sp
   863                          ;	genReceive
   864                          ;	genMove_o size 2 result type 2 source type 2 hl_dead 1
   865  01a0  eb                	ex	de, hl
   866                          ;	genMove_o size 0 result type 2 source type 1 hl_dead 1
   867                          ;	genAssign
   868                          ;	genMove_o size 1 result type 2 source type 1 hl_dead 1
   869                          ;	genAssign
   870                          ;	genMove_o size 1 result type 2 source type 1 hl_dead 1
   871  01a1  010000            	ld	bc,0x0000
   872                          ; peephole 69 combined constant loads into register pair.
   873                          ;	genLabel
   874                          l_simple_checksum_00103:
   875                          ;	genCmpLt
   876                          ;	AOP_STK for
   877  01a4  78                	ld	a, b
   878  01a5  dd9604            	sub	a,(ix+4)
   879  01a8  300a              	jr	NC,l_simple_checksum_00101
   880                          ; peephole 157 changed absolute to relative conditional jump.
   881                          ;	skipping generated iCode
   882                          ;	genPlus
   883                          ;	genMove_o size 2 result type 2 source type 2 hl_dead 1
   884  01aa  68                	ld	l, b
   885                          ;	genMove_o size 1 result type 2 source type 1 hl_dead 0
   886  01ab  2600              	ld	h,0x00
   887  01ad  19                	add	hl, de
   888                          ;	genPointerGet
   889  01ae  7e                	ld	a, (hl)
   890                          ;	genPlus
   891  01af  81                	add	a, c
   892  01b0  4f                	ld	c, a
   893                          ;	genPlus
   894  01b1  04                	inc	b
   895                          ;	genGoto
   896  01b2  18f0              	jr	l_simple_checksum_00103
   897                          ; peephole 153 changed absolute to relative unconditional jump.
   898                          ;	genLabel
   899                          l_simple_checksum_00101:
   900                          ;	genCpl
   901  01b4  79                	ld	a, c
   902  01b5  2f                	cpl
   903                          ;	genMove_o size 1 result type 2 source type 2 hl_dead 1
   904                          ;	genCast
   905                          ;	(locations are the same)
   906                          ;	genPlus
   907  01b6  3c                	inc	a
   908                          ;	genRet
   909                          ;	genMove_o size 1 result type 2 source type 2 hl_dead 1
   910                          ;	genLabel
   911                          ; peephole 149 removed unused label l_simple_checksum_00105$.
   912                          ;	genEndFunction
   913  01b7  dde1              	pop	ix
   914  01b9  e1                	pop	hl
   915                          ;	adjustStack by 1
   916  01ba  33                	inc	sp
   917  01bb  e9                	jp	(hl)
   918                          ;	Total simple_checksum function size at codegen: 0 bytes.
   919                          ;	genLabel
   920                          ;	genFunction
   921                          ;	---------------------------------
   922                          ; Function main
   923                          ; ---------------------------------
   924                          ;	Register assignment is optimal.
   925                          ; Stack space usage: 7 bytes.
   926                          _main:
   927  01bc  cd0000            	call	___sdcc_enter_ix
   928                          ;	adjustStack by -7
   929  01bf  21f9ff            	ld	hl, -7
   930  01c2  39                	add	hl, sp
   931  01c3  f9                	ld	sp, hl
   932                          ;	genAssign
   933                          ;	genMove_o size 1 result type 2 source type 1 hl_dead 1
   934  01c4  0e00              	ld	c,0x00
   935                          ;	skipping iCode since result will be rematerialized
   936                          ;	genPointerSet
   937                          ;	genMove_o size 1 result type 5 source type 1 hl_dead 1
   938  01c6  dd36fd41          	ld	(ix-3),0x41
   939                          ;	skipping iCode since result will be rematerialized
   940                          ;	genPointerSet
   941                          ;	genMove_o size 1 result type 5 source type 1 hl_dead 1
   942  01ca  dd36fe42          	ld	(ix-2),0x42
   943                          ;	skipping iCode since result will be rematerialized
   944                          ;	genSend
   945  01ce  c5                	push	bc
   946                          ;	genMove_o size 2 result type 2 source type 1 hl_dead 1
   947  01cf  110200            	ld	de,0x0002
   948                          ;	genSend
   949                          ;	genMove_o size 2 result type 2 source type 7 hl_dead 1
   950  01d2  210600            	ld	hl,6
   951  01d5  39                	add	hl, sp
   952                          ;	genMove_o size 2 result type 2 source type 2 hl_dead 1
   953                          ;	genCall
   954  01d6  cd0000            	call	_crc16
   955                          ;	genMove_o size 2 result type 2 source type 2 hl_dead 1
   956  01d9  c1                	pop	bc
   957                          ;	genCast
   958                          ;	(locations are the same)
   959                          ;	genCmpEq
   960  01da  7b                	ld	a, e
   961  01db  d674              	sub	a,0x74
   962  01dd  2007              	jr	NZ,l_main_00102
   963                          ; peephole 155 changed absolute to relative conditional jump.
   964                          ; peephole 65 jumped to l_main_00102$ directly instead of via l_main_00246$.
   965  01df  7a                	ld	a, d
   966  01e0  d64b              	sub	a,0x4b
   967                          ; peephole 62 removed jp by using inverse jump logic
   968                          ; peephole 149 removed unused label l_main_00246$.
   969  01e2  2002              	jr	NZ,l_main_00102
   970                          ; peephole 155 changed absolute to relative conditional jump.
   971                          ; peephole 63 removed jp by using inverse jump logic
   972                          ; peephole 149 removed unused label l_main_00247$.
   973                          ;	skipping generated iCode
   974                          ;	genAssign
   975                          ;	genMove_o size 1 result type 2 source type 1 hl_dead 1
   976  01e4  0e01              	ld	c,0x01
   977                          ;	genLabel
   978                          l_main_00102:
   979                          ;	skipping iCode since result will be rematerialized
   980                          ;	genPointerSet
   981                          ;	genMove_o size 1 result type 5 source type 1 hl_dead 1
   982  01e6  dd36fe41          	ld	(ix-2),0x41
   983                          ;	skipping iCode since result will be rematerialized
   984                          ;	genSend
   985  01ea  c5                	push	bc
   986                          ;	genMove_o size 2 result type 2 source type 1 hl_dead 1
   987  01eb  110100            	ld	de,0x0001
   988                          ;	genSend
   989                          ;	genMove_o size 2 result type 2 source type 7 hl_dead 1
   990  01ee  210700            	ld	hl,7
   991  01f1  39                	add	hl, sp
   992                          ;	genMove_o size 2 result type 2 source type 2 hl_dead 1
   993                          ;	genCall
   994  01f2  cd5000            	call	_crc32
   995                          ;	genMove_o size 4 result type 2 source type 2 hl_dead 1
   996  01f5  c1                	pop	bc
   997                          ;	genCmpEq
   998  01f6  7b                	ld	a, e
   999  01f7  d68b              	sub	a,0x8b
  1000  01f9  2011              	jr	NZ,l_main_00104
  1001                          ; peephole 155 changed absolute to relative conditional jump.
  1002                          ; peephole 65 jumped to l_main_00104$ directly instead of via l_main_00248$.
  1003  01fb  7a                	ld	a, d
  1004  01fc  d69e              	sub	a,0x9e
  1005  01fe  200c              	jr	NZ,l_main_00104
  1006                          ; peephole 155 changed absolute to relative conditional jump.
  1007                          ; peephole 65 jumped to l_main_00104$ directly instead of via l_main_00248$.
  1008  0200  7d                	ld	a, l
  1009  0201  d6d9              	sub	a,0xd9
  1010  0203  2007              	jr	NZ,l_main_00104
  1011                          ; peephole 155 changed absolute to relative conditional jump.
  1012                          ; peephole 65 jumped to l_main_00104$ directly instead of via l_main_00248$.
  1013  0205  7c                	ld	a, h
  1014  0206  d6d3              	sub	a,0xd3
  1015                          ; peephole 62 removed jp by using inverse jump logic
  1016                          ; peephole 149 removed unused label l_main_00248$.
  1017  0208  2002              	jr	NZ,l_main_00104
  1018                          ; peephole 155 changed absolute to relative conditional jump.
  1019                          ; peephole 63 removed jp by using inverse jump logic
  1020                          ; peephole 149 removed unused label l_main_00249$.
  1021                          ;	skipping generated iCode
  1022                          ;	genCast
  1023                          ;	(locations are the same)
  1024                          ;	genOr
  1025  020a  cbc9              	set	1, c
  1026                          ;	genCast
  1027                          ;	(locations are the same)
  1028                          ;	genCast
  1029                          ;	(locations are the same)
  1030                          ;	genLabel
  1031                          l_main_00104:
  1032                          ;	skipping iCode since result will be rematerialized
  1033                          ;	genPointerSet
  1034                          ;	genMove_o size 1 result type 5 source type 1 hl_dead 1
  1035  020c  dd36fa68          	ld	(ix-6),0x68
  1036                          ;	skipping iCode since result will be rematerialized
  1037                          ;	genPointerSet
  1038                          ;	genMove_o size 1 result type 5 source type 1 hl_dead 1
  1039  0210  dd36fb65          	ld	(ix-5),0x65
  1040                          ;	skipping iCode since result will be rematerialized
  1041                          ;	genPointerSet
  1042                          ;	genMove_o size 1 result type 5 source type 1 hl_dead 1
  1043  0214  dd36fc6c          	ld	(ix-4),0x6c
  1044                          ;	skipping iCode since result will be rematerialized
  1045                          ;	genPointerSet
  1046                          ;	genMove_o size 1 result type 5 source type 1 hl_dead 1
  1047  0218  dd36fd6c          	ld	(ix-3),0x6c
  1048                          ;	skipping iCode since result will be rematerialized
  1049                          ;	genPointerSet
  1050                          ;	genMove_o size 1 result type 5 source type 1 hl_dead 1
  1051  021c  dd36fe6f          	ld	(ix-2),0x6f
  1052                          ;	skipping iCode since result will be rematerialized
  1053                          ;	genIpush
  1054  0220  c5                	push	bc
  1055                          ;	genMove_o size 1 result type 2 source type 1 hl_dead 1
  1056  0221  3e05              	ld	a,0x05
  1057  0223  f5                	push	af
  1058  0224  33                	inc	sp
  1059                          ;	genSend
  1060                          ;	genMove_o size 2 result type 2 source type 7 hl_dead 1
  1061  0225  210400            	ld	hl,4
  1062  0228  39                	add	hl, sp
  1063                          ;	genMove_o size 2 result type 2 source type 2 hl_dead 1
  1064                          ;	genCall
  1065  0229  cd0801            	call	_djb2_16
  1066                          ;	genMove_o size 2 result type 2 source type 2 hl_dead 1
  1067  022c  c1                	pop	bc
  1068                          ;	genCast
  1069                          ;	(locations are the same)
  1070                          ;	genCmpEq
  1071  022d  7b                	ld	a, e
  1072  022e  d699              	sub	a,0x99
  1073  0230  2007              	jr	NZ,l_main_00106
  1074                          ; peephole 155 changed absolute to relative conditional jump.
  1075                          ; peephole 65 jumped to l_main_00106$ directly instead of via l_main_00250$.
  1076  0232  7a                	ld	a, d
  1077  0233  d630              	sub	a,0x30
  1078                          ; peephole 62 removed jp by using inverse jump logic
  1079                          ; peephole 149 removed unused label l_main_00250$.
  1080  0235  2002              	jr	NZ,l_main_00106
  1081                          ; peephole 155 changed absolute to relative conditional jump.
  1082                          ; peephole 63 removed jp by using inverse jump logic
  1083                          ; peephole 149 removed unused label l_main_00251$.
  1084                          ;	skipping generated iCode
  1085                          ;	genCast
  1086                          ;	(locations are the same)
  1087                          ;	genOr
  1088  0237  cbd1              	set	2, c
  1089                          ;	genCast
  1090                          ;	(locations are the same)
  1091                          ;	genCast
  1092                          ;	(locations are the same)
  1093                          ;	genLabel
  1094                          l_main_00106:
  1095                          ;	genAssign
  1096                          ;	AOP_STK for _main_state_20000_30
  1097                          ;	genMove_o size 2 result type 5 source type 1 hl_dead 1
  1098  0239  dd36fdd2          	ld	(ix-3),0xd2
  1099  023d  dd36fe04          	ld	(ix-2),0x04
  1100                          ;	genSend
  1101                          ;	AOP_STK for _main_state_20000_30
  1102  0241  c5                	push	bc
  1103                          ;	genMove_o size 2 result type 2 source type 5 hl_dead 1
  1104  0242  dd6efd            	ld	l,(ix-3)
  1105  0245  dd66fe            	ld	h,(ix-2)
  1106                          ;	genMove_o size 0 result type 2 source type 1 hl_dead 1
  1107                          ;	genCall
  1108  0248  cd7f01            	call	_xorshift16
  1109                          ;	genMove_o size 2 result type 2 source type 2 hl_dead 1
  1110  024b  c1                	pop	bc
  1111                          ;	genAssign
  1112                          ;	AOP_STK for _main_state_20000_30
  1113                          ;	genMove_o size 2 result type 5 source type 2 hl_dead 1
  1114  024c  dd73fd            	ld	(ix-3),e
  1115  024f  dd72fe            	ld	(ix-2),d
  1116                          ;	genMove_o size 0 result type 5 source type 1 hl_dead 1
  1117                          ;	genSend
  1118                          ;	AOP_STK for _main_state_20000_30
  1119  0252  c5                	push	bc
  1120                          ;	genMove_o size 2 result type 2 source type 5 hl_dead 1
  1121  0253  dd6efd            	ld	l,(ix-3)
  1122  0256  dd66fe            	ld	h,(ix-2)
  1123                          ;	genMove_o size 0 result type 2 source type 1 hl_dead 1
  1124                          ;	genCall
  1125  0259  cd7f01            	call	_xorshift16
  1126                          ;	genMove_o size 2 result type 2 source type 2 hl_dead 1
  1127  025c  c1                	pop	bc
  1128                          ;	genAssign
  1129                          ;	AOP_STK for _main_state_20000_30
  1130                          ;	genMove_o size 2 result type 5 source type 2 hl_dead 1
  1131  025d  dd73fd            	ld	(ix-3),e
  1132  0260  dd72fe            	ld	(ix-2),d
  1133                          ;	genMove_o size 0 result type 5 source type 1 hl_dead 1
  1134                          ;	genSend
  1135                          ;	AOP_STK for _main_state_20000_30
  1136  0263  c5                	push	bc
  1137                          ;	genMove_o size 2 result type 2 source type 5 hl_dead 1
  1138  0264  dd6efd            	ld	l,(ix-3)
  1139  0267  dd66fe            	ld	h,(ix-2)
  1140                          ;	genMove_o size 0 result type 2 source type 1 hl_dead 1
  1141                          ;	genCall
  1142  026a  cd7f01            	call	_xorshift16
  1143                          ;	genMove_o size 2 result type 2 source type 2 hl_dead 1
  1144  026d  c1                	pop	bc
  1145                          ;	genAssign
  1146                          ;	AOP_STK for _main_state_20000_30
  1147                          ;	genMove_o size 2 result type 5 source type 2 hl_dead 1
  1148                          ;	genMove_o size 0 result type 5 source type 1 hl_dead 1
  1149                          ;	genCast
  1150                          ;	AOP_STK for _main_state_20000_30
  1151                          ;	genMove_o size 2 result type 2 source type 5 hl_dead 1
  1152                          ; peephole 34 loaded b from e instead of going through -3 (ix).
  1153  026e  dd73fd            	ld	(ix-3),e
  1154  0271  43                	ld	b, e
  1155  0272  dd72fe            	ld	(ix-2),d
  1156  0275  5a                	ld	e,d
  1157                          ; peephole z88dk-75b
  1158                          ;	genMove_o size 0 result type 2 source type 1 hl_dead 1
  1159                          ;	genCmpEq
  1160  0276  78                	ld	a, b
  1161  0277  d63e              	sub	a,0x3e
  1162  0279  2007              	jr	NZ,l_main_00108
  1163                          ; peephole 155 changed absolute to relative conditional jump.
  1164                          ; peephole 65 jumped to l_main_00108$ directly instead of via l_main_00252$.
  1165  027b  7b                	ld	a, e
  1166  027c  d6f0              	sub	a,0xf0
  1167                          ; peephole 62 removed jp by using inverse jump logic
  1168                          ; peephole 149 removed unused label l_main_00252$.
  1169  027e  2002              	jr	NZ,l_main_00108
  1170                          ; peephole 155 changed absolute to relative conditional jump.
  1171                          ; peephole 63 removed jp by using inverse jump logic
  1172                          ; peephole 149 removed unused label l_main_00253$.
  1173                          ;	skipping generated iCode
  1174                          ;	genCast
  1175                          ;	(locations are the same)
  1176                          ;	genOr
  1177  0280  cbd9              	set	3, c
  1178                          ;	genCast
  1179                          ;	(locations are the same)
  1180                          ;	genCast
  1181                          ;	(locations are the same)
  1182                          ;	genLabel
  1183                          l_main_00108:
  1184                          ;	skipping iCode since result will be rematerialized
  1185                          ;	genPointerSet
  1186                          ;	genMove_o size 1 result type 5 source type 1 hl_dead 1
  1187  0282  dd36fb74          	ld	(ix-5),0x74
  1188                          ;	skipping iCode since result will be rematerialized
  1189                          ;	genPointerSet
  1190                          ;	genMove_o size 1 result type 5 source type 1 hl_dead 1
  1191  0286  dd36fc65          	ld	(ix-4),0x65
  1192                          ;	skipping iCode since result will be rematerialized
  1193                          ;	genPointerSet
  1194                          ;	genMove_o size 1 result type 5 source type 1 hl_dead 1
  1195  028a  dd36fd73          	ld	(ix-3),0x73
  1196                          ;	skipping iCode since result will be rematerialized
  1197                          ;	genPointerSet
  1198                          ;	genMove_o size 1 result type 5 source type 1 hl_dead 1
  1199  028e  dd36fe74          	ld	(ix-2),0x74
  1200                          ;	skipping iCode since result will be rematerialized
  1201                          ;	genIpush
  1202  0292  c5                	push	bc
  1203                          ;	genMove_o size 1 result type 2 source type 1 hl_dead 1
  1204  0293  3e04              	ld	a,0x04
  1205  0295  f5                	push	af
  1206  0296  33                	inc	sp
  1207                          ;	genSend
  1208                          ;	genMove_o size 2 result type 2 source type 7 hl_dead 1
  1209  0297  210500            	ld	hl,5
  1210  029a  39                	add	hl, sp
  1211                          ;	genMove_o size 2 result type 2 source type 2 hl_dead 1
  1212                          ;	genCall
  1213  029b  cd4101            	call	_fnv1a_16
  1214                          ;	genMove_o size 2 result type 2 source type 2 hl_dead 1
  1215  029e  c1                	pop	bc
  1216                          ;	genCast
  1217                          ;	(locations are the same)
  1218                          ;	genCmpEq
  1219  029f  7b                	ld	a, e
  1220  02a0  d618              	sub	a,0x18
  1221  02a2  2007              	jr	NZ,l_main_00110
  1222                          ; peephole 155 changed absolute to relative conditional jump.
  1223                          ; peephole 65 jumped to l_main_00110$ directly instead of via l_main_00254$.
  1224  02a4  7a                	ld	a, d
  1225  02a5  d6b3              	sub	a,0xb3
  1226                          ; peephole 62 removed jp by using inverse jump logic
  1227                          ; peephole 149 removed unused label l_main_00254$.
  1228  02a7  2002              	jr	NZ,l_main_00110
  1229                          ; peephole 155 changed absolute to relative conditional jump.
  1230                          ; peephole 63 removed jp by using inverse jump logic
  1231                          ; peephole 149 removed unused label l_main_00255$.
  1232                          ;	skipping generated iCode
  1233                          ;	genCast
  1234                          ;	(locations are the same)
  1235                          ;	genOr
  1236  02a9  cbe1              	set	4, c
  1237                          ;	genCast
  1238                          ;	(locations are the same)
  1239                          ;	genCast
  1240                          ;	(locations are the same)
  1241                          ;	genLabel
  1242                          l_main_00110:
  1243                          ;	skipping iCode since result will be rematerialized
  1244                          ;	genPointerSet
  1245                          ;	genMove_o size 1 result type 5 source type 1 hl_dead 1
  1246  02ab  dd36fb12          	ld	(ix-5),0x12
  1247                          ;	skipping iCode since result will be rematerialized
  1248                          ;	genPointerSet
  1249                          ;	genMove_o size 1 result type 5 source type 1 hl_dead 1
  1250  02af  dd36fc34          	ld	(ix-4),0x34
  1251                          ;	skipping iCode since result will be rematerialized
  1252                          ;	genPointerSet
  1253                          ;	genMove_o size 1 result type 5 source type 1 hl_dead 1
  1254  02b3  dd36fd56          	ld	(ix-3),0x56
  1255                          ;	skipping iCode since result will be rematerialized
  1256                          ;	genPointerSet
  1257                          ;	genMove_o size 1 result type 5 source type 1 hl_dead 1
  1258  02b7  dd36fe78          	ld	(ix-2),0x78
  1259                          ;	skipping iCode since result will be rematerialized
  1260                          ;	genIpush
  1261  02bb  c5                	push	bc
  1262                          ;	genMove_o size 1 result type 2 source type 1 hl_dead 1
  1263  02bc  3e04              	ld	a,0x04
  1264  02be  f5                	push	af
  1265  02bf  33                	inc	sp
  1266                          ;	genSend
  1267                          ;	genMove_o size 2 result type 2 source type 7 hl_dead 1
  1268  02c0  210500            	ld	hl,5
  1269  02c3  39                	add	hl, sp
  1270                          ;	genMove_o size 2 result type 2 source type 2 hl_dead 1
  1271                          ;	genCall
  1272  02c4  cd9801            	call	_simple_checksum
  1273                          ;	genMove_o size 1 result type 2 source type 2 hl_dead 1
  1274  02c7  57                	ld	d, a
  1275                          ;	genMove_o size 0 result type 2 source type 1 hl_dead 1
  1276  02c8  c1                	pop	bc
  1277                          ;	genAssign
  1278                          ;	genMove_o size 1 result type 2 source type 1 hl_dead 1
  1279                          ;	genAssign
  1280                          ;	genMove_o size 1 result type 2 source type 1 hl_dead 1
  1281  02c9  0600              	ld	b,0x00
  1282  02cb  58                	ld	e,b
  1283                          ; peephole z88dk-606an2
  1284                          ;	genLabel
  1285                          l_main_00125:
  1286                          ;	genCmpLt
  1287  02cc  7b                	ld	a, e
  1288  02cd  d604              	sub	a,0x04
  1289  02cf  300f              	jr	NC,l_main_00111
  1290                          ; peephole 157 changed absolute to relative conditional jump.
  1291                          ;	skipping generated iCode
  1292                          ;	genPlus
  1293  02d1  d5                	push	de
  1294                          ;	genMove_o size 2 result type 2 source type 2 hl_dead 1
  1295                          ;	genMove_o size 1 result type 2 source type 1 hl_dead 1
  1296  02d2  1600              	ld	d,0x00
  1297                          ;	genMove_o size 2 result type 2 source type 7 hl_dead 1
  1298  02d4  210400            	ld	hl,4
  1299  02d7  39                	add	hl, sp
  1300                          ;	genMove_o size 2 result type 2 source type 2 hl_dead 1
  1301  02d8  19                	add	hl, de
  1302  02d9  d1                	pop	de
  1303                          ;	genMove_o size 2 result type 2 source type 2 hl_dead 1
  1304                          ;	genPointerGet
  1305  02da  7e                	ld	a, (hl)
  1306                          ;	genPlus
  1307  02db  80                	add	a, b
  1308  02dc  47                	ld	b, a
  1309                          ;	genPlus
  1310  02dd  1c                	inc	e
  1311                          ;	genGoto
  1312  02de  18ec              	jr	l_main_00125
  1313                          ; peephole 153 changed absolute to relative unconditional jump.
  1314                          ;	genLabel
  1315                          l_main_00111:
  1316                          ;	genPlus
  1317  02e0  78                	ld	a, b
  1318  02e1  82                	add	a, d
  1319                          ;	genIfx
  1320  02e2  b7                	or	a, a
  1321  02e3  2007              	jr	NZ,l_main_00113
  1322                          ; peephole 155 changed absolute to relative conditional jump.
  1323                          ;	genCmpEq
  1324  02e5  7a                	ld	a, d
  1325  02e6  d6ec              	sub	a,0xec
  1326                          ; peephole 62 removed jp by using inverse jump logic
  1327                          ; peephole 149 removed unused label l_main_00256$.
  1328  02e8  2002              	jr	NZ,l_main_00113
  1329                          ; peephole 155 changed absolute to relative conditional jump.
  1330                          ; peephole 63 removed jp by using inverse jump logic
  1331                          ; peephole 149 removed unused label l_main_00257$.
  1332                          ;	skipping generated iCode
  1333                          ;	genCast
  1334                          ;	(locations are the same)
  1335                          ;	genOr
  1336  02ea  cbe9              	set	5, c
  1337                          ;	genCast
  1338                          ;	(locations are the same)
  1339                          ;	genCast
  1340                          ;	(locations are the same)
  1341                          ;	genLabel
  1342                          l_main_00113:
  1343                          ;	skipping iCode since result will be rematerialized
  1344                          ;	genPointerSet
  1345                          ;	genMove_o size 1 result type 5 source type 1 hl_dead 1
  1346  02ec  dd36f941          	ld	(ix-7),0x41
  1347                          ;	skipping iCode since result will be rematerialized
  1348                          ;	genPointerSet
  1349                          ;	genMove_o size 1 result type 5 source type 1 hl_dead 1
  1350  02f0  dd36fa42          	ld	(ix-6),0x42
  1351                          ;	skipping iCode since result will be rematerialized
  1352                          ;	genPointerSet
  1353                          ;	genMove_o size 1 result type 5 source type 1 hl_dead 1
  1354  02f4  dd36fb43          	ld	(ix-5),0x43
  1355                          ;	skipping iCode since result will be rematerialized
  1356                          ;	genPointerSet
  1357                          ;	genMove_o size 1 result type 5 source type 1 hl_dead 1
  1358  02f8  dd36fc44          	ld	(ix-4),0x44
  1359                          ;	skipping iCode since result will be rematerialized
  1360                          ;	genPointerSet
  1361                          ;	genMove_o size 1 result type 5 source type 1 hl_dead 1
  1362  02fc  dd36fd45          	ld	(ix-3),0x45
  1363                          ;	skipping iCode since result will be rematerialized
  1364                          ;	genPointerSet
  1365                          ;	genMove_o size 1 result type 5 source type 1 hl_dead 1
  1366  0300  dd36fe46          	ld	(ix-2),0x46
  1367                          ;	skipping iCode since result will be rematerialized
  1368                          ;	genSend
  1369  0304  c5                	push	bc
  1370                          ;	genMove_o size 2 result type 2 source type 1 hl_dead 1
  1371  0305  110600            	ld	de,0x0006
  1372                          ;	genSend
  1373                          ;	genMove_o size 2 result type 2 source type 7 hl_dead 1
  1374  0308  210200            	ld	hl,2
  1375  030b  39                	add	hl, sp
  1376                          ;	genMove_o size 2 result type 2 source type 2 hl_dead 1
  1377                          ;	genCall
  1378  030c  cd0000            	call	_crc16
  1379                          ;	genMove_o size 2 result type 2 source type 2 hl_dead 1
  1380  030f  c1                	pop	bc
  1381                          ;	genCast
  1382                          ;	(locations are the same)
  1383                          ;	genCmpEq
  1384  0310  7b                	ld	a, e
  1385  0311  d65d              	sub	a,0x5d
  1386  0313  2007              	jr	NZ,l_main_00116
  1387                          ; peephole 155 changed absolute to relative conditional jump.
  1388                          ; peephole 65 jumped to l_main_00116$ directly instead of via l_main_00258$.
  1389  0315  7a                	ld	a, d
  1390  0316  d69a              	sub	a,0x9a
  1391                          ; peephole 62 removed jp by using inverse jump logic
  1392                          ; peephole 149 removed unused label l_main_00258$.
  1393  0318  2002              	jr	NZ,l_main_00116
  1394                          ; peephole 155 changed absolute to relative conditional jump.
  1395                          ; peephole 63 removed jp by using inverse jump logic
  1396                          ; peephole 149 removed unused label l_main_00259$.
  1397                          ;	skipping generated iCode
  1398                          ;	genCast
  1399                          ;	(locations are the same)
  1400                          ;	genOr
  1401  031a  cbf1              	set	6, c
  1402                          ;	genCast
  1403                          ;	(locations are the same)
  1404                          ;	genCast
  1405                          ;	(locations are the same)
  1406                          ;	genLabel
  1407                          l_main_00116:
  1408                          ;	genAssign
  1409                          ;	AOP_STK for _main_state_20000_38
  1410                          ;	genMove_o size 2 result type 5 source type 1 hl_dead 1
  1411  031c  dd36fd2a          	ld	(ix-3),0x2a
  1412  0320  af                	xor	a, a
  1413  0321  dd77fe            	ld	(ix-2),a
  1414                          ;	genSend
  1415                          ;	AOP_STK for _main_state_20000_38
  1416  0324  c5                	push	bc
  1417                          ;	genMove_o size 2 result type 2 source type 5 hl_dead 1
  1418  0325  dd6efd            	ld	l,(ix-3)
  1419  0328  dd66fe            	ld	h,(ix-2)
  1420                          ;	genMove_o size 0 result type 2 source type 1 hl_dead 1
  1421                          ;	genCall
  1422  032b  cd7f01            	call	_xorshift16
  1423                          ;	genMove_o size 2 result type 2 source type 2 hl_dead 1
  1424  032e  c1                	pop	bc
  1425                          ;	genAssign
  1426                          ;	AOP_STK for _main_state_20000_38
  1427                          ;	genMove_o size 2 result type 5 source type 2 hl_dead 1
  1428  032f  dd73fd            	ld	(ix-3),e
  1429  0332  dd72fe            	ld	(ix-2),d
  1430                          ;	genMove_o size 0 result type 5 source type 1 hl_dead 1
  1431                          ;	genDummyRead
  1432                          ;	AOP_STK for _main_state_20000_38
  1433                          ; peephole 8 removed dead load from -3 (ix) into a.
  1434                          ; peephole 8 removed dead load from -2 (ix) into a.
  1435                          ;	genAssign
  1436                          ;	AOP_STK for _main_sloc0_1_0
  1437                          ;	genMove_o size 1 result type 5 source type 1 hl_dead 1
  1438  0335  dd36ff01          	ld	(ix-1),0x01
  1439                          ;	genAssign
  1440                          ;	genMove_o size 1 result type 2 source type 1 hl_dead 1
  1441  0339  0600              	ld	b,0x00
  1442                          ;	genLabel
  1443                          l_main_00128:
  1444                          ;	genCmpLt
  1445  033b  78                	ld	a, b
  1446  033c  d609              	sub	a,0x09
  1447  033e  3026              	jr	NC,l_main_00119
  1448                          ; peephole 157 changed absolute to relative conditional jump.
  1449                          ;	skipping generated iCode
  1450                          ;	genAssign
  1451                          ;	AOP_STK for _main_state_20000_38
  1452                          ;	genMove_o size 2 result type 2 source type 5 hl_dead 1
  1453  0340  dd5efd            	ld	e,(ix-3)
  1454  0343  dd56fe            	ld	d,(ix-2)
  1455                          ;	genMove_o size 0 result type 2 source type 1 hl_dead 1
  1456                          ;	genSend
  1457                          ;	AOP_STK for _main_state_20000_38
  1458  0346  c5                	push	bc
  1459  0347  d5                	push	de
  1460                          ;	genMove_o size 2 result type 2 source type 5 hl_dead 1
  1461  0348  dd6efd            	ld	l,(ix-3)
  1462  034b  dd66fe            	ld	h,(ix-2)
  1463                          ;	genMove_o size 0 result type 2 source type 1 hl_dead 1
  1464                          ;	genCall
  1465  034e  cd7f01            	call	_xorshift16
  1466                          ;	genMove_o size 2 result type 2 source type 2 hl_dead 1
  1467  0351  eb                	ex	de, hl
  1468                          ;	genMove_o size 0 result type 2 source type 1 hl_dead 1
  1469  0352  d1                	pop	de
  1470  0353  c1                	pop	bc
  1471                          ;	genAssign
  1472                          ;	AOP_STK for _main_state_20000_38
  1473                          ;	genMove_o size 2 result type 5 source type 2 hl_dead 1
  1474                          ;	genMove_o size 0 result type 5 source type 1 hl_dead 1
  1475                          ;	genCmpEq
  1476                          ;	AOP_STK for _main_state_20000_38
  1477                          ;fetchPairLong
  1478  0354  dd75fd            	ld	(ix-3),l
  1479  0357  dd74fe            	ld	(ix-2),h
  1480                          ; peephole z88dk-55
  1481                          ;fetchPairLong
  1482  035a  af                	xor	a,a
  1483  035b  ed52              	sbc	hl,de
  1484                          ; peephole z88dk-420a
  1485                          ; peephole 62 removed jp by using inverse jump logic
  1486                          ; peephole 149 removed unused label l_main_00260$.
  1487  035d  2004              	jr	NZ,l_main_00129
  1488                          ; peephole 155 changed absolute to relative conditional jump.
  1489                          ; peephole 63 removed jp by using inverse jump logic
  1490                          ; peephole 149 removed unused label l_main_00261$.
  1491                          ;	skipping generated iCode
  1492                          ;	genAssign
  1493                          ;	AOP_STK for _main_sloc0_1_0
  1494                          ;	genMove_o size 1 result type 5 source type 1 hl_dead 1
  1495  035f  dd36ff00          	ld	(ix-1),0x00
  1496                          ;	genLabel
  1497                          l_main_00129:
  1498                          ;	genPlus
  1499  0363  04                	inc	b
  1500                          ;	genGoto
  1501  0364  18d5              	jr	l_main_00128
  1502                          ; peephole 153 changed absolute to relative unconditional jump.
  1503                          ;	genLabel
  1504                          l_main_00119:
  1505                          ;	genIfx
  1506                          ;	AOP_STK for _main_sloc0_1_0
  1507  0366  dd7eff            	ld	a,(ix-1)
  1508  0369  b7                	or	a, a
  1509  036a  2815              	jr	Z,l_main_00121
  1510                          ; peephole 154 changed absolute to relative conditional jump.
  1511                          ;	genCast
  1512                          ;	AOP_STK for _main_state_20000_38
  1513                          ;	genMove_o size 2 result type 2 source type 5 hl_dead 1
  1514                          ;	genMove_o size 0 result type 2 source type 1 hl_dead 1
  1515                          ;	genCmpEq
  1516                          ; peephole 13 loaded -3 (ix) into a directly instead of going through b.
  1517  036c  dd5efe            	ld	e,(ix-2)
  1518  036f  dd7efd            	ld	a,(ix-3)
  1519                          ; peephole z88dk-75c
  1520  0372  d62a              	sub	a,0x2a
  1521  0374  b3                	or	a, e
  1522  0375  280a              	jr	Z,l_main_00121
  1523                          ; peephole 154 changed absolute to relative conditional jump.
  1524                          ; peephole 62 removed jp by using inverse jump logic
  1525                          ; peephole 149 removed unused label l_main_00262$.
  1526                          ;	skipping generated iCode
  1527                          ;	genIfx
  1528                          ;	AOP_STK for _main_state_20000_38
  1529  0377  dd7efe            	ld	a,(ix-2)
  1530  037a  ddb6fd            	or	a,(ix-3)
  1531  037d  2802              	jr	Z,l_main_00121
  1532                          ; peephole 154 changed absolute to relative conditional jump.
  1533                          ;	genCast
  1534                          ;	(locations are the same)
  1535                          ;	genOr
  1536  037f  cbf9              	set	7, c
  1537                          ;	genCast
  1538                          ;	(locations are the same)
  1539                          ;	genCast
  1540                          ;	(locations are the same)
  1541                          ;	genLabel
  1542                          l_main_00121:
  1543                          ;	genCast
  1544                          ;	genMove_o size 1 result type 2 source type 2 hl_dead 1
  1545                          ;	genMove_o size 1 result type 2 source type 1 hl_dead 1
  1546  0381  1600              	ld	d,0x00
  1547                          ;	genRet
  1548                          ;	genMove_o size 2 result type 2 source type 2 hl_dead 1
  1549  0383  59                	ld	e, c
  1550                          ;	genMove_o size 0 result type 2 source type 1 hl_dead 1
  1551                          ;	genLabel
  1552                          ; peephole 149 removed unused label l_main_00130$.
  1553                          ;	genEndFunction
  1554  0384  ddf9              	ld	sp, ix
  1555  0386  dde1              	pop	ix
  1556  0388  c9                	ret
  1557                          ;	Total main function size at codegen: 51 bytes.
  1558                          	SECTION IGNORE
  1559                          
