/tmp/tmpXXBfMfkD.asm:
     1                          MODULE bench_i16_arith_c
     2                          LINE 0, "/work/programs/bench_i16_arith.c"
/work/programs/bench_i16_arith.c:
                                
     1                          ;--------------------------------------------------------
     2                          ; File Created by SDCC : free open source ISO C Compiler
     3                          ; Version 4.5.0 #15242 (Linux)
     4                          ;--------------------------------------------------------
     5                          ; Processed by Z88DK
     6                          ;--------------------------------------------------------
     7                          
     8                          	EXTERN __divschar
     9                          	EXTERN __divschar_callee
    10                          	EXTERN __divsint
    11                          	EXTERN __divsint_callee
    12                          	EXTERN __divslong
    13                          	EXTERN __divslong_callee
    14                          	EXTERN __divslonglong
    15                          	EXTERN __divslonglong_callee
    16                          	EXTERN __divsuchar
    17                          	EXTERN __divsuchar_callee
    18                          	EXTERN __divuchar
    19                          	EXTERN __divuchar_callee
    20                          	EXTERN __divuint
    21                          	EXTERN __divuint_callee
    22                          	EXTERN __divulong
    23                          	EXTERN __divulong_callee
    24                          	EXTERN __divulonglong
    25                          	EXTERN __divulonglong_callee
    26                          	EXTERN __divuschar
    27                          	EXTERN __divuschar_callee
    28                          	EXTERN __modschar
    29                          	EXTERN __modschar_callee
    30                          	EXTERN __modsint
    31                          	EXTERN __modsint_callee
    32                          	EXTERN __modslong
    33                          	EXTERN __modslong_callee
    34                          	EXTERN __modslonglong
    35                          	EXTERN __modslonglong_callee
    36                          	EXTERN __modsuchar
    37                          	EXTERN __modsuchar_callee
    38                          	EXTERN __moduchar
    39                          	EXTERN __moduchar_callee
    40                          	EXTERN __moduint
    41                          	EXTERN __moduint_callee
    42                          	EXTERN __modulong
    43                          	EXTERN __modulong_callee
    44                          	EXTERN __modulonglong
    45                          	EXTERN __modulonglong_callee
    46                          	EXTERN __moduschar
    47                          	EXTERN __moduschar_callee
    48                          	EXTERN __mulint
    49                          	EXTERN __mulint_callee
    50                          	EXTERN __mullong
    51                          	EXTERN __mullong_callee
    52                          	EXTERN __mullonglong
    53                          	EXTERN __mullonglong_callee
    54                          	EXTERN __mulschar
    55                          	EXTERN __mulschar_callee
    56                          	EXTERN __mulsuchar
    57                          	EXTERN __mulsuchar_callee
    58                          	EXTERN __muluchar
    59                          	EXTERN __muluchar_callee
    60                          	EXTERN __muluschar
    61                          	EXTERN __muluschar_callee
    62                          	EXTERN __rlslonglong
    63                          	EXTERN __rlslonglong_callee
    64                          	EXTERN __rlulonglong
    65                          	EXTERN __rlulonglong_callee
    66                          	EXTERN __rrslonglong
    67                          	EXTERN __rrslonglong_callee
    68                          	EXTERN __rrulonglong
    69                          	EXTERN __rrulonglong_callee
    70                          	EXTERN ___mulsint2slong
    71                          	EXTERN ___mulsint2slong_callee
    72                          	EXTERN ___muluint2ulong
    73                          	EXTERN ___muluint2ulong_callee
    74                          	EXTERN ___sdcc_call_hl
    75                          	EXTERN ___sdcc_call_iy
    76                          	EXTERN ___sdcc_enter_ix
    77                          	EXTERN banked_call
    78                          	EXTERN _banked_ret
    79                          	EXTERN ___fs2schar
    80                          	EXTERN ___fs2schar_callee
    81                          	EXTERN ___fs2sint
    82                          	EXTERN ___fs2sint_callee
    83                          	EXTERN ___fs2slong
    84                          	EXTERN ___fs2slong_callee
    85                          	EXTERN ___fs2slonglong
    86                          	EXTERN ___fs2slonglong_callee
    87                          	EXTERN ___fs2uchar
    88                          	EXTERN ___fs2uchar_callee
    89                          	EXTERN ___fs2uint
    90                          	EXTERN ___fs2uint_callee
    91                          	EXTERN ___fs2ulong
    92                          	EXTERN ___fs2ulong_callee
    93                          	EXTERN ___fs2ulonglong
    94                          	EXTERN ___fs2ulonglong_callee
    95                          	EXTERN ___fsadd
    96                          	EXTERN ___fsadd_callee
    97                          	EXTERN ___fsdiv
    98                          	EXTERN ___fsdiv_callee
    99                          	EXTERN ___fseq
   100                          	EXTERN ___fseq_callee
   101                          	EXTERN ___fsgt
   102                          	EXTERN ___fsgt_callee
   103                          	EXTERN ___fslt
   104                          	EXTERN ___fslt_callee
   105                          	EXTERN ___fsmul
   106                          	EXTERN ___fsmul_callee
   107                          	EXTERN ___fsneq
   108                          	EXTERN ___fsneq_callee
   109                          	EXTERN ___fssub
   110                          	EXTERN ___fssub_callee
   111                          	EXTERN ___schar2fs
   112                          	EXTERN ___schar2fs_callee
   113                          	EXTERN ___sint2fs
   114                          	EXTERN ___sint2fs_callee
   115                          	EXTERN ___slong2fs
   116                          	EXTERN ___slong2fs_callee
   117                          	EXTERN ___slonglong2fs
   118                          	EXTERN ___slonglong2fs_callee
   119                          	EXTERN ___uchar2fs
   120                          	EXTERN ___uchar2fs_callee
   121                          	EXTERN ___uint2fs
   122                          	EXTERN ___uint2fs_callee
   123                          	EXTERN ___ulong2fs
   124                          	EXTERN ___ulong2fs_callee
   125                          	EXTERN ___ulonglong2fs
   126                          	EXTERN ___ulonglong2fs_callee
   127                          	EXTERN ____sdcc_2_copy_src_mhl_dst_deix
   128                          	EXTERN ____sdcc_2_copy_src_mhl_dst_bcix
   129                          	EXTERN ____sdcc_4_copy_src_mhl_dst_deix
   130                          	EXTERN ____sdcc_4_copy_src_mhl_dst_bcix
   131                          	EXTERN ____sdcc_4_copy_src_mhl_dst_mbc
   132                          	EXTERN ____sdcc_4_ldi_nosave_bc
   133                          	EXTERN ____sdcc_4_ldi_save_bc
   134                          	EXTERN ____sdcc_4_push_hlix
   135                          	EXTERN ____sdcc_4_push_mhl
   136                          	EXTERN ____sdcc_lib_setmem_hl
   137                          	EXTERN ____sdcc_ll_add_de_bc_hl
   138                          	EXTERN ____sdcc_ll_add_de_bc_hlix
   139                          	EXTERN ____sdcc_ll_add_de_hlix_bc
   140                          	EXTERN ____sdcc_ll_add_de_hlix_bcix
   141                          	EXTERN ____sdcc_ll_add_deix_bc_hl
   142                          	EXTERN ____sdcc_ll_add_deix_hlix
   143                          	EXTERN ____sdcc_ll_add_hlix_bc_deix
   144                          	EXTERN ____sdcc_ll_add_hlix_deix_bc
   145                          	EXTERN ____sdcc_ll_add_hlix_deix_bcix
   146                          	EXTERN ____sdcc_ll_asr_hlix_a
   147                          	EXTERN ____sdcc_ll_asr_mbc_a
   148                          	EXTERN ____sdcc_ll_copy_src_de_dst_hlix
   149                          	EXTERN ____sdcc_ll_copy_src_de_dst_hlsp
   150                          	EXTERN ____sdcc_ll_copy_src_deix_dst_hl
   151                          	EXTERN ____sdcc_ll_copy_src_deix_dst_hlix
   152                          	EXTERN ____sdcc_ll_copy_src_deixm_dst_hlsp
   153                          	EXTERN ____sdcc_ll_copy_src_desp_dst_hlsp
   154                          	EXTERN ____sdcc_ll_copy_src_hl_dst_de
   155                          	EXTERN ____sdcc_ll_copy_src_hlsp_dst_de
   156                          	EXTERN ____sdcc_ll_copy_src_hlsp_dst_deixm
   157                          	EXTERN ____sdcc_ll_lsl_hlix_a
   158                          	EXTERN ____sdcc_ll_lsl_mbc_a
   159                          	EXTERN ____sdcc_ll_lsr_hlix_a
   160                          	EXTERN ____sdcc_ll_lsr_mbc_a
   161                          	EXTERN ____sdcc_ll_push_hlix
   162                          	EXTERN ____sdcc_ll_push_mhl
   163                          	EXTERN ____sdcc_ll_sub_de_bc_hl
   164                          	EXTERN ____sdcc_ll_sub_de_bc_hlix
   165                          	EXTERN ____sdcc_ll_sub_de_hlix_bc
   166                          	EXTERN ____sdcc_ll_sub_de_hlix_bcix
   167                          	EXTERN ____sdcc_ll_sub_deix_bc_hl
   168                          	EXTERN ____sdcc_ll_sub_deix_hlix
   169                          	EXTERN ____sdcc_ll_sub_hlix_bc_deix
   170                          	EXTERN ____sdcc_ll_sub_hlix_deix_bc
   171                          	EXTERN ____sdcc_ll_sub_hlix_deix_bcix
   172                          	EXTERN ____sdcc_load_debc_deix
   173                          	EXTERN ____sdcc_load_dehl_deix
   174                          	EXTERN ____sdcc_load_debc_mhl
   175                          	EXTERN ____sdcc_load_hlde_mhl
   176                          	EXTERN ____sdcc_store_dehl_bcix
   177                          	EXTERN ____sdcc_store_debc_hlix
   178                          	EXTERN ____sdcc_store_debc_mhl
   179                          	EXTERN ____sdcc_cpu_pop_ei
   180                          	EXTERN ____sdcc_cpu_pop_ei_jp
   181                          	EXTERN ____sdcc_cpu_push_di
   182                          	EXTERN ____sdcc_outi
   183                          	EXTERN ____sdcc_outi_128
   184                          	EXTERN ____sdcc_outi_256
   185                          	EXTERN ____sdcc_ldi
   186                          	EXTERN ____sdcc_ldi_128
   187                          	EXTERN ____sdcc_ldi_256
   188                          	EXTERN ____sdcc_4_copy_srcd_hlix_dst_deix
   189                          	EXTERN ____sdcc_4_and_src_mbc_mhl_dst_deix
   190                          	EXTERN ____sdcc_4_or_src_mbc_mhl_dst_deix
   191                          	EXTERN ____sdcc_4_xor_src_mbc_mhl_dst_deix
   192                          	EXTERN ____sdcc_4_or_src_dehl_dst_bcix
   193                          	EXTERN ____sdcc_4_xor_src_dehl_dst_bcix
   194                          	EXTERN ____sdcc_4_and_src_dehl_dst_bcix
   195                          	EXTERN ____sdcc_4_xor_src_mbc_mhl_dst_debc
   196                          	EXTERN ____sdcc_4_or_src_mbc_mhl_dst_debc
   197                          	EXTERN ____sdcc_4_and_src_mbc_mhl_dst_debc
   198                          	EXTERN ____sdcc_4_cpl_src_mhl_dst_debc
   199                          	EXTERN ____sdcc_4_xor_src_debc_mhl_dst_debc
   200                          	EXTERN ____sdcc_4_or_src_debc_mhl_dst_debc
   201                          	EXTERN ____sdcc_4_and_src_debc_mhl_dst_debc
   202                          	EXTERN ____sdcc_4_and_src_debc_hlix_dst_debc
   203                          	EXTERN ____sdcc_4_or_src_debc_hlix_dst_debc
   204                          	EXTERN ____sdcc_4_xor_src_debc_hlix_dst_debc
   205                          
   206                          ;--------------------------------------------------------
   207                          ; Public variables in this module
   208                          ;--------------------------------------------------------
   209                          	GLOBAL _main
   210                          ;--------------------------------------------------------
   211                          ; Externals used
   212                          ;--------------------------------------------------------
   213                          ;--------------------------------------------------------
   214                          ; special function registers
   215                          ;--------------------------------------------------------
   216                          ;--------------------------------------------------------
   217                          ; ram data
   218                          ;--------------------------------------------------------
   219                          	SECTION bss_compiler
   220                          ;--------------------------------------------------------
   221                          ; ram data
   222                          ;--------------------------------------------------------
   223                          
   224                          IF 0
   225                          
   226                          ; .area _INITIALIZED removed by z88dk
   227                          
   228                          
   229                          ENDIF
   230                          
   231                          ;--------------------------------------------------------
   232                          ; absolute external ram data
   233                          ;--------------------------------------------------------
   234                          	SECTION IGNORE
   235                          ;--------------------------------------------------------
   236                          ; global & static initialisations
   237                          ;--------------------------------------------------------
   238                          	SECTION code_crt_init
   239                          ;--------------------------------------------------------
   240                          ; Home
   241                          ;--------------------------------------------------------
   242                          	SECTION code_home
   243                          ;--------------------------------------------------------
   244                          ; code
   245                          ;--------------------------------------------------------
   246                          	SECTION code_compiler
   247                          ;	genLabel
   248                          ;	genFunction
   249                          ;	---------------------------------
   250                          ; Function main
   251                          ; ---------------------------------
   252                          ;	Register assignment is optimal.
   253                          ; Stack space usage: 16 bytes.
   254                          _main:
   255  0000  cd0000            	call	___sdcc_enter_ix
   256                          ;	adjustStack by -16
   257  0003  21f0ff            	ld	hl, -16
   258  0006  39                	add	hl, sp
   259  0007  f9                	ld	sp, hl
   260                          ;	genAssign
   261                          ;	genMove_o size 1 result type 2 source type 1 hl_dead 1
   262  0008  0e00              	ld	c,0x00
   263                          ;	genAssign
   264                          ;	AOP_STK for _main_a_20000_2
   265                          ;	genMove_o size 2 result type 5 source type 1 hl_dead 1
   266  000a  dd36f6d2          	ld	(ix-10),0xd2
   267  000e  dd36f704          	ld	(ix-9),0x04
   268                          ;	genAssign
   269                          ;	AOP_STK for _main_b_20000_2
   270                          ;	genMove_o size 2 result type 5 source type 1 hl_dead 1
   271  0012  dd36f805          	ld	(ix-8),0x05
   272  0016  af                	xor	a, a
   273  0017  dd77f9            	ld	(ix-7),a
   274                          ;	genSend
   275                          ;	AOP_STK for _main_b_20000_2
   276  001a  c5                	push	bc
   277                          ;	genMove_o size 2 result type 2 source type 5 hl_dead 1
   278  001b  dd5ef8            	ld	e,(ix-8)
   279  001e  dd56f9            	ld	d,(ix-7)
   280                          ;	genMove_o size 0 result type 2 source type 1 hl_dead 1
   281                          ;	genSend
   282                          ;	AOP_STK for _main_a_20000_2
   283                          ;	genMove_o size 2 result type 2 source type 5 hl_dead 1
   284  0021  dd6ef6            	ld	l,(ix-10)
   285  0024  dd66f7            	ld	h,(ix-9)
   286                          ;	genMove_o size 0 result type 2 source type 1 hl_dead 1
   287                          ;	genCall
   288  0027  cd0000            	call	__mulint
   289                          ;	genMove_o size 2 result type 2 source type 2 hl_dead 1
   290  002a  eb                	ex	de, hl
   291                          ;	genMove_o size 0 result type 2 source type 1 hl_dead 1
   292  002b  c1                	pop	bc
   293                          ;	genSend
   294                          ;	AOP_STK for _main_b_20000_2
   295  002c  e5                	push	hl
   296  002d  c5                	push	bc
   297                          ;	genMove_o size 2 result type 2 source type 5 hl_dead 0
   298  002e  dd5ef8            	ld	e,(ix-8)
   299  0031  dd56f9            	ld	d,(ix-7)
   300                          ;	genMove_o size 0 result type 2 source type 1 hl_dead 0
   301                          ;	genSend
   302                          ;	genMove_o size 2 result type 2 source type 2 hl_dead 0
   303                          ;	genCall
   304  0034  cd0000            	call	__divuint
   305                          ;	genMove_o size 2 result type 2 source type 2 hl_dead 1
   306  0037  c1                	pop	bc
   307  0038  e1                	pop	hl
   308                          ;	genCast
   309                          ;	(locations are the same)
   310                          ;	genCmpEq
   311  0039  7d                	ld	a, l
   312  003a  d61a              	sub	a,0x1a
   313  003c  2011              	jr	NZ,l_main_00102
   314                          ; peephole 155 changed absolute to relative conditional jump.
   315                          ; peephole 65 jumped to l_main_00102$ directly instead of via l_main_00257$.
   316  003e  7c                	ld	a, h
   317  003f  d618              	sub	a,0x18
   318                          ; peephole 62 removed jp by using inverse jump logic
   319                          ; peephole 149 removed unused label l_main_00257$.
   320  0041  200c              	jr	NZ,l_main_00102
   321                          ; peephole 155 changed absolute to relative conditional jump.
   322                          ; peephole 63 removed jp by using inverse jump logic
   323                          ; peephole 149 removed unused label l_main_00258$.
   324                          ;	skipping generated iCode
   325                          ;	genCast
   326                          ;	(locations are the same)
   327                          ;	genCmpEq
   328  0043  7b                	ld	a, e
   329  0044  d6d2              	sub	a,0xd2
   330  0046  2007              	jr	NZ,l_main_00102
   331                          ; peephole 155 changed absolute to relative conditional jump.
   332                          ; peephole 65 jumped to l_main_00102$ directly instead of via l_main_00259$.
   333  0048  7a                	ld	a, d
   334  0049  d604              	sub	a,0x04
   335                          ; peephole 62 removed jp by using inverse jump logic
   336                          ; peephole 149 removed unused label l_main_00259$.
   337  004b  2002              	jr	NZ,l_main_00102
   338                          ; peephole 155 changed absolute to relative conditional jump.
   339                          ; peephole 63 removed jp by using inverse jump logic
   340                          ; peephole 149 removed unused label l_main_00260$.
   341                          ;	skipping generated iCode
   342                          ;	genAssign
   343                          ;	genMove_o size 1 result type 2 source type 1 hl_dead 1
   344  004d  0e01              	ld	c,0x01
   345                          ;	genLabel
   346                          l_main_00102:
   347                          ;	genAssign
   348                          ;	AOP_STK for _main_a_20000_3
   349                          ;	genMove_o size 2 result type 5 source type 1 hl_dead 1
   350  004f  dd36f650          	ld	(ix-10),0x50
   351  0053  dd36f7c3          	ld	(ix-9),0xc3
   352                          ;	genAssign
   353                          ;	AOP_STK for _main_b_20000_3
   354                          ;	genMove_o size 2 result type 5 source type 1 hl_dead 1
   355  0057  dd36f8bc          	ld	(ix-8),0xbc
   356  005b  dd36f902          	ld	(ix-7),0x02
   357                          ;	genSend
   358                          ;	AOP_STK for _main_b_20000_3
   359  005f  c5                	push	bc
   360                          ;	genMove_o size 2 result type 2 source type 5 hl_dead 1
   361  0060  dd5ef8            	ld	e,(ix-8)
   362  0063  dd56f9            	ld	d,(ix-7)
   363                          ;	genMove_o size 0 result type 2 source type 1 hl_dead 1
   364                          ;	genSend
   365                          ;	AOP_STK for _main_a_20000_3
   366                          ;	genMove_o size 2 result type 2 source type 5 hl_dead 1
   367  0066  dd6ef6            	ld	l,(ix-10)
   368  0069  dd66f7            	ld	h,(ix-9)
   369                          ;	genMove_o size 0 result type 2 source type 1 hl_dead 1
   370                          ;	genCall
   371  006c  cd0000            	call	__divuint
   372                          ;	genMove_o size 2 result type 2 source type 2 hl_dead 1
   373  006f  eb                	ex	de, hl
   374                          ;	genMove_o size 0 result type 2 source type 1 hl_dead 1
   375  0070  c1                	pop	bc
   376                          ;	genSend
   377                          ;	AOP_STK for _main_b_20000_3
   378  0071  e5                	push	hl
   379  0072  c5                	push	bc
   380                          ;	genMove_o size 2 result type 2 source type 5 hl_dead 0
   381  0073  dd5ef8            	ld	e,(ix-8)
   382  0076  dd56f9            	ld	d,(ix-7)
   383                          ;	genMove_o size 0 result type 2 source type 1 hl_dead 0
   384                          ;	genSend
   385                          ;	AOP_STK for _main_a_20000_3
   386                          ;	genMove_o size 2 result type 2 source type 5 hl_dead 0
   387  0079  dd6ef6            	ld	l,(ix-10)
   388  007c  dd66f7            	ld	h,(ix-9)
   389                          ;	genMove_o size 0 result type 2 source type 1 hl_dead 1
   390                          ;	genCall
   391  007f  cd0000            	call	__moduint
   392                          ;	genMove_o size 2 result type 2 source type 2 hl_dead 1
   393  0082  c1                	pop	bc
   394  0083  e1                	pop	hl
   395                          ;	genCast
   396                          ;	(locations are the same)
   397                          ;	genCmpEq
   398  0084  7d                	ld	a, l
   399  0085  d647              	sub	a,0x47
   400  0087  b4                	or	a, h
   401                          ; peephole 62 removed jp by using inverse jump logic
   402                          ; peephole 149 removed unused label l_main_00261$.
   403  0088  200a              	jr	NZ,l_main_00105
   404                          ; peephole 155 changed absolute to relative conditional jump.
   405                          ; peephole 63 removed jp by using inverse jump logic
   406                          ; peephole 149 removed unused label l_main_00262$.
   407                          ;	skipping generated iCode
   408                          ;	genCast
   409                          ;	(locations are the same)
   410                          ;	genCmpEq
   411  008a  7b                	ld	a, e
   412  008b  d62c              	sub	a,0x2c
   413  008d  2005              	jr	NZ,l_main_00105
   414                          ; peephole 155 changed absolute to relative conditional jump.
   415                          ; peephole 65 jumped to l_main_00105$ directly instead of via l_main_00263$.
   416  008f  15                	dec	d
   417                          ; peephole 62 removed jp by using inverse jump logic
   418                          ; peephole 149 removed unused label l_main_00263$.
   419  0090  2002              	jr	NZ,l_main_00105
   420                          ; peephole 155 changed absolute to relative conditional jump.
   421                          ; peephole 63 removed jp by using inverse jump logic
   422                          ; peephole 149 removed unused label l_main_00264$.
   423                          ;	skipping generated iCode
   424                          ;	genCast
   425                          ;	(locations are the same)
   426                          ;	genOr
   427  0092  cbc9              	set	1, c
   428                          ;	genCast
   429                          ;	(locations are the same)
   430                          ;	genCast
   431                          ;	(locations are the same)
   432                          ;	genLabel
   433                          l_main_00105:
   434                          ;	genAssign
   435                          ;	AOP_STK for _main_a_20000_4
   436                          ;	genMove_o size 2 result type 5 source type 1 hl_dead 1
   437  0094  dd36f61c          	ld	(ix-10),0x1c
   438  0098  dd36f7f3          	ld	(ix-9),0xf3
   439                          ;	genAssign
   440                          ;	AOP_STK for _main_b_20000_4
   441                          ;	genMove_o size 2 result type 5 source type 1 hl_dead 1
   442  009c  dd36f80b          	ld	(ix-8),0x0b
   443  00a0  af                	xor	a, a
   444  00a1  dd77f9            	ld	(ix-7),a
   445                          ;	genSend
   446                          ;	AOP_STK for _main_b_20000_4
   447  00a4  c5                	push	bc
   448                          ;	genMove_o size 2 result type 2 source type 5 hl_dead 1
   449  00a5  dd5ef8            	ld	e,(ix-8)
   450  00a8  dd56f9            	ld	d,(ix-7)
   451                          ;	genMove_o size 0 result type 2 source type 1 hl_dead 1
   452                          ;	genSend
   453                          ;	AOP_STK for _main_a_20000_4
   454                          ;	genMove_o size 2 result type 2 source type 5 hl_dead 1
   455  00ab  dd6ef6            	ld	l,(ix-10)
   456  00ae  dd66f7            	ld	h,(ix-9)
   457                          ;	genMove_o size 0 result type 2 source type 1 hl_dead 1
   458                          ;	genCall
   459  00b1  cd0000            	call	__divsint
   460                          ;	genMove_o size 2 result type 2 source type 2 hl_dead 1
   461  00b4  eb                	ex	de, hl
   462                          ;	genMove_o size 0 result type 2 source type 1 hl_dead 1
   463  00b5  c1                	pop	bc
   464                          ;	genSend
   465                          ;	AOP_STK for _main_b_20000_4
   466  00b6  e5                	push	hl
   467  00b7  c5                	push	bc
   468                          ;	genMove_o size 2 result type 2 source type 5 hl_dead 0
   469  00b8  dd5ef8            	ld	e,(ix-8)
   470  00bb  dd56f9            	ld	d,(ix-7)
   471                          ;	genMove_o size 0 result type 2 source type 1 hl_dead 0
   472                          ;	genSend
   473                          ;	AOP_STK for _main_a_20000_4
   474                          ;	genMove_o size 2 result type 2 source type 5 hl_dead 0
   475  00be  dd6ef6            	ld	l,(ix-10)
   476  00c1  dd66f7            	ld	h,(ix-9)
   477                          ;	genMove_o size 0 result type 2 source type 1 hl_dead 1
   478                          ;	genCall
   479  00c4  cd0000            	call	__modsint
   480                          ;	genMove_o size 2 result type 2 source type 2 hl_dead 1
   481  00c7  c1                	pop	bc
   482  00c8  e1                	pop	hl
   483                          ;	genCast
   484                          ;	(locations are the same)
   485                          ;	genCmpEq
   486  00c9  7d                	ld	a, l
   487  00ca  d6d4              	sub	a,0xd4
   488  00cc  200b              	jr	NZ,l_main_00108
   489                          ; peephole 155 changed absolute to relative conditional jump.
   490                          ; peephole 65 jumped to l_main_00108$ directly instead of via l_main_00265$.
   491  00ce  7c                	ld	a, h
   492  00cf  d6fe              	sub	a,0xfe
   493                          ; peephole 62 removed jp by using inverse jump logic
   494                          ; peephole 149 removed unused label l_main_00265$.
   495  00d1  2006              	jr	NZ,l_main_00108
   496                          ; peephole 155 changed absolute to relative conditional jump.
   497                          ; peephole 63 removed jp by using inverse jump logic
   498                          ; peephole 149 removed unused label l_main_00266$.
   499                          ;	skipping generated iCode
   500                          ;	genIfx
   501  00d3  7a                	ld	a, d
   502  00d4  b3                	or	a, e
   503  00d5  2002              	jr	NZ,l_main_00108
   504                          ; peephole 155 changed absolute to relative conditional jump.
   505                          ;	genCast
   506                          ;	(locations are the same)
   507                          ;	genOr
   508  00d7  cbd1              	set	2, c
   509                          ;	genCast
   510                          ;	(locations are the same)
   511                          ;	genCast
   512                          ;	(locations are the same)
   513                          ;	genLabel
   514                          l_main_00108:
   515                          ;	genAssign
   516                          ;	AOP_STK for _main_a_20000_5
   517                          ;	genMove_o size 2 result type 5 source type 1 hl_dead 1
   518                          ;	genLeftShift
   519                          ;	AOP_STK for _main_a_20000_5
   520                          ;	AOP_STK for _main_sloc0_1_0
   521                          ;	genMove_o size 2 result type 5 source type 5 hl_dead 1
   522  00d9  dd36f834          	ld	(ix-8),0x34
   523                          ; peephole z88dk-414a
   524                          ; peephole 12 loaded #0x34 into -6 (ix) directly instead of going through a.
   525  00dd  dd36f912          	ld	(ix-7),0x12
   526                          ; peephole z88dk-414a
   527                          ; peephole 12 loaded #0x12 into -5 (ix) directly instead of going through a.
   528                          ;	genMove_o size 0 result type 5 source type 1 hl_dead 1
   529  00e1  213412            	ld	hl,0x1234
   530                          ; peephole 68 combined constant loads into register pair.
   531  00e4  29                	add	hl,hl
   532  00e5  dd75fa            	ld	(ix-6),l
   533  00e8  dd74fb            	ld	(ix-5),h
   534                          ; peephole z88dk-414g2
   535                          ;	genRightShift
   536                          ;	AOP_STK for _main_a_20000_5
   537                          ;	AOP_STK for _main_sloc1_1_0
   538                          ;	genMove_o size 2 result type 5 source type 5 hl_dead 1
   539  00eb  dd7ef8            	ld	a,(ix-8)
   540  00ee  dd77fc            	ld	(ix-4),a
   541  00f1  dd7ef9            	ld	a,(ix-7)
   542  00f4  dd77fd            	ld	(ix-3),a
   543                          ;	genMove_o size 0 result type 5 source type 1 hl_dead 1
   544  00f7  0604              	ld	b,0x04
   545                          l_main_00268:
   546  00f9  ddcbfd3e          	srl	(ix-3)
   547  00fd  ddcbfc1e          	rr	(ix-4)
   548  0101  10f6              	djnz	l_main_00268
   549                          ;	genLeftShift
   550                          ;	AOP_STK for _main_a_20000_5
   551                          ;	genMove_o size 2 result type 2 source type 5 hl_dead 1
   552  0103  dd6ef8            	ld	l,(ix-8)
   553  0106  dd66f9            	ld	h,(ix-7)
   554                          ;	genMove_o size 0 result type 2 source type 1 hl_dead 1
   555  0109  29                	add	hl, hl
   556  010a  29                	add	hl, hl
   557  010b  29                	add	hl, hl
   558  010c  29                	add	hl, hl
   559                          ;fetchPairLong
   560  010d  eb                	ex	de,hl
   561                          ; peephole z88dk-601b
   562                          ;	genRightShift
   563                          ;	AOP_STK for _main_a_20000_5
   564                          ;	AOP_STK for _main_sloc2_1_0
   565  010e  dd7ef9            	ld	a,(ix-7)
   566  0111  07                	rlca
   567  0112  07                	rlca
   568  0113  07                	rlca
   569  0114  07                	rlca
   570  0115  e60f              	and	a,0x0f
   571                          ;	genOr
   572                          ;	AOP_STK for _main_sloc2_1_0
   573  0117  dd77fe            	ld	(ix-2),a
   574  011a  dd36ff00          	ld	(ix-1),0x00
   575  011e  b3                	or	a,e
   576                          ; peephole z88dk-397k3
   577                          ;	genMove_o size 1 result type 2 source type 2 hl_dead 1
   578  011f  47                	ld	b, a
   579                          ;	genMove_o size 0 result type 2 source type 1 hl_dead 1
   580                          ;	genMove_o size 1 result type 2 source type 2 hl_dead 1
   581                          ;	genCast
   582                          ;	AOP_STK for _main_sloc0_1_0
   583                          ;	genMove_o size 2 result type 2 source type 5 hl_dead 1
   584                          ;	genMove_o size 0 result type 2 source type 1 hl_dead 1
   585                          ;	genCmpEq
   586                          ; peephole 13 loaded -6 (ix) into a directly instead of going through e.
   587  0120  dd6efb            	ld	l,(ix-5)
   588  0123  dd7efa            	ld	a,(ix-6)
   589                          ; peephole z88dk-75c
   590  0126  d668              	sub	a,0x68
   591  0128  201e              	jr	NZ,l_main_00111
   592                          ; peephole 155 changed absolute to relative conditional jump.
   593                          ; peephole 65 jumped to l_main_00111$ directly instead of via l_main_00269$.
   594  012a  7d                	ld	a, l
   595  012b  d624              	sub	a,0x24
   596                          ; peephole 62 removed jp by using inverse jump logic
   597                          ; peephole 149 removed unused label l_main_00269$.
   598  012d  2019              	jr	NZ,l_main_00111
   599                          ; peephole 155 changed absolute to relative conditional jump.
   600                          ; peephole 63 removed jp by using inverse jump logic
   601                          ; peephole 149 removed unused label l_main_00270$.
   602                          ;	skipping generated iCode
   603                          ;	genCast
   604                          ;	AOP_STK for _main_sloc1_1_0
   605                          ;	genMove_o size 2 result type 2 source type 5 hl_dead 1
   606                          ;	genMove_o size 0 result type 2 source type 1 hl_dead 1
   607                          ;	genCmpEq
   608                          ; peephole 13 loaded -4 (ix) into a directly instead of going through e.
   609  012f  dd6efd            	ld	l,(ix-3)
   610  0132  dd7efc            	ld	a,(ix-4)
   611                          ; peephole z88dk-75c
   612  0135  d623              	sub	a,0x23
   613  0137  200f              	jr	NZ,l_main_00111
   614                          ; peephole 155 changed absolute to relative conditional jump.
   615                          ; peephole 65 jumped to l_main_00111$ directly instead of via l_main_00271$.
   616  0139  2d                	dec	l
   617                          ; peephole 62 removed jp by using inverse jump logic
   618                          ; peephole 149 removed unused label l_main_00271$.
   619  013a  200c              	jr	NZ,l_main_00111
   620                          ; peephole 155 changed absolute to relative conditional jump.
   621                          ; peephole 63 removed jp by using inverse jump logic
   622                          ; peephole 149 removed unused label l_main_00272$.
   623                          ;	skipping generated iCode
   624                          ;	genCast
   625                          ;	(locations are the same)
   626                          ;	genCmpEq
   627  013c  78                	ld	a, b
   628  013d  d641              	sub	a,0x41
   629  013f  2007              	jr	NZ,l_main_00111
   630                          ; peephole 155 changed absolute to relative conditional jump.
   631                          ; peephole 65 jumped to l_main_00111$ directly instead of via l_main_00273$.
   632  0141  7a                	ld	a, d
   633  0142  d623              	sub	a,0x23
   634                          ; peephole 62 removed jp by using inverse jump logic
   635                          ; peephole 149 removed unused label l_main_00273$.
   636  0144  2002              	jr	NZ,l_main_00111
   637                          ; peephole 155 changed absolute to relative conditional jump.
   638                          ; peephole 63 removed jp by using inverse jump logic
   639                          ; peephole 149 removed unused label l_main_00274$.
   640                          ;	skipping generated iCode
   641                          ;	genCast
   642                          ;	(locations are the same)
   643                          ;	genOr
   644  0146  cbd9              	set	3, c
   645                          ;	genCast
   646                          ;	(locations are the same)
   647                          ;	genCast
   648                          ;	(locations are the same)
   649                          ;	genLabel
   650                          l_main_00111:
   651                          ;	genAssign
   652                          ;	AOP_STK for _main_a_20000_6
   653                          ;	genMove_o size 2 result type 5 source type 1 hl_dead 1
   654  0148  dd36f600          	ld	(ix-10),0x00
   655  014c  dd36f7ff          	ld	(ix-9),0xff
   656                          ;	genAssign
   657                          ;	AOP_STK for _main_b_20000_6
   658                          ;	genMove_o size 2 result type 5 source type 1 hl_dead 1
   659  0150  dd36f8f0          	ld	(ix-8),0xf0
   660  0154  dd36f90f          	ld	(ix-7),0x0f
   661                          ;	genXor
   662                          ;	AOP_STK for _main_a_20000_6
   663                          ;	AOP_STK for _main_b_20000_6
   664  0158  dd7ef6            	ld	a,(ix-10)
   665  015b  ddaef8            	xor	a,(ix-8)
   666                          ;	genMove_o size 1 result type 2 source type 2 hl_dead 1
   667  015e  57                	ld	d, a
   668                          ;	genMove_o size 0 result type 2 source type 1 hl_dead 0
   669  015f  dd7ef7            	ld	a,(ix-9)
   670  0162  ddaef9            	xor	a,(ix-7)
   671                          ;	genMove_o size 1 result type 2 source type 2 hl_dead 1
   672  0165  6f                	ld	l, a
   673                          ;	genMove_o size 0 result type 2 source type 1 hl_dead 1
   674                          ;	genAnd
   675                          ;	AOP_STK for _main_a_20000_6
   676                          ;	AOP_STK for _main_b_20000_6
   677  0166  dd7ef6            	ld	a,(ix-10)
   678  0169  dda6f8            	and	a,(ix-8)
   679                          ;	genMove_o size 1 result type 2 source type 2 hl_dead 0
   680  016c  47                	ld	b, a
   681                          ;	genMove_o size 0 result type 2 source type 1 hl_dead 0
   682  016d  dd7ef7            	ld	a,(ix-9)
   683  0170  dda6f9            	and	a,(ix-7)
   684                          ;	genMove_o size 1 result type 2 source type 2 hl_dead 0
   685  0173  5f                	ld	e, a
   686                          ;	genMove_o size 0 result type 2 source type 1 hl_dead 0
   687                          ;	genOr
   688                          ;	AOP_STK for _main_a_20000_6
   689                          ;	AOP_STK for _main_b_20000_6
   690                          ;	AOP_STK for _main_sloc3_1_0
   691  0174  dd7ef6            	ld	a,(ix-10)
   692  0177  ddb6f8            	or	a,(ix-8)
   693                          ;	genMove_o size 1 result type 5 source type 2 hl_dead 0
   694  017a  dd77fe            	ld	(ix-2),a
   695                          ;	genMove_o size 0 result type 5 source type 1 hl_dead 0
   696  017d  dd7ef7            	ld	a,(ix-9)
   697  0180  ddb6f9            	or	a,(ix-7)
   698                          ;	genMove_o size 1 result type 5 source type 2 hl_dead 0
   699  0183  dd77ff            	ld	(ix-1),a
   700                          ;	genMove_o size 0 result type 5 source type 1 hl_dead 0
   701                          ;	genCast
   702                          ;	(locations are the same)
   703                          ;	genCmpEq
   704  0186  7a                	ld	a, d
   705  0187  d6f0              	sub	a,0xf0
   706  0189  201d              	jr	NZ,l_main_00115
   707                          ; peephole 155 changed absolute to relative conditional jump.
   708                          ; peephole 65 jumped to l_main_00115$ directly instead of via l_main_00275$.
   709  018b  7d                	ld	a, l
   710                          ; peephole 62 removed jp by using inverse jump logic
   711                          ; peephole 149 removed unused label l_main_00275$.
   712                          ; peephole 63 removed jp by using inverse jump logic
   713                          ; peephole 149 removed unused label l_main_00276$.
   714                          ;	skipping generated iCode
   715                          ;	genCast
   716                          ;	(locations are the same)
   717                          ;	genCmpEq
   718  018c  d6f0              	sub	a,0xf0
   719  018e  2018              	jr	NZ,l_main_00115
   720                          ; peephole 155 changed absolute to relative conditional jump.
   721  0190  b0                	or	a,b
   722                          ; peephole 104 shortened or using a (which has just been tested to be #0x00).
   723  0191  2015              	jr	NZ,l_main_00115
   724                          ; peephole 155 changed absolute to relative conditional jump.
   725                          ; peephole 65 jumped to l_main_00115$ directly instead of via l_main_00277$.
   726  0193  7b                	ld	a, e
   727  0194  d60f              	sub	a,0x0f
   728                          ; peephole 62 removed jp by using inverse jump logic
   729                          ; peephole 149 removed unused label l_main_00277$.
   730  0196  2010              	jr	NZ,l_main_00115
   731                          ; peephole 155 changed absolute to relative conditional jump.
   732                          ; peephole 63 removed jp by using inverse jump logic
   733                          ; peephole 149 removed unused label l_main_00278$.
   734                          ;	skipping generated iCode
   735                          ;	genCast
   736                          ;	AOP_STK for _main_sloc3_1_0
   737                          ;	genMove_o size 2 result type 2 source type 5 hl_dead 1
   738  0198  dd46fe            	ld	b,(ix-2)
   739  019b  dd5eff            	ld	e,(ix-1)
   740                          ;	genMove_o size 0 result type 2 source type 1 hl_dead 1
   741                          ;	genCmpEq
   742  019e  78                	ld	a, b
   743  019f  d6f0              	sub	a,0xf0
   744  01a1  2005              	jr	NZ,l_main_00115
   745                          ; peephole 155 changed absolute to relative conditional jump.
   746                          ; peephole 65 jumped to l_main_00115$ directly instead of via l_main_00279$.
   747  01a3  1c                	inc	e
   748                          ; peephole 62 removed jp by using inverse jump logic
   749                          ; peephole 149 removed unused label l_main_00279$.
   750  01a4  2002              	jr	NZ,l_main_00115
   751                          ; peephole 155 changed absolute to relative conditional jump.
   752                          ; peephole 63 removed jp by using inverse jump logic
   753                          ; peephole 149 removed unused label l_main_00280$.
   754                          ;	skipping generated iCode
   755                          ;	genCast
   756                          ;	(locations are the same)
   757                          ;	genOr
   758  01a6  cbe1              	set	4, c
   759                          ;	genCast
   760                          ;	(locations are the same)
   761                          ;	genCast
   762                          ;	(locations are the same)
   763                          ;	genLabel
   764                          l_main_00115:
   765                          ;	genAssign
   766                          ;	AOP_STK for _main_a_20000_7
   767                          ;fetchPairLong
   768  01a8  211027            	ld	hl,0x2710
   769                          ;	genMove_o size 2 result type 5 source type 2 hl_dead 1
   770  01ab  e3                	ex	(sp), hl
   771                          ;	genMove_o size 0 result type 5 source type 1 hl_dead 1
   772                          ;	genAssign
   773                          ;	AOP_STK for _main_b_20000_7
   774                          ;	genMove_o size 2 result type 5 source type 1 hl_dead 1
   775  01ac  dd36f288          	ld	(ix-14),0x88
   776  01b0  dd36f313          	ld	(ix-13),0x13
   777                          ;	genAssign
   778                          ;	AOP_STK for _main_c_20000_7
   779                          ;	genMove_o size 2 result type 5 source type 1 hl_dead 1
   780  01b4  dd36f4b8          	ld	(ix-12),0xb8
   781  01b8  dd36f50b          	ld	(ix-11),0x0b
   782                          ;	genAssign
   783                          ;	AOP_STK for _main_d_20000_7
   784                          ;	genMove_o size 2 result type 5 source type 1 hl_dead 1
   785  01bc  dd36f6d0          	ld	(ix-10),0xd0
   786  01c0  dd36f707          	ld	(ix-9),0x07
   787                          ;	genAssign
   788                          ;	AOP_STK for _main_e_20000_7
   789                          ;	genMove_o size 2 result type 5 source type 1 hl_dead 1
   790  01c4  dd36f8a0          	ld	(ix-8),0xa0
   791  01c8  dd36f90f          	ld	(ix-7),0x0f
   792                          ;	genPlus
   793                          ;	AOP_STK for _main_a_20000_7
   794                          ;	AOP_STK for _main_b_20000_7
   795  01cc  dd7ef0            	ld	a,(ix-16)
   796  01cf  dd86f2            	add	a,(ix-14)
   797  01d2  47                	ld	b, a
   798  01d3  dd7ef1            	ld	a,(ix-15)
   799  01d6  dd8ef3            	adc	a,(ix-13)
   800  01d9  5f                	ld	e, a
   801                          ;	genMinus
   802                          ;	AOP_STK for _main_c_20000_7
   803  01da  78                	ld	a, b
   804  01db  dd96f4            	sub	a,(ix-12)
   805  01de  47                	ld	b, a
   806  01df  7b                	ld	a, e
   807  01e0  dd9ef5            	sbc	a,(ix-11)
   808  01e3  5f                	ld	e, a
   809                          ;	genPlus
   810                          ;	AOP_STK for _main_d_20000_7
   811  01e4  78                	ld	a, b
   812  01e5  dd86f6            	add	a,(ix-10)
   813  01e8  47                	ld	b, a
   814  01e9  7b                	ld	a, e
   815  01ea  dd8ef7            	adc	a,(ix-9)
   816  01ed  5f                	ld	e, a
   817                          ;	genMinus
   818                          ;	AOP_STK for _main_e_20000_7
   819  01ee  78                	ld	a, b
   820  01ef  dd96f8            	sub	a,(ix-8)
   821  01f2  47                	ld	b, a
   822  01f3  7b                	ld	a, e
   823  01f4  dd9ef9            	sbc	a,(ix-7)
   824                          ;	genCast
   825                          ;	genMove_o size 2 result type 2 source type 2 hl_dead 1
   826  01f7  5f                	ld	e, a
   827                          ;	genMove_o size 0 result type 2 source type 1 hl_dead 1
   828                          ;	genCmpEq
   829  01f8  78                	ld	a, b
   830  01f9  d610              	sub	a,0x10
   831  01fb  2007              	jr	NZ,l_main_00119
   832                          ; peephole 155 changed absolute to relative conditional jump.
   833                          ; peephole 65 jumped to l_main_00119$ directly instead of via l_main_00281$.
   834  01fd  7b                	ld	a, e
   835  01fe  d627              	sub	a,0x27
   836                          ; peephole 62 removed jp by using inverse jump logic
   837                          ; peephole 149 removed unused label l_main_00281$.
   838  0200  2002              	jr	NZ,l_main_00119
   839                          ; peephole 155 changed absolute to relative conditional jump.
   840                          ; peephole 63 removed jp by using inverse jump logic
   841                          ; peephole 149 removed unused label l_main_00282$.
   842                          ;	skipping generated iCode
   843                          ;	genCast
   844                          ;	(locations are the same)
   845                          ;	genOr
   846  0202  cbe9              	set	5, c
   847                          ;	genCast
   848                          ;	(locations are the same)
   849                          ;	genCast
   850                          ;	(locations are the same)
   851                          ;	genLabel
   852                          l_main_00119:
   853                          ;	genAssign
   854                          ;	AOP_STK for _main_a_20000_8
   855                          ;	genMove_o size 2 result type 5 source type 1 hl_dead 1
   856  0204  af                	xor	a, a
   857  0205  dd77f6            	ld	(ix-10),a
   858  0208  dd77f7            	ld	(ix-9),a
   859                          ;	genAssign
   860                          ;	AOP_STK for _main_b_20000_8
   861                          ;	genMove_o size 2 result type 5 source type 1 hl_dead 1
   862  020b  dd36f801          	ld	(ix-8),0x01
   863  020f  af                	xor	a, a
   864  0210  dd77f9            	ld	(ix-7),a
   865                          ;	genAssign
   866                          ;	genMove_o size 1 result type 2 source type 1 hl_dead 1
   867  0213  0600              	ld	b,0x00
   868                          ;	genLabel
   869                          l_main_00126:
   870                          ;	genPlus
   871                          ;	AOP_STK for _main_a_20000_8
   872                          ;	AOP_STK for _main_b_20000_8
   873  0215  dd7ef6            	ld	a,(ix-10)
   874  0218  dd86f8            	add	a,(ix-8)
   875  021b  5f                	ld	e, a
   876  021c  dd7ef7            	ld	a,(ix-9)
   877  021f  dd8ef9            	adc	a,(ix-7)
   878  0222  57                	ld	d, a
   879                          ;	genAssign
   880                          ;	AOP_STK for _main_b_20000_8
   881                          ;	AOP_STK for _main_a_20000_8
   882                          ;	genMove_o size 2 result type 5 source type 5 hl_dead 1
   883  0223  dd7ef8            	ld	a,(ix-8)
   884  0226  dd77f6            	ld	(ix-10),a
   885  0229  dd7ef9            	ld	a,(ix-7)
   886  022c  dd77f7            	ld	(ix-9),a
   887                          ;	genMove_o size 0 result type 5 source type 1 hl_dead 1
   888                          ;	genAssign
   889                          ;	AOP_STK for _main_b_20000_8
   890                          ;	genMove_o size 2 result type 5 source type 2 hl_dead 1
   891  022f  dd73f8            	ld	(ix-8),e
   892  0232  dd72f9            	ld	(ix-7),d
   893                          ;	genMove_o size 0 result type 5 source type 1 hl_dead 1
   894                          ;	genPlus
   895  0235  04                	inc	b
   896                          ;	genCmpLt
   897  0236  78                	ld	a, b
   898  0237  d60a              	sub	a,0x0a
   899  0239  38da              	jr	C,l_main_00126
   900                          ; peephole 156 changed absolute to relative conditional jump.
   901                          ;	skipping generated iCode
   902                          ;	genCast
   903                          ;	AOP_STK for _main_a_20000_8
   904                          ;	genMove_o size 2 result type 2 source type 5 hl_dead 1
   905                          ;	genMove_o size 0 result type 2 source type 1 hl_dead 1
   906                          ;	genCmpEq
   907                          ; peephole 13 loaded -10 (ix) into a directly instead of going through b.
   908  023b  dd5ef7            	ld	e,(ix-9)
   909  023e  dd7ef6            	ld	a,(ix-10)
   910                          ; peephole z88dk-75c
   911  0241  d637              	sub	a,0x37
   912  0243  b3                	or	a, e
   913                          ; peephole 62 removed jp by using inverse jump logic
   914                          ; peephole 149 removed unused label l_main_00283$.
   915  0244  2002              	jr	NZ,l_main_00122
   916                          ; peephole 155 changed absolute to relative conditional jump.
   917                          ; peephole 63 removed jp by using inverse jump logic
   918                          ; peephole 149 removed unused label l_main_00284$.
   919                          ;	skipping generated iCode
   920                          ;	genCast
   921                          ;	(locations are the same)
   922                          ;	genOr
   923  0246  cbf1              	set	6, c
   924                          ;	genCast
   925                          ;	(locations are the same)
   926                          ;	genCast
   927                          ;	(locations are the same)
   928                          ;	genLabel
   929                          l_main_00122:
   930                          ;	genAssign
   931                          ;	AOP_STK for _main_a_20000_11
   932                          ;	genMove_o size 2 result type 5 source type 1 hl_dead 1
   933  0248  dd36f4fa          	ld	(ix-12),0xfa
   934  024c  dd36f5ff          	ld	(ix-11),0xff
   935                          ;	genAssign
   936                          ;	AOP_STK for _main_b_20000_11
   937                          ;	genMove_o size 2 result type 5 source type 1 hl_dead 1
   938  0250  dd36f60a          	ld	(ix-10),0x0a
   939  0254  af                	xor	a, a
   940  0255  dd77f7            	ld	(ix-9),a
   941                          ;	genAssign
   942                          ;	AOP_STK for _main_c_20000_11
   943                          ;	genMove_o size 2 result type 5 source type 1 hl_dead 1
   944  0258  dd36f805          	ld	(ix-8),0x05
   945  025c  af                	xor	a, a
   946  025d  dd77f9            	ld	(ix-7),a
   947                          ;	genPlus
   948                          ;	AOP_STK for _main_a_20000_11
   949                          ;	AOP_STK for _main_b_20000_11
   950  0260  dd7ef4            	ld	a,(ix-12)
   951  0263  dd86f6            	add	a,(ix-10)
   952  0266  47                	ld	b, a
   953  0267  dd7ef5            	ld	a,(ix-11)
   954  026a  dd8ef7            	adc	a,(ix-9)
   955  026d  5f                	ld	e, a
   956                          ;	genMinus
   957                          ;	AOP_STK for _main_c_20000_11
   958                          ;	AOP_STK for _main_b_20000_11
   959                          ;	AOP_STK for _main_sloc4_1_0
   960  026e  dd7ef8            	ld	a,(ix-8)
   961  0271  dd96f6            	sub	a,(ix-10)
   962  0274  dd77fe            	ld	(ix-2),a
   963  0277  dd7ef9            	ld	a,(ix-7)
   964  027a  dd9ef7            	sbc	a,(ix-9)
   965  027d  dd77ff            	ld	(ix-1),a
   966                          ;	genCast
   967                          ;	(locations are the same)
   968                          ;	genCmpEq
   969  0280  78                	ld	a, b
   970  0281  d604              	sub	a,0x04
   971  0283  b3                	or	a, e
   972                          ; peephole 62 removed jp by using inverse jump logic
   973                          ; peephole 149 removed unused label l_main_00285$.
   974  0284  200f              	jr	NZ,l_main_00124
   975                          ; peephole 155 changed absolute to relative conditional jump.
   976                          ; peephole 63 removed jp by using inverse jump logic
   977                          ; peephole 149 removed unused label l_main_00286$.
   978                          ;	skipping generated iCode
   979                          ;	genCast
   980                          ;	AOP_STK for _main_sloc4_1_0
   981                          ;	genMove_o size 2 result type 2 source type 5 hl_dead 1
   982                          ;	genMove_o size 0 result type 2 source type 1 hl_dead 1
   983                          ;	genCmpEq
   984                          ; peephole 13 loaded -2 (ix) into a directly instead of going through b.
   985  0286  dd5eff            	ld	e,(ix-1)
   986  0289  dd7efe            	ld	a,(ix-2)
   987                          ; peephole z88dk-75c
   988  028c  d6fb              	sub	a,0xfb
   989  028e  2005              	jr	NZ,l_main_00124
   990                          ; peephole 155 changed absolute to relative conditional jump.
   991                          ; peephole 65 jumped to l_main_00124$ directly instead of via l_main_00287$.
   992  0290  1c                	inc	e
   993                          ; peephole 62 removed jp by using inverse jump logic
   994                          ; peephole 149 removed unused label l_main_00287$.
   995  0291  2002              	jr	NZ,l_main_00124
   996                          ; peephole 155 changed absolute to relative conditional jump.
   997                          ; peephole 63 removed jp by using inverse jump logic
   998                          ; peephole 149 removed unused label l_main_00288$.
   999                          ;	skipping generated iCode
  1000                          ;	genCast
  1001                          ;	(locations are the same)
  1002                          ;	genOr
  1003  0293  cbf9              	set	7, c
  1004                          ;	genCast
  1005                          ;	(locations are the same)
  1006                          ;	genCast
  1007                          ;	(locations are the same)
  1008                          ;	genLabel
  1009                          l_main_00124:
  1010                          ;	genCast
  1011                          ;	genMove_o size 1 result type 2 source type 2 hl_dead 1
  1012                          ;	genMove_o size 1 result type 2 source type 1 hl_dead 1
  1013  0295  1600              	ld	d,0x00
  1014                          ;	genRet
  1015                          ;	genMove_o size 2 result type 2 source type 2 hl_dead 1
  1016  0297  59                	ld	e, c
  1017                          ;	genMove_o size 0 result type 2 source type 1 hl_dead 1
  1018                          ;	genLabel
  1019                          ; peephole 149 removed unused label l_main_00128$.
  1020                          ;	genEndFunction
  1021  0298  ddf9              	ld	sp, ix
  1022  029a  dde1              	pop	ix
  1023  029c  c9                	ret
  1024                          ;	Total main function size at codegen: 90 bytes.
  1025                          	SECTION IGNORE
  1026                          
