/tmp/tmpXXLoDCBB.asm:
     1                          MODULE bench_string_c
     2                          LINE 0, "/work/programs/bench_string.c"
/work/programs/bench_string.c:
                                
     1                          ;--------------------------------------------------------
     2                          ; File Created by SDCC : free open source ISO C Compiler
     3                          ; Version 4.5.0 #15242 (Linux)
     4                          ;--------------------------------------------------------
     5                          ; Processed by Z88DK
     6                          ;--------------------------------------------------------
     7                          
     8                          	EXTERN __divschar
     9                          	EXTERN __divschar_callee
    10                          	EXTERN __divsint
    11                          	EXTERN __divsint_callee
    12                          	EXTERN __divslong
    13                          	EXTERN __divslong_callee
    14                          	EXTERN __divslonglong
    15                          	EXTERN __divslonglong_callee
    16                          	EXTERN __divsuchar
    17                          	EXTERN __divsuchar_callee
    18                          	EXTERN __divuchar
    19                          	EXTERN __divuchar_callee
    20                          	EXTERN __divuint
    21                          	EXTERN __divuint_callee
    22                          	EXTERN __divulong
    23                          	EXTERN __divulong_callee
    24                          	EXTERN __divulonglong
    25                          	EXTERN __divulonglong_callee
    26                          	EXTERN __divuschar
    27                          	EXTERN __divuschar_callee
    28                          	EXTERN __modschar
    29                          	EXTERN __modschar_callee
    30                          	EXTERN __modsint
    31                          	EXTERN __modsint_callee
    32                          	EXTERN __modslong
    33                          	EXTERN __modslong_callee
    34                          	EXTERN __modslonglong
    35                          	EXTERN __modslonglong_callee
    36                          	EXTERN __modsuchar
    37                          	EXTERN __modsuchar_callee
    38                          	EXTERN __moduchar
    39                          	EXTERN __moduchar_callee
    40                          	EXTERN __moduint
    41                          	EXTERN __moduint_callee
    42                          	EXTERN __modulong
    43                          	EXTERN __modulong_callee
    44                          	EXTERN __modulonglong
    45                          	EXTERN __modulonglong_callee
    46                          	EXTERN __moduschar
    47                          	EXTERN __moduschar_callee
    48                          	EXTERN __mulint
    49                          	EXTERN __mulint_callee
    50                          	EXTERN __mullong
    51                          	EXTERN __mullong_callee
    52                          	EXTERN __mullonglong
    53                          	EXTERN __mullonglong_callee
    54                          	EXTERN __mulschar
    55                          	EXTERN __mulschar_callee
    56                          	EXTERN __mulsuchar
    57                          	EXTERN __mulsuchar_callee
    58                          	EXTERN __muluchar
    59                          	EXTERN __muluchar_callee
    60                          	EXTERN __muluschar
    61                          	EXTERN __muluschar_callee
    62                          	EXTERN __rlslonglong
    63                          	EXTERN __rlslonglong_callee
    64                          	EXTERN __rlulonglong
    65                          	EXTERN __rlulonglong_callee
    66                          	EXTERN __rrslonglong
    67                          	EXTERN __rrslonglong_callee
    68                          	EXTERN __rrulonglong
    69                          	EXTERN __rrulonglong_callee
    70                          	EXTERN ___mulsint2slong
    71                          	EXTERN ___mulsint2slong_callee
    72                          	EXTERN ___muluint2ulong
    73                          	EXTERN ___muluint2ulong_callee
    74                          	EXTERN ___sdcc_call_hl
    75                          	EXTERN ___sdcc_call_iy
    76                          	EXTERN ___sdcc_enter_ix
    77                          	EXTERN banked_call
    78                          	EXTERN _banked_ret
    79                          	EXTERN ___fs2schar
    80                          	EXTERN ___fs2schar_callee
    81                          	EXTERN ___fs2sint
    82                          	EXTERN ___fs2sint_callee
    83                          	EXTERN ___fs2slong
    84                          	EXTERN ___fs2slong_callee
    85                          	EXTERN ___fs2slonglong
    86                          	EXTERN ___fs2slonglong_callee
    87                          	EXTERN ___fs2uchar
    88                          	EXTERN ___fs2uchar_callee
    89                          	EXTERN ___fs2uint
    90                          	EXTERN ___fs2uint_callee
    91                          	EXTERN ___fs2ulong
    92                          	EXTERN ___fs2ulong_callee
    93                          	EXTERN ___fs2ulonglong
    94                          	EXTERN ___fs2ulonglong_callee
    95                          	EXTERN ___fsadd
    96                          	EXTERN ___fsadd_callee
    97                          	EXTERN ___fsdiv
    98                          	EXTERN ___fsdiv_callee
    99                          	EXTERN ___fseq
   100                          	EXTERN ___fseq_callee
   101                          	EXTERN ___fsgt
   102                          	EXTERN ___fsgt_callee
   103                          	EXTERN ___fslt
   104                          	EXTERN ___fslt_callee
   105                          	EXTERN ___fsmul
   106                          	EXTERN ___fsmul_callee
   107                          	EXTERN ___fsneq
   108                          	EXTERN ___fsneq_callee
   109                          	EXTERN ___fssub
   110                          	EXTERN ___fssub_callee
   111                          	EXTERN ___schar2fs
   112                          	EXTERN ___schar2fs_callee
   113                          	EXTERN ___sint2fs
   114                          	EXTERN ___sint2fs_callee
   115                          	EXTERN ___slong2fs
   116                          	EXTERN ___slong2fs_callee
   117                          	EXTERN ___slonglong2fs
   118                          	EXTERN ___slonglong2fs_callee
   119                          	EXTERN ___uchar2fs
   120                          	EXTERN ___uchar2fs_callee
   121                          	EXTERN ___uint2fs
   122                          	EXTERN ___uint2fs_callee
   123                          	EXTERN ___ulong2fs
   124                          	EXTERN ___ulong2fs_callee
   125                          	EXTERN ___ulonglong2fs
   126                          	EXTERN ___ulonglong2fs_callee
   127                          	EXTERN ____sdcc_2_copy_src_mhl_dst_deix
   128                          	EXTERN ____sdcc_2_copy_src_mhl_dst_bcix
   129                          	EXTERN ____sdcc_4_copy_src_mhl_dst_deix
   130                          	EXTERN ____sdcc_4_copy_src_mhl_dst_bcix
   131                          	EXTERN ____sdcc_4_copy_src_mhl_dst_mbc
   132                          	EXTERN ____sdcc_4_ldi_nosave_bc
   133                          	EXTERN ____sdcc_4_ldi_save_bc
   134                          	EXTERN ____sdcc_4_push_hlix
   135                          	EXTERN ____sdcc_4_push_mhl
   136                          	EXTERN ____sdcc_lib_setmem_hl
   137                          	EXTERN ____sdcc_ll_add_de_bc_hl
   138                          	EXTERN ____sdcc_ll_add_de_bc_hlix
   139                          	EXTERN ____sdcc_ll_add_de_hlix_bc
   140                          	EXTERN ____sdcc_ll_add_de_hlix_bcix
   141                          	EXTERN ____sdcc_ll_add_deix_bc_hl
   142                          	EXTERN ____sdcc_ll_add_deix_hlix
   143                          	EXTERN ____sdcc_ll_add_hlix_bc_deix
   144                          	EXTERN ____sdcc_ll_add_hlix_deix_bc
   145                          	EXTERN ____sdcc_ll_add_hlix_deix_bcix
   146                          	EXTERN ____sdcc_ll_asr_hlix_a
   147                          	EXTERN ____sdcc_ll_asr_mbc_a
   148                          	EXTERN ____sdcc_ll_copy_src_de_dst_hlix
   149                          	EXTERN ____sdcc_ll_copy_src_de_dst_hlsp
   150                          	EXTERN ____sdcc_ll_copy_src_deix_dst_hl
   151                          	EXTERN ____sdcc_ll_copy_src_deix_dst_hlix
   152                          	EXTERN ____sdcc_ll_copy_src_deixm_dst_hlsp
   153                          	EXTERN ____sdcc_ll_copy_src_desp_dst_hlsp
   154                          	EXTERN ____sdcc_ll_copy_src_hl_dst_de
   155                          	EXTERN ____sdcc_ll_copy_src_hlsp_dst_de
   156                          	EXTERN ____sdcc_ll_copy_src_hlsp_dst_deixm
   157                          	EXTERN ____sdcc_ll_lsl_hlix_a
   158                          	EXTERN ____sdcc_ll_lsl_mbc_a
   159                          	EXTERN ____sdcc_ll_lsr_hlix_a
   160                          	EXTERN ____sdcc_ll_lsr_mbc_a
   161                          	EXTERN ____sdcc_ll_push_hlix
   162                          	EXTERN ____sdcc_ll_push_mhl
   163                          	EXTERN ____sdcc_ll_sub_de_bc_hl
   164                          	EXTERN ____sdcc_ll_sub_de_bc_hlix
   165                          	EXTERN ____sdcc_ll_sub_de_hlix_bc
   166                          	EXTERN ____sdcc_ll_sub_de_hlix_bcix
   167                          	EXTERN ____sdcc_ll_sub_deix_bc_hl
   168                          	EXTERN ____sdcc_ll_sub_deix_hlix
   169                          	EXTERN ____sdcc_ll_sub_hlix_bc_deix
   170                          	EXTERN ____sdcc_ll_sub_hlix_deix_bc
   171                          	EXTERN ____sdcc_ll_sub_hlix_deix_bcix
   172                          	EXTERN ____sdcc_load_debc_deix
   173                          	EXTERN ____sdcc_load_dehl_deix
   174                          	EXTERN ____sdcc_load_debc_mhl
   175                          	EXTERN ____sdcc_load_hlde_mhl
   176                          	EXTERN ____sdcc_store_dehl_bcix
   177                          	EXTERN ____sdcc_store_debc_hlix
   178                          	EXTERN ____sdcc_store_debc_mhl
   179                          	EXTERN ____sdcc_cpu_pop_ei
   180                          	EXTERN ____sdcc_cpu_pop_ei_jp
   181                          	EXTERN ____sdcc_cpu_push_di
   182                          	EXTERN ____sdcc_outi
   183                          	EXTERN ____sdcc_outi_128
   184                          	EXTERN ____sdcc_outi_256
   185                          	EXTERN ____sdcc_ldi
   186                          	EXTERN ____sdcc_ldi_128
   187                          	EXTERN ____sdcc_ldi_256
   188                          	EXTERN ____sdcc_4_copy_srcd_hlix_dst_deix
   189                          	EXTERN ____sdcc_4_and_src_mbc_mhl_dst_deix
   190                          	EXTERN ____sdcc_4_or_src_mbc_mhl_dst_deix
   191                          	EXTERN ____sdcc_4_xor_src_mbc_mhl_dst_deix
   192                          	EXTERN ____sdcc_4_or_src_dehl_dst_bcix
   193                          	EXTERN ____sdcc_4_xor_src_dehl_dst_bcix
   194                          	EXTERN ____sdcc_4_and_src_dehl_dst_bcix
   195                          	EXTERN ____sdcc_4_xor_src_mbc_mhl_dst_debc
   196                          	EXTERN ____sdcc_4_or_src_mbc_mhl_dst_debc
   197                          	EXTERN ____sdcc_4_and_src_mbc_mhl_dst_debc
   198                          	EXTERN ____sdcc_4_cpl_src_mhl_dst_debc
   199                          	EXTERN ____sdcc_4_xor_src_debc_mhl_dst_debc
   200                          	EXTERN ____sdcc_4_or_src_debc_mhl_dst_debc
   201                          	EXTERN ____sdcc_4_and_src_debc_mhl_dst_debc
   202                          	EXTERN ____sdcc_4_and_src_debc_hlix_dst_debc
   203                          	EXTERN ____sdcc_4_or_src_debc_hlix_dst_debc
   204                          	EXTERN ____sdcc_4_xor_src_debc_hlix_dst_debc
   205                          
   206                          ;--------------------------------------------------------
   207                          ; Public variables in this module
   208                          ;--------------------------------------------------------
   209                          	GLOBAL _main
   210                          	GLOBAL _my_memset
   211                          	GLOBAL _simple_itoa
   212                          	GLOBAL _simple_atoi
   213                          	GLOBAL _my_strrev
   214                          	GLOBAL _my_strcpy
   215                          	GLOBAL _my_strcmp
   216                          	GLOBAL _my_strlen
   217                          ;--------------------------------------------------------
   218                          ; Externals used
   219                          ;--------------------------------------------------------
   220                          ;--------------------------------------------------------
   221                          ; special function registers
   222                          ;--------------------------------------------------------
   223                          ;--------------------------------------------------------
   224                          ; ram data
   225                          ;--------------------------------------------------------
   226                          	SECTION bss_compiler
   227                          ;--------------------------------------------------------
   228                          ; ram data
   229                          ;--------------------------------------------------------
   230                          
   231                          IF 0
   232                          
   233                          ; .area _INITIALIZED removed by z88dk
   234                          
   235                          
   236                          ENDIF
   237                          
   238                          ;--------------------------------------------------------
   239                          ; absolute external ram data
   240                          ;--------------------------------------------------------
   241                          	SECTION IGNORE
   242                          ;--------------------------------------------------------
   243                          ; global & static initialisations
   244                          ;--------------------------------------------------------
   245                          	SECTION code_crt_init
   246                          ;--------------------------------------------------------
   247                          ; Home
   248                          ;--------------------------------------------------------
   249                          	SECTION code_home
   250                          ;--------------------------------------------------------
   251                          ; code
   252                          ;--------------------------------------------------------
   253                          	SECTION code_compiler
   254                          ;	genLabel
   255                          ;	genFunction
   256                          ;	---------------------------------
   257                          ; Function my_strlen
   258                          ; ---------------------------------
   259                          ;	Register assignment is optimal.
   260                          ; Stack space usage: 0 bytes.
   261                          _my_strlen:
   262                          ;	genReceive
   263                          ;	genMove_o size 2 result type 2 source type 2 hl_dead 1
   264  0000  eb                	ex	de, hl
   265                          ;	genMove_o size 0 result type 2 source type 1 hl_dead 1
   266                          ;	genAssign
   267                          ;	genMove_o size 1 result type 2 source type 1 hl_dead 1
   268  0001  0e00              	ld	c,0x00
   269                          ;	genLabel
   270                          l_my_strlen_00101:
   271                          ;	genPlus
   272                          ;	genMove_o size 2 result type 2 source type 2 hl_dead 1
   273  0003  69                	ld	l, c
   274                          ;	genMove_o size 1 result type 2 source type 1 hl_dead 0
   275  0004  2600              	ld	h,0x00
   276  0006  19                	add	hl, de
   277                          ;	genPointerGet
   278  0007  7e                	ld	a, (hl)
   279                          ;	genIfx
   280  0008  b7                	or	a, a
   281  0009  2803              	jr	Z,l_my_strlen_00103
   282                          ; peephole 154 changed absolute to relative conditional jump.
   283                          ;	genPlus
   284  000b  0c                	inc	c
   285                          ;	genGoto
   286  000c  18f5              	jr	l_my_strlen_00101
   287                          ; peephole 153 changed absolute to relative unconditional jump.
   288                          ;	genLabel
   289                          l_my_strlen_00103:
   290                          ;	genRet
   291                          ;	genMove_o size 1 result type 2 source type 2 hl_dead 1
   292  000e  79                	ld	a, c
   293                          ;	genMove_o size 0 result type 2 source type 1 hl_dead 1
   294                          ;	genLabel
   295                          ; peephole 149 removed unused label l_my_strlen_00104$.
   296                          ;	genEndFunction
   297  000f  c9                	ret
   298                          ;	Total my_strlen function size at codegen: 0 bytes.
   299                          ;	genLabel
   300                          ;	genFunction
   301                          ;	---------------------------------
   302                          ; Function my_strcmp
   303                          ; ---------------------------------
   304                          ;	Register assignment is optimal.
   305                          ; Stack space usage: 0 bytes.
   306                          _my_strcmp:
   307                          ;	genReceive
   308                          ;	genMove_o size 2 result type 2 source type 2 hl_dead 1
   309                          ;	genReceive
   310                          ;	genMove_o size 2 result type 2 source type 2 hl_dead 0
   311                          ;	genLabel
   312                          l_my_strcmp_00102:
   313                          ;	genPointerGet
   314  0010  4e                	ld	c, (hl)
   315                          ;	genPointerGet
   316  0011  1a                	ld	a, (de)
   317                          ;	genMove_o size 1 result type 2 source type 2 hl_dead 0
   318  0012  47                	ld	b, a
   319                          ;	genMove_o size 0 result type 2 source type 1 hl_dead 0
   320                          ;	genCmpEq
   321                          ;	genMove_o size 1 result type 2 source type 2 hl_dead 0
   322  0013  79                	ld	a, c
   323                          ;	genMove_o size 0 result type 2 source type 1 hl_dead 0
   324  0014  90                	sub	a, b
   325  0015  2004              	jr	NZ,l_my_strcmp_00147
   326                          ; peephole 155 changed absolute to relative conditional jump.
   327  0017  3e01              	ld	a,0x01
   328  0019  1801              	jr	l_my_strcmp_00148
   329                          ; peephole 153 changed absolute to relative unconditional jump.
   330                          l_my_strcmp_00147:
   331  001b  af                	xor	a,a
   332                          l_my_strcmp_00148:
   333                          ;	genMove_o size 1 result type 2 source type 2 hl_dead 0
   334                          ;	genIfx
   335  001c  0c                	inc	c
   336  001d  0d                	dec	c
   337  001e  2807              	jr	Z,l_my_strcmp_00104
   338                          ; peephole 154 changed absolute to relative conditional jump.
   339                          ;	genIfx
   340  0020  b7                	or	a, a
   341  0021  2804              	jr	Z,l_my_strcmp_00104
   342                          ; peephole 154 changed absolute to relative conditional jump.
   343                          ;	genPlus
   344  0023  23                	inc	hl
   345                          ;	genPlus
   346  0024  13                	inc	de
   347                          ;	genGoto
   348  0025  18e9              	jr	l_my_strcmp_00102
   349                          ; peephole 153 changed absolute to relative unconditional jump.
   350                          ;	genLabel
   351                          l_my_strcmp_00104:
   352                          ;	genIfx
   353  0027  b7                	or	a, a
   354  0028  2803              	jr	Z,l_my_strcmp_00106
   355                          ; peephole 154 changed absolute to relative conditional jump.
   356                          ;	genRet
   357                          ;	genMove_o size 1 result type 2 source type 1 hl_dead 1
   358  002a  af                	xor	a, a
   359  002b  180a              	jr	l_my_strcmp_00107
   360                          ; peephole 153 changed absolute to relative unconditional jump.
   361                          ;	genLabel
   362                          l_my_strcmp_00106:
   363                          ;	genCmpLt
   364  002d  79                	ld	a, c
   365  002e  90                	sub	a, b
   366  002f  3004              	jr	NC,l_my_strcmp_00109
   367                          ; peephole 157 changed absolute to relative conditional jump.
   368                          ;	skipping generated iCode
   369                          ;	genAssign
   370                          ;	genMove_o size 1 result type 2 source type 1 hl_dead 1
   371  0031  3eff              	ld	a,0xff
   372                          ;	genGoto
   373  0033  1802              	jr	l_my_strcmp_00110
   374                          ; peephole 153 changed absolute to relative unconditional jump.
   375                          ;	genLabel
   376                          l_my_strcmp_00109:
   377                          ;	genAssign
   378                          ;	genMove_o size 1 result type 2 source type 1 hl_dead 1
   379  0035  3e01              	ld	a,0x01
   380                          ;	genLabel
   381                          l_my_strcmp_00110:
   382                          ;	genCast
   383                          ;	(locations are the same)
   384                          ;	genRet
   385                          ;	genMove_o size 1 result type 2 source type 2 hl_dead 1
   386                          ;	genLabel
   387                          l_my_strcmp_00107:
   388                          ;	genEndFunction
   389  0037  c9                	ret
   390                          ;	Total my_strcmp function size at codegen: 6 bytes.
   391                          ;	genLabel
   392                          ;	genFunction
   393                          ;	---------------------------------
   394                          ; Function my_strcpy
   395                          ; ---------------------------------
   396                          ;	Register assignment is optimal.
   397                          ; Stack space usage: 0 bytes.
   398                          _my_strcpy:
   399                          ;	genReceive
   400                          ;	genMove_o size 2 result type 2 source type 2 hl_dead 1
   401                          ;	genReceive
   402                          ;	genMove_o size 2 result type 2 source type 2 hl_dead 0
   403                          ;	genLabel
   404                          l_my_strcpy_00101:
   405                          ;	genPointerGet
   406  0038  1a                	ld	a, (de)
   407                          ;	genMove_o size 1 result type 2 source type 2 hl_dead 0
   408                          ;	genIfx
   409  0039  b7                	or	a, a
   410  003a  2805              	jr	Z,l_my_strcpy_00103
   411                          ; peephole 154 changed absolute to relative conditional jump.
   412                          ;	genAssign
   413                          ;	(locations are the same)
   414                          ;	genPlus
   415  003c  13                	inc	de
   416                          ;	genPointerSet
   417  003d  77                	ld	(hl), a
   418                          ;	genPlus
   419  003e  23                	inc	hl
   420                          ;	genGoto
   421  003f  18f7              	jr	l_my_strcpy_00101
   422                          ; peephole 153 changed absolute to relative unconditional jump.
   423                          ;	genLabel
   424                          l_my_strcpy_00103:
   425                          ;	genPointerSet
   426  0041  3600              	ld	(hl),0x00
   427                          ;	genLabel
   428                          ; peephole 149 removed unused label l_my_strcpy_00104$.
   429                          ;	genEndFunction
   430  0043  c9                	ret
   431                          ;	Total my_strcpy function size at codegen: 0 bytes.
   432                          ;	genLabel
   433                          ;	genFunction
   434                          ;	---------------------------------
   435                          ; Function my_strrev
   436                          ; ---------------------------------
   437                          ;	Register assignment might be sub-optimal.
   438                          ; Stack space usage: 4 bytes.
   439                          _my_strrev:
   440  0044  dde5              	push	ix
   441  0046  dd210000          	ld	ix,0
   442  004a  dd39              	add	ix,sp
   443                          ;	adjustStack by -4
   444  004c  f5                	push	af
   445  004d  f5                	push	af
   446                          ;	genReceive
   447                          ;	genMove_o size 2 result type 2 source type 2 hl_dead 1
   448  004e  eb                	ex	de, hl
   449                          ;	genMove_o size 0 result type 2 source type 1 hl_dead 1
   450                          ;	genAssign
   451                          ;	AOP_STK for _my_strrev_sloc0_1_0
   452                          ;	genMove_o size 1 result type 5 source type 1 hl_dead 1
   453  004f  dd36ff00          	ld	(ix-1),0x00
   454                          ;	genLabel
   455                          l_my_strrev_00103:
   456                          ;	genCast
   457                          ;	AOP_STK for
   458                          ;	genMove_o size 1 result type 2 source type 5 hl_dead 1
   459  0053  dd6e04            	ld	l,(ix+4)
   460                          ;	genMove_o size 0 result type 2 source type 1 hl_dead 0
   461                          ;	genMove_o size 1 result type 2 source type 1 hl_dead 0
   462  0056  2600              	ld	h,0x00
   463                          ;	genAssign
   464                          ;	genMove_o size 2 result type 2 source type 2 hl_dead 0
   465  0058  4d                	ld	c, l
   466  0059  44                	ld	b, h
   467                          ;	genMove_o size 0 result type 2 source type 1 hl_dead 0
   468                          ;	genRightShift
   469                          ;fetchPairLong
   470  005a  cb28              	sra	b
   471  005c  cb19              	rr	c
   472                          ;	genCast
   473                          ;	AOP_STK for _my_strrev_sloc0_1_0
   474                          ;	AOP_STK for _my_strrev_sloc1_1_0
   475                          ;	genMove_o size 1 result type 5 source type 5 hl_dead 0
   476  005e  dd7eff            	ld	a,(ix-1)
   477                          ;	genMove_o size 0 result type 5 source type 1 hl_dead 0
   478                          ;	genMove_o size 1 result type 5 source type 1 hl_dead 0
   479                          ;	genCmpLt
   480                          ;	AOP_STK for _my_strrev_sloc1_1_0
   481  0061  dd77fc            	ld	(ix-4),a
   482  0064  dd36fd00          	ld	(ix-3),0x00
   483                          ; peephole 0 removed redundant load from a into a.
   484                          ; peephole z88dk-414a
   485  0068  91                	sub	a, c
   486  0069  3024              	jr	NC,l_my_strrev_00105
   487                          ; peephole 157 changed absolute to relative conditional jump.
   488                          ;	skipping generated iCode
   489                          ;	genPlus
   490                          ;	AOP_STK for _my_strrev_sloc0_1_0
   491  006b  7b                	ld	a, e
   492  006c  dd86ff            	add	a,(ix-1)
   493  006f  4f                	ld	c, a
   494  0070  7a                	ld	a, d
   495  0071  ce00              	adc	a,0x00
   496  0073  47                	ld	b, a
   497                          ;	genPointerGet
   498                          ;	AOP_STK for _my_strrev_sloc2_1_0
   499  0074  0a                	ld	a, (bc)
   500                          ;	genMove_o size 1 result type 5 source type 2 hl_dead 0
   501  0075  dd77fe            	ld	(ix-2),a
   502                          ;	genMove_o size 0 result type 5 source type 1 hl_dead 0
   503                          ;	genMinus
   504  0078  2b                	dec	hl
   505                          ;	genMinus
   506                          ;	AOP_STK for _my_strrev_sloc1_1_0
   507  0079  7d                	ld	a, l
   508  007a  dd96fc            	sub	a,(ix-4)
   509  007d  6f                	ld	l, a
   510  007e  7c                	ld	a, h
   511  007f  dd9efd            	sbc	a,(ix-3)
   512  0082  67                	ld	h, a
   513                          ;	genPlus
   514  0083  19                	add	hl, de
   515                          ;	genPointerGet
   516  0084  7e                	ld	a, (hl)
   517                          ;	genPointerSet
   518                          ;	genMove_o size 1 result type 2 source type 2 hl_dead 0
   519  0085  02                	ld	(bc), a
   520                          ;	genPointerSet
   521                          ;	AOP_STK for _my_strrev_sloc2_1_0
   522                          ;	genMove_o size 1 result type 2 source type 5 hl_dead 0
   523  0086  dd7efe            	ld	a,(ix-2)
   524                          ;	genMove_o size 0 result type 2 source type 1 hl_dead 0
   525  0089  77                	ld	(hl), a
   526                          ;	genPlus
   527                          ;	AOP_STK for _my_strrev_sloc0_1_0
   528  008a  dd34ff            	inc	(ix-1)
   529                          ;	genGoto
   530  008d  18c4              	jr	l_my_strrev_00103
   531                          ; peephole 153 changed absolute to relative unconditional jump.
   532                          ;	genLabel
   533                          l_my_strrev_00105:
   534                          ;	genEndFunction
   535  008f  ddf9              	ld	sp, ix
   536  0091  dde1              	pop	ix
   537  0093  e1                	pop	hl
   538                          ;	adjustStack by 1
   539  0094  33                	inc	sp
   540  0095  e9                	jp	(hl)
   541                          ;	Total my_strrev function size at codegen: 0 bytes.
   542                          ;	genLabel
   543                          ;	genFunction
   544                          ;	---------------------------------
   545                          ; Function simple_atoi
   546                          ; ---------------------------------
   547                          ;	Register assignment might be sub-optimal.
   548                          ; Stack space usage: 0 bytes.
   549                          _simple_atoi:
   550                          ;	genReceive
   551                          ;	genMove_o size 2 result type 2 source type 2 hl_dead 1
   552  0096  eb                	ex	de, hl
   553                          ;	genMove_o size 0 result type 2 source type 1 hl_dead 1
   554                          ;	genAssign
   555                          ;	genMove_o size 2 result type 2 source type 1 hl_dead 1
   556  0097  210000            	ld	hl,0x0000
   557                          ;	genLabel
   558                          l_simple_atoi_00102:
   559                          ;	genPointerGet
   560  009a  1a                	ld	a, (de)
   561                          ;	genMove_o size 1 result type 2 source type 2 hl_dead 0
   562                          ;	genMove_o size 0 result type 2 source type 1 hl_dead 0
   563                          ;	genCmpLt
   564  009b  4f                	ld	c,a
   565                          ; peephole 70 removed redundant load from c into a.
   566  009c  d630              	sub	a,0x30
   567  009e  3817              	jr	C,l_simple_atoi_00104
   568                          ; peephole 156 changed absolute to relative conditional jump.
   569                          ;	skipping generated iCode
   570                          ;	genCmpGt
   571  00a0  3e39              	ld	a,0x39
   572  00a2  91                	sub	a, c
   573  00a3  3812              	jr	C,l_simple_atoi_00104
   574                          ; peephole 156 changed absolute to relative conditional jump.
   575                          ;	skipping generated iCode
   576                          ;	genCast
   577                          ;	(locations are the same)
   578                          ;	genMult
   579  00a5  d5                	push	de
   580                          ;fetchPairLong
   581  00a6  5d                	ld	e, l
   582  00a7  54                	ld	d, h
   583  00a8  29                	add	hl, hl
   584  00a9  29                	add	hl, hl
   585  00aa  19                	add	hl, de
   586  00ab  29                	add	hl, hl
   587  00ac  d1                	pop	de
   588                          ;	genMove_o size 2 result type 2 source type 2 hl_dead 1
   589                          ;	genCast
   590                          ;	genMove_o size 1 result type 2 source type 2 hl_dead 0
   591  00ad  79                	ld	a, c
   592                          ;	genMove_o size 0 result type 2 source type 1 hl_dead 0
   593                          ;	genMinus
   594  00ae  c6d0              	add	a,0xd0
   595                          ;	genCast
   596                          ;	genMove_o size 1 result type 2 source type 2 hl_dead 0
   597                          ;	genMove_o size 1 result type 2 source type 1 hl_dead 0
   598  00b0  0600              	ld	b,0x00
   599                          ;	genPlus
   600                          ;	genMove_o size 2 result type 2 source type 2 hl_dead 0
   601  00b2  4f                	ld	c, a
   602                          ;	genMove_o size 0 result type 2 source type 1 hl_dead 0
   603  00b3  09                	add	hl, bc
   604                          ;	genCast
   605                          ;	(locations are the same)
   606                          ;	genPlus
   607  00b4  13                	inc	de
   608                          ;	genGoto
   609  00b5  18e3              	jr	l_simple_atoi_00102
   610                          ; peephole 153 changed absolute to relative unconditional jump.
   611                          ;	genLabel
   612                          l_simple_atoi_00104:
   613                          ;	genRet
   614                          ;	genMove_o size 2 result type 2 source type 2 hl_dead 1
   615  00b7  eb                	ex	de, hl
   616                          ;	genMove_o size 0 result type 2 source type 1 hl_dead 1
   617                          ;	genLabel
   618                          ; peephole 149 removed unused label l_simple_atoi_00105$.
   619                          ;	genEndFunction
   620  00b8  c9                	ret
   621                          ;	Total simple_atoi function size at codegen: 0 bytes.
   622                          ;	genLabel
   623                          ;	genFunction
   624                          ;	---------------------------------
   625                          ; Function simple_itoa
   626                          ; ---------------------------------
   627                          ;	Register assignment might be sub-optimal.
   628                          ; Stack space usage: 3 bytes.
   629                          _simple_itoa:
   630  00b9  dde5              	push	ix
   631  00bb  dd210000          	ld	ix,0
   632  00bf  dd39              	add	ix,sp
   633                          ;	adjustStack by -3
   634  00c1  f5                	push	af
   635  00c2  3b                	dec	sp
   636                          ;	genReceive
   637                          ;	genMove_o size 2 result type 2 source type 2 hl_dead 1
   638                          ;	genReceive
   639                          ;	genMove_o size 2 result type 2 source type 2 hl_dead 0
   640  00c3  4b                	ld	c, e
   641  00c4  42                	ld	b, d
   642                          ;	genMove_o size 0 result type 2 source type 1 hl_dead 0
   643                          ;	genIfx
   644  00c5  7c                	ld	a, h
   645  00c6  b5                	or	a, l
   646  00c7  2008              	jr	NZ,l_simple_itoa_00110
   647                          ; peephole 155 changed absolute to relative conditional jump.
   648                          ;	genPointerSet
   649                          ;	genMove_o size 1 result type 2 source type 1 hl_dead 0
   650  00c9  3e30              	ld	a,0x30
   651  00cb  02                	ld	(bc), a
   652                          ;	genPlus
   653  00cc  03                	inc	bc
   654                          ;	genPointerSet
   655                          ;	genMove_o size 1 result type 2 source type 1 hl_dead 1
   656  00cd  af                	xor	a, a
   657  00ce  02                	ld	(bc), a
   658                          ;	genRet
   659  00cf  1844              	jr	l_simple_itoa_00106
   660                          ; peephole 153 changed absolute to relative unconditional jump.
   661                          ;	genLabel
   662                          l_simple_itoa_00110:
   663                          ;	genAssign
   664                          ;	AOP_STK for _simple_itoa_sloc0_1_0
   665                          ;	genMove_o size 1 result type 5 source type 1 hl_dead 0
   666  00d1  dd36ff00          	ld	(ix-1),0x00
   667                          ;	genLabel
   668                          l_simple_itoa_00103:
   669                          ;	genPlus
   670                          ;	AOP_STK for _simple_itoa_sloc0_1_0
   671                          ;	AOP_STK for _simple_itoa_sloc1_1_0
   672  00d5  79                	ld	a, c
   673  00d6  dd86ff            	add	a,(ix-1)
   674  00d9  dd77fd            	ld	(ix-3),a
   675  00dc  78                	ld	a, b
   676  00dd  ce00              	adc	a,0x00
   677  00df  dd77fe            	ld	(ix-2),a
   678                          ;	genIfx
   679  00e2  7c                	ld	a, h
   680  00e3  b5                	or	a, l
   681  00e4  2821              	jr	Z,l_simple_itoa_00105
   682                          ; peephole 154 changed absolute to relative conditional jump.
   683                          ;	genPlus
   684                          ;	AOP_STK for _simple_itoa_sloc0_1_0
   685  00e6  dd34ff            	inc	(ix-1)
   686                          ;	genCast
   687                          ;	(locations are the same)
   688                          ;	genSend
   689  00e9  e5                	push	hl
   690  00ea  c5                	push	bc
   691                          ;	genMove_o size 2 result type 2 source type 1 hl_dead 0
   692  00eb  110a00            	ld	de,0x000a
   693                          ;	genSend
   694                          ;	genMove_o size 2 result type 2 source type 2 hl_dead 0
   695                          ;	genCall
   696  00ee  cd0000            	call	__moduint
   697                          ;	genMove_o size 2 result type 2 source type 2 hl_dead 1
   698  00f1  c1                	pop	bc
   699  00f2  e1                	pop	hl
   700                          ;	genCast
   701                          ;	genMove_o size 1 result type 2 source type 2 hl_dead 0
   702  00f3  7b                	ld	a, e
   703                          ;	genMove_o size 0 result type 2 source type 1 hl_dead 0
   704                          ;	genCast
   705                          ;	(locations are the same)
   706                          ;	genPlus
   707  00f4  c630              	add	a,0x30
   708                          ;	genPointerSet
   709                          ;	AOP_STK for _simple_itoa_sloc1_1_0
   710                          ;	genMove_o size 2 result type 2 source type 5 hl_dead 0
   711  00f6  eb                	ex	de,hl
   712                          ; peephole z88dk-601b
   713                          ; peephole 44b replaced push/pop pair by loads.
   714  00f7  e1                	pop	hl
   715  00f8  e5                	push	hl
   716  00f9  d5                	push	de
   717                          ;	genMove_o size 0 result type 2 source type 1 hl_dead 1
   718  00fa  77                	ld	(hl), a
   719  00fb  e1                	pop	hl
   720                          ;	genSend
   721  00fc  c5                	push	bc
   722                          ;	genMove_o size 2 result type 2 source type 1 hl_dead 0
   723  00fd  110a00            	ld	de,0x000a
   724                          ;	genSend
   725                          ;	genMove_o size 2 result type 2 source type 2 hl_dead 1
   726                          ;	genCall
   727  0100  cd0000            	call	__divuint
   728                          ;	genMove_o size 2 result type 2 source type 2 hl_dead 1
   729  0103  c1                	pop	bc
   730                          ;	genCast
   731                          ;	genMove_o size 2 result type 2 source type 2 hl_dead 1
   732  0104  eb                	ex	de, hl
   733                          ;	genMove_o size 0 result type 2 source type 1 hl_dead 1
   734                          ;	genGoto
   735  0105  18ce              	jr	l_simple_itoa_00103
   736                          ; peephole 153 changed absolute to relative unconditional jump.
   737                          ;	genLabel
   738                          l_simple_itoa_00105:
   739                          ;	genPointerSet
   740                          ;	AOP_STK for _simple_itoa_sloc1_1_0
   741                          ;	genMove_o size 2 result type 2 source type 5 hl_dead 1
   742  0107  e1                	pop	hl
   743  0108  e5                	push	hl
   744                          ;	genMove_o size 0 result type 2 source type 1 hl_dead 1
   745  0109  3600              	ld	(hl),0x00
   746                          ;	genIpush
   747                          ;	AOP_STK for _simple_itoa_sloc0_1_0
   748                          ;	genMove_o size 1 result type 2 source type 5 hl_dead 1
   749  010b  dd7eff            	ld	a,(ix-1)
   750                          ;	genMove_o size 0 result type 2 source type 1 hl_dead 1
   751  010e  f5                	push	af
   752  010f  33                	inc	sp
   753                          ;	genSend
   754                          ;	genMove_o size 2 result type 2 source type 2 hl_dead 1
   755  0110  69                	ld	l, c
   756  0111  60                	ld	h, b
   757                          ;	genMove_o size 0 result type 2 source type 1 hl_dead 1
   758                          ;	genCall
   759  0112  cd4400            	call	_my_strrev
   760                          ;	genLabel
   761                          l_simple_itoa_00106:
   762                          ;	genEndFunction
   763  0115  ddf9              	ld	sp, ix
   764  0117  dde1              	pop	ix
   765  0119  c9                	ret
   766                          ;	Total simple_itoa function size at codegen: 0 bytes.
   767                          ;	genLabel
   768                          ;	genFunction
   769                          ;	---------------------------------
   770                          ; Function my_memset
   771                          ; ---------------------------------
   772                          ;	Register assignment is optimal.
   773                          ; Stack space usage: 0 bytes.
   774                          _my_memset:
   775  011a  dde5              	push	ix
   776  011c  dd210000          	ld	ix,0
   777  0120  dd39              	add	ix,sp
   778                          ;	genReceive
   779                          ;	genMove_o size 2 result type 2 source type 2 hl_dead 1
   780  0122  eb                	ex	de, hl
   781                          ;	genMove_o size 0 result type 2 source type 1 hl_dead 1
   782                          ;	genAssign
   783                          ;	genMove_o size 1 result type 2 source type 1 hl_dead 1
   784  0123  0e00              	ld	c,0x00
   785                          ;	genLabel
   786                          l_my_memset_00103:
   787                          ;	genCmpLt
   788                          ;	AOP_STK for
   789  0125  79                	ld	a, c
   790  0126  dd9605            	sub	a,(ix+5)
   791  0129  300b              	jr	NC,l_my_memset_00105
   792                          ; peephole 157 changed absolute to relative conditional jump.
   793                          ;	skipping generated iCode
   794                          ;	genPlus
   795                          ;	genMove_o size 2 result type 2 source type 2 hl_dead 1
   796  012b  69                	ld	l, c
   797                          ;	genMove_o size 1 result type 2 source type 1 hl_dead 0
   798  012c  2600              	ld	h,0x00
   799  012e  19                	add	hl, de
   800                          ;	genPointerSet
   801                          ;	AOP_STK for
   802                          ;	genMove_o size 1 result type 2 source type 5 hl_dead 0
   803  012f  dd7e04            	ld	a,(ix+4)
   804                          ;	genMove_o size 0 result type 2 source type 1 hl_dead 0
   805  0132  77                	ld	(hl), a
   806                          ;	genPlus
   807  0133  0c                	inc	c
   808                          ;	genGoto
   809  0134  18ef              	jr	l_my_memset_00103
   810                          ; peephole 153 changed absolute to relative unconditional jump.
   811                          ;	genLabel
   812                          l_my_memset_00105:
   813                          ;	genEndFunction
   814  0136  dde1              	pop	ix
   815  0138  e1                	pop	hl
   816                          ;	adjustStack by 2
   817  0139  f1                	pop	af
   818  013a  e9                	jp	(hl)
   819                          ;	Total my_memset function size at codegen: 0 bytes.
   820                          ;	genLabel
   821                          ;	genFunction
   822                          ;	---------------------------------
   823                          ; Function main
   824                          ; ---------------------------------
   825                          ;	Register assignment might be sub-optimal.
   826                          ; Stack space usage: 24 bytes.
   827                          _main:
   828  013b  cd0000            	call	___sdcc_enter_ix
   829                          ;	adjustStack by -24
   830  013e  21e8ff            	ld	hl, -24
   831  0141  39                	add	hl, sp
   832  0142  f9                	ld	sp, hl
   833                          ;	genAssign
   834                          ;	genMove_o size 1 result type 2 source type 1 hl_dead 1
   835  0143  0600              	ld	b,0x00
   836                          ;	skipping iCode since result will be rematerialized
   837                          ;	genPointerSet
   838                          ;	genMove_o size 1 result type 5 source type 1 hl_dead 1
   839  0145  dd36f868          	ld	(ix-8),0x68
   840                          ;	skipping iCode since result will be rematerialized
   841                          ;	genPointerSet
   842                          ;	genMove_o size 1 result type 5 source type 1 hl_dead 1
   843  0149  dd36f965          	ld	(ix-7),0x65
   844                          ;	skipping iCode since result will be rematerialized
   845                          ;	genPointerSet
   846                          ;	genMove_o size 1 result type 5 source type 1 hl_dead 1
   847  014d  dd36fa6c          	ld	(ix-6),0x6c
   848                          ;	skipping iCode since result will be rematerialized
   849                          ;	genPointerSet
   850                          ;	genMove_o size 1 result type 5 source type 1 hl_dead 1
   851  0151  dd36fb6c          	ld	(ix-5),0x6c
   852                          ;	skipping iCode since result will be rematerialized
   853                          ;	genPointerSet
   854                          ;	genMove_o size 1 result type 5 source type 1 hl_dead 1
   855  0155  dd36fc6f          	ld	(ix-4),0x6f
   856                          ;	skipping iCode since result will be rematerialized
   857                          ;	genPointerSet
   858                          ;	genMove_o size 1 result type 5 source type 1 hl_dead 1
   859  0159  dd36fd00          	ld	(ix-3),0x00
   860                          ;	skipping iCode since result will be rematerialized
   861                          ;	genPointerSet
   862                          ;	genMove_o size 1 result type 5 source type 1 hl_dead 1
   863  015d  dd36fe00          	ld	(ix-2),0x00
   864                          ;	skipping iCode since result will be rematerialized
   865                          ;	genSend
   866  0161  c5                	push	bc
   867                          ;	genMove_o size 2 result type 2 source type 7 hl_dead 1
   868  0162  211200            	ld	hl,18
   869  0165  39                	add	hl, sp
   870                          ;	genMove_o size 2 result type 2 source type 2 hl_dead 1
   871                          ;	genCall
   872  0166  cd0000            	call	_my_strlen
   873                          ;	genMove_o size 1 result type 2 source type 2 hl_dead 1
   874  0169  c1                	pop	bc
   875                          ;	genCmpEq
   876  016a  d605              	sub	a,0x05
   877                          ; peephole 62 removed jp by using inverse jump logic
   878                          ; peephole 149 removed unused label l_main_00275$.
   879  016c  200e              	jr	NZ,l_main_00102
   880                          ; peephole 155 changed absolute to relative conditional jump.
   881                          ; peephole 63 removed jp by using inverse jump logic
   882                          ; peephole 149 removed unused label l_main_00276$.
   883                          ;	skipping generated iCode
   884                          ;	skipping iCode since result will be rematerialized
   885                          ;	genSend
   886  016e  c5                	push	bc
   887                          ;	genMove_o size 2 result type 2 source type 7 hl_dead 1
   888  016f  211800            	ld	hl,24
   889  0172  39                	add	hl, sp
   890                          ;	genMove_o size 2 result type 2 source type 2 hl_dead 1
   891                          ;	genCall
   892  0173  cd0000            	call	_my_strlen
   893                          ;	genMove_o size 1 result type 2 source type 2 hl_dead 1
   894  0176  c1                	pop	bc
   895                          ;	genIfx
   896  0177  b7                	or	a, a
   897  0178  2002              	jr	NZ,l_main_00102
   898                          ; peephole 155 changed absolute to relative conditional jump.
   899                          ;	genAssign
   900                          ;	genMove_o size 1 result type 2 source type 1 hl_dead 1
   901  017a  0601              	ld	b,0x01
   902                          ;	genLabel
   903                          l_main_00102:
   904                          ;	skipping iCode since result will be rematerialized
   905                          ;	genPointerSet
   906                          ;	genMove_o size 1 result type 5 source type 1 hl_dead 1
   907  017c  dd36f361          	ld	(ix-13),0x61
   908                          ;	skipping iCode since result will be rematerialized
   909                          ;	genPointerSet
   910                          ;	genMove_o size 1 result type 5 source type 1 hl_dead 1
   911  0180  dd36f462          	ld	(ix-12),0x62
   912                          ;	skipping iCode since result will be rematerialized
   913                          ;	genPointerSet
   914                          ;	genMove_o size 1 result type 5 source type 1 hl_dead 1
   915  0184  dd36f563          	ld	(ix-11),0x63
   916                          ;	skipping iCode since result will be rematerialized
   917                          ;	genPointerSet
   918                          ;	genMove_o size 1 result type 5 source type 1 hl_dead 1
   919  0188  dd36f600          	ld	(ix-10),0x00
   920                          ;	genAddrOf
   921  018c  210f00            	ld	hl,15
   922  018f  39                	add	hl, sp
   923                          ;	genPointerSet
   924                          ;	genMove_o size 1 result type 2 source type 1 hl_dead 0
   925                          ; peephole z88dk-603m
   926                          ; peephole 9 loaded (hl) from #0x61 directly instead of going through a.
   927  0190  3661              	ld	(hl),0x61
   928  0192  eb                	ex	de,hl
   929                          ; peephole z88dk-340b
   930                          ;	skipping iCode since result will be rematerialized
   931                          ;	genPointerSet
   932                          ;	genMove_o size 1 result type 5 source type 1 hl_dead 1
   933  0193  dd36f862          	ld	(ix-8),0x62
   934                          ;	skipping iCode since result will be rematerialized
   935                          ;	genPointerSet
   936                          ;	genMove_o size 1 result type 5 source type 1 hl_dead 1
   937  0197  dd36f963          	ld	(ix-7),0x63
   938                          ;	skipping iCode since result will be rematerialized
   939                          ;	genPointerSet
   940                          ;	genMove_o size 1 result type 5 source type 1 hl_dead 1
   941  019b  dd36fa00          	ld	(ix-6),0x00
   942                          ;	skipping iCode since result will be rematerialized
   943                          ;	genPointerSet
   944                          ;	genMove_o size 1 result type 5 source type 1 hl_dead 1
   945  019f  dd36fb61          	ld	(ix-5),0x61
   946                          ;	skipping iCode since result will be rematerialized
   947                          ;	genPointerSet
   948                          ;	genMove_o size 1 result type 5 source type 1 hl_dead 1
   949  01a3  dd36fc62          	ld	(ix-4),0x62
   950                          ;	skipping iCode since result will be rematerialized
   951                          ;	genPointerSet
   952                          ;	genMove_o size 1 result type 5 source type 1 hl_dead 1
   953  01a7  dd36fd64          	ld	(ix-3),0x64
   954                          ;	skipping iCode since result will be rematerialized
   955                          ;	genPointerSet
   956                          ;	genMove_o size 1 result type 5 source type 1 hl_dead 1
   957  01ab  dd36fe00          	ld	(ix-2),0x00
   958                          ;	genCast
   959                          ;	(locations are the same)
   960                          ;	genCast
   961                          ;	genMove_o size 2 result type 2 source type 7 hl_dead 1
   962  01af  210b00            	ld	hl,11
   963  01b2  39                	add	hl, sp
   964                          ;	genMove_o size 2 result type 2 source type 2 hl_dead 1
   965                          ;	genSend
   966  01b3  e5                	push	hl
   967  01b4  c5                	push	bc
   968                          ;	genMove_o size 2 result type 2 source type 2 hl_dead 0
   969                          ;	genSend
   970                          ;	genMove_o size 2 result type 2 source type 2 hl_dead 0
   971                          ;	genCall
   972  01b5  cd1000            	call	_my_strcmp
   973                          ;	genMove_o size 1 result type 2 source type 2 hl_dead 1
   974  01b8  4f                	ld	c, a
   975                          ;	genMove_o size 0 result type 2 source type 1 hl_dead 1
   976  01b9  f1                	pop	af
   977  01ba  47                	ld	b, a
   978  01bb  e1                	pop	hl
   979                          ;	skipping iCode since result will be rematerialized
   980                          ;	genSend
   981  01bc  e5                	push	hl
   982  01bd  c5                	push	bc
   983                          ;	genMove_o size 2 result type 2 source type 7 hl_dead 0
   984  01be  eb                	ex	de, hl
   985  01bf  211700            	ld	hl,23
   986  01c2  39                	add	hl, sp
   987  01c3  eb                	ex	de, hl
   988                          ;	genSend
   989                          ;	genMove_o size 2 result type 2 source type 2 hl_dead 0
   990                          ;	genCall
   991                          ;	AOP_STK for _main_sloc0_1_0
   992  01c4  cd1000            	call	_my_strcmp
   993                          ;	genMove_o size 1 result type 5 source type 2 hl_dead 1
   994  01c7  dd77ff            	ld	(ix-1),a
   995                          ;	genMove_o size 0 result type 5 source type 1 hl_dead 1
   996  01ca  c1                	pop	bc
   997  01cb  e1                	pop	hl
   998                          ;	genSend
   999  01cc  c5                	push	bc
  1000                          ;	genMove_o size 2 result type 2 source type 2 hl_dead 1
  1001  01cd  eb                	ex	de, hl
  1002                          ;	genMove_o size 0 result type 2 source type 1 hl_dead 1
  1003                          ;	genSend
  1004                          ;	genMove_o size 2 result type 2 source type 7 hl_dead 1
  1005  01ce  211500            	ld	hl,21
  1006  01d1  39                	add	hl, sp
  1007                          ;	genMove_o size 2 result type 2 source type 2 hl_dead 1
  1008                          ;	genCall
  1009  01d2  cd1000            	call	_my_strcmp
  1010                          ;	genMove_o size 1 result type 2 source type 2 hl_dead 1
  1011  01d5  5f                	ld	e, a
  1012                          ;	genMove_o size 0 result type 2 source type 1 hl_dead 1
  1013  01d6  c1                	pop	bc
  1014                          ;	genIfx
  1015  01d7  79                	ld	a, c
  1016  01d8  b7                	or	a, a
  1017  01d9  2012              	jr	NZ,l_main_00105
  1018                          ; peephole 155 changed absolute to relative conditional jump.
  1019                          ;	genCmpLt
  1020                          ;	AOP_STK for _main_sloc0_1_0
  1021  01db  ddcbff7e          	bit	7,(ix-1)
  1022  01df  280c              	jr	Z,l_main_00105
  1023                          ; peephole 154 changed absolute to relative conditional jump.
  1024                          ;	skipping generated iCode
  1025                          ;	genCmpGt
  1026  01e1  af                	xor	a, a
  1027  01e2  93                	sub	a, e
  1028  01e3  e2e801            	jp	PO, l_main_00277
  1029  01e6  ee80              	xor	a,0x80
  1030                          l_main_00277:
  1031  01e8  f2ed01            	jp	P, l_main_00105
  1032                          ;	skipping generated iCode
  1033                          ;	genCast
  1034                          ;	(locations are the same)
  1035                          ;	genOr
  1036  01eb  cbc8              	set	1, b
  1037                          ;	genCast
  1038                          ;	(locations are the same)
  1039                          ;	genCast
  1040                          ;	(locations are the same)
  1041                          ;	genLabel
  1042                          l_main_00105:
  1043                          ;	genAddrOf
  1044  01ed  210a00            	ld	hl,10
  1045  01f0  39                	add	hl, sp
  1046                          ;	genPointerSet
  1047                          ;	genMove_o size 1 result type 2 source type 1 hl_dead 0
  1048                          ; peephole z88dk-603m
  1049                          ; peephole 9 loaded (hl) from #0x74 directly instead of going through a.
  1050  01f1  3674              	ld	(hl),0x74
  1051  01f3  eb                	ex	de,hl
  1052                          ; peephole z88dk-340b
  1053                          ;	skipping iCode since result will be rematerialized
  1054                          ;	genPointerSet
  1055                          ;	genMove_o size 1 result type 5 source type 1 hl_dead 1
  1056  01f4  dd36f365          	ld	(ix-13),0x65
  1057                          ;	skipping iCode since result will be rematerialized
  1058                          ;	genPointerSet
  1059                          ;	genMove_o size 1 result type 5 source type 1 hl_dead 1
  1060  01f8  dd36f473          	ld	(ix-12),0x73
  1061                          ;	skipping iCode since result will be rematerialized
  1062                          ;	genPointerSet
  1063                          ;	genMove_o size 1 result type 5 source type 1 hl_dead 1
  1064  01fc  dd36f574          	ld	(ix-11),0x74
  1065                          ;	skipping iCode since result will be rematerialized
  1066                          ;	genPointerSet
  1067                          ;	genMove_o size 1 result type 5 source type 1 hl_dead 1
  1068  0200  dd36f600          	ld	(ix-10),0x00
  1069                          ;	genCast
  1070                          ;	(locations are the same)
  1071                          ;	skipping iCode since result will be rematerialized
  1072                          ;	skipping iCode since result will be rematerialized
  1073                          ;	genSend
  1074  0204  c5                	push	bc
  1075                          ;	genMove_o size 2 result type 2 source type 2 hl_dead 1
  1076                          ;	genSend
  1077                          ;	genMove_o size 2 result type 2 source type 7 hl_dead 1
  1078  0205  211100            	ld	hl,17
  1079  0208  39                	add	hl, sp
  1080                          ;	genMove_o size 2 result type 2 source type 2 hl_dead 1
  1081                          ;	genCall
  1082  0209  cd3800            	call	_my_strcpy
  1083  020c  c1                	pop	bc
  1084                          ;	genPointerGet
  1085                          ;	genMove_o size 1 result type 2 source type 5 hl_dead 1
  1086  020d  dd7ef7            	ld	a,(ix-9)
  1087                          ;	genMove_o size 0 result type 2 source type 1 hl_dead 1
  1088                          ;	genCmpEq
  1089  0210  d674              	sub	a,0x74
  1090                          ; peephole 62 removed jp by using inverse jump logic
  1091                          ; peephole 149 removed unused label l_main_00278$.
  1092  0212  200f              	jr	NZ,l_main_00109
  1093                          ; peephole 155 changed absolute to relative conditional jump.
  1094                          ; peephole 63 removed jp by using inverse jump logic
  1095                          ; peephole 149 removed unused label l_main_00279$.
  1096                          ;	skipping generated iCode
  1097                          ;	skipping iCode since result will be rematerialized
  1098                          ;	genPointerGet
  1099                          ;	genMove_o size 1 result type 2 source type 5 hl_dead 1
  1100  0214  dd7efa            	ld	a,(ix-6)
  1101                          ;	genMove_o size 0 result type 2 source type 1 hl_dead 1
  1102                          ;	genCmpEq
  1103  0217  d674              	sub	a,0x74
  1104                          ; peephole 62 removed jp by using inverse jump logic
  1105                          ; peephole 149 removed unused label l_main_00280$.
  1106  0219  2008              	jr	NZ,l_main_00109
  1107                          ; peephole 155 changed absolute to relative conditional jump.
  1108                          ; peephole 63 removed jp by using inverse jump logic
  1109                          ; peephole 149 removed unused label l_main_00281$.
  1110                          ;	skipping generated iCode
  1111                          ;	skipping iCode since result will be rematerialized
  1112                          ;	genPointerGet
  1113                          ;	genMove_o size 1 result type 2 source type 5 hl_dead 1
  1114  021b  dd7efb            	ld	a,(ix-5)
  1115                          ;	genMove_o size 0 result type 2 source type 1 hl_dead 1
  1116                          ;	genIfx
  1117  021e  b7                	or	a, a
  1118  021f  2002              	jr	NZ,l_main_00109
  1119                          ; peephole 155 changed absolute to relative conditional jump.
  1120                          ;	genCast
  1121                          ;	(locations are the same)
  1122                          ;	genOr
  1123  0221  cbd0              	set	2, b
  1124                          ;	genCast
  1125                          ;	(locations are the same)
  1126                          ;	genCast
  1127                          ;	(locations are the same)
  1128                          ;	genLabel
  1129                          l_main_00109:
  1130                          ;	skipping iCode since result will be rematerialized
  1131                          ;	genPointerSet
  1132                          ;	genMove_o size 1 result type 5 source type 1 hl_dead 1
  1133  0223  dd36f961          	ld	(ix-7),0x61
  1134                          ;	skipping iCode since result will be rematerialized
  1135                          ;	genPointerSet
  1136                          ;	genMove_o size 1 result type 5 source type 1 hl_dead 1
  1137  0227  dd36fa62          	ld	(ix-6),0x62
  1138                          ;	skipping iCode since result will be rematerialized
  1139                          ;	genPointerSet
  1140                          ;	genMove_o size 1 result type 5 source type 1 hl_dead 1
  1141  022b  dd36fb63          	ld	(ix-5),0x63
  1142                          ;	skipping iCode since result will be rematerialized
  1143                          ;	genPointerSet
  1144                          ;	genMove_o size 1 result type 5 source type 1 hl_dead 1
  1145  022f  dd36fc64          	ld	(ix-4),0x64
  1146                          ;	skipping iCode since result will be rematerialized
  1147                          ;	genPointerSet
  1148                          ;	genMove_o size 1 result type 5 source type 1 hl_dead 1
  1149  0233  dd36fd65          	ld	(ix-3),0x65
  1150                          ;	skipping iCode since result will be rematerialized
  1151                          ;	genPointerSet
  1152                          ;	genMove_o size 1 result type 5 source type 1 hl_dead 1
  1153  0237  dd36fe00          	ld	(ix-2),0x00
  1154                          ;	skipping iCode since result will be rematerialized
  1155                          ;	genIpush
  1156  023b  c5                	push	bc
  1157                          ;	genMove_o size 1 result type 2 source type 1 hl_dead 1
  1158  023c  3e05              	ld	a,0x05
  1159  023e  f5                	push	af
  1160  023f  33                	inc	sp
  1161                          ;	genSend
  1162                          ;	genMove_o size 2 result type 2 source type 7 hl_dead 1
  1163  0240  211400            	ld	hl,20
  1164  0243  39                	add	hl, sp
  1165                          ;	genMove_o size 2 result type 2 source type 2 hl_dead 1
  1166                          ;	genCall
  1167  0244  cd4400            	call	_my_strrev
  1168  0247  c1                	pop	bc
  1169                          ;	genPointerGet
  1170                          ;	genMove_o size 1 result type 2 source type 5 hl_dead 1
  1171  0248  dd7ef9            	ld	a,(ix-7)
  1172                          ;	genMove_o size 0 result type 2 source type 1 hl_dead 1
  1173                          ;	genCmpEq
  1174  024b  d665              	sub	a,0x65
  1175                          ; peephole 62 removed jp by using inverse jump logic
  1176                          ; peephole 149 removed unused label l_main_00282$.
  1177  024d  2010              	jr	NZ,l_main_00113
  1178                          ; peephole 155 changed absolute to relative conditional jump.
  1179                          ; peephole 63 removed jp by using inverse jump logic
  1180                          ; peephole 149 removed unused label l_main_00283$.
  1181                          ;	skipping generated iCode
  1182                          ;	genPointerGet
  1183                          ;	genMove_o size 1 result type 2 source type 5 hl_dead 1
  1184  024f  dd7efb            	ld	a,(ix-5)
  1185                          ;	genMove_o size 0 result type 2 source type 1 hl_dead 1
  1186                          ;	genCmpEq
  1187  0252  d663              	sub	a,0x63
  1188                          ; peephole 62 removed jp by using inverse jump logic
  1189                          ; peephole 149 removed unused label l_main_00284$.
  1190  0254  2009              	jr	NZ,l_main_00113
  1191                          ; peephole 155 changed absolute to relative conditional jump.
  1192                          ; peephole 63 removed jp by using inverse jump logic
  1193                          ; peephole 149 removed unused label l_main_00285$.
  1194                          ;	skipping generated iCode
  1195                          ;	genPointerGet
  1196                          ;	genMove_o size 1 result type 2 source type 5 hl_dead 1
  1197  0256  dd7efd            	ld	a,(ix-3)
  1198                          ;	genMove_o size 0 result type 2 source type 1 hl_dead 1
  1199                          ;	genCmpEq
  1200  0259  d661              	sub	a,0x61
  1201                          ; peephole 62 removed jp by using inverse jump logic
  1202                          ; peephole 149 removed unused label l_main_00286$.
  1203  025b  2002              	jr	NZ,l_main_00113
  1204                          ; peephole 155 changed absolute to relative conditional jump.
  1205                          ; peephole 63 removed jp by using inverse jump logic
  1206                          ; peephole 149 removed unused label l_main_00287$.
  1207                          ;	skipping generated iCode
  1208                          ;	genCast
  1209                          ;	(locations are the same)
  1210                          ;	genOr
  1211  025d  cbd8              	set	3, b
  1212                          ;	genCast
  1213                          ;	(locations are the same)
  1214                          ;	genCast
  1215                          ;	(locations are the same)
  1216                          ;	genLabel
  1217                          l_main_00113:
  1218                          ;	skipping iCode since result will be rematerialized
  1219                          ;	genPointerSet
  1220                          ;	genMove_o size 1 result type 5 source type 1 hl_dead 1
  1221  025f  dd36f731          	ld	(ix-9),0x31
  1222                          ;	skipping iCode since result will be rematerialized
  1223                          ;	genPointerSet
  1224                          ;	genMove_o size 1 result type 5 source type 1 hl_dead 1
  1225  0263  dd36f832          	ld	(ix-8),0x32
  1226                          ;	skipping iCode since result will be rematerialized
  1227                          ;	genPointerSet
  1228                          ;	genMove_o size 1 result type 5 source type 1 hl_dead 1
  1229  0267  dd36f933          	ld	(ix-7),0x33
  1230                          ;	skipping iCode since result will be rematerialized
  1231                          ;	genPointerSet
  1232                          ;	genMove_o size 1 result type 5 source type 1 hl_dead 1
  1233  026b  dd36fa34          	ld	(ix-6),0x34
  1234                          ;	skipping iCode since result will be rematerialized
  1235                          ;	genPointerSet
  1236                          ;	genMove_o size 1 result type 5 source type 1 hl_dead 1
  1237  026f  dd36fb35          	ld	(ix-5),0x35
  1238                          ;	skipping iCode since result will be rematerialized
  1239                          ;	genPointerSet
  1240                          ;	genMove_o size 1 result type 5 source type 1 hl_dead 1
  1241  0273  dd36fc00          	ld	(ix-4),0x00
  1242                          ;	skipping iCode since result will be rematerialized
  1243                          ;	genPointerSet
  1244                          ;	genMove_o size 1 result type 5 source type 1 hl_dead 1
  1245  0277  dd36fd30          	ld	(ix-3),0x30
  1246                          ;	skipping iCode since result will be rematerialized
  1247                          ;	genPointerSet
  1248                          ;	genMove_o size 1 result type 5 source type 1 hl_dead 1
  1249  027b  dd36fe00          	ld	(ix-2),0x00
  1250                          ;	skipping iCode since result will be rematerialized
  1251                          ;	genSend
  1252  027f  c5                	push	bc
  1253                          ;	genMove_o size 2 result type 2 source type 7 hl_dead 1
  1254  0280  211100            	ld	hl,17
  1255  0283  39                	add	hl, sp
  1256                          ;	genMove_o size 2 result type 2 source type 2 hl_dead 1
  1257                          ;	genCall
  1258  0284  cd9600            	call	_simple_atoi
  1259                          ;	genMove_o size 2 result type 2 source type 2 hl_dead 1
  1260  0287  c1                	pop	bc
  1261                          ;	genCast
  1262                          ;	(locations are the same)
  1263                          ;	genCmpEq
  1264  0288  7b                	ld	a, e
  1265  0289  d639              	sub	a,0x39
  1266  028b  2014              	jr	NZ,l_main_00117
  1267                          ; peephole 155 changed absolute to relative conditional jump.
  1268                          ; peephole 65 jumped to l_main_00117$ directly instead of via l_main_00288$.
  1269  028d  7a                	ld	a, d
  1270  028e  d630              	sub	a,0x30
  1271                          ; peephole 62 removed jp by using inverse jump logic
  1272                          ; peephole 149 removed unused label l_main_00288$.
  1273  0290  200f              	jr	NZ,l_main_00117
  1274                          ; peephole 155 changed absolute to relative conditional jump.
  1275                          ; peephole 63 removed jp by using inverse jump logic
  1276                          ; peephole 149 removed unused label l_main_00289$.
  1277                          ;	skipping generated iCode
  1278                          ;	skipping iCode since result will be rematerialized
  1279                          ;	genSend
  1280  0292  c5                	push	bc
  1281                          ;	genMove_o size 2 result type 2 source type 7 hl_dead 1
  1282  0293  211700            	ld	hl,23
  1283  0296  39                	add	hl, sp
  1284                          ;	genMove_o size 2 result type 2 source type 2 hl_dead 1
  1285                          ;	genCall
  1286  0297  cd9600            	call	_simple_atoi
  1287                          ;	genMove_o size 2 result type 2 source type 2 hl_dead 1
  1288  029a  c1                	pop	bc
  1289                          ;	genIfx
  1290  029b  7a                	ld	a, d
  1291  029c  b3                	or	a, e
  1292  029d  2002              	jr	NZ,l_main_00117
  1293                          ; peephole 155 changed absolute to relative conditional jump.
  1294                          ;	genCast
  1295                          ;	(locations are the same)
  1296                          ;	genOr
  1297  029f  cbe0              	set	4, b
  1298                          ;	genCast
  1299                          ;	(locations are the same)
  1300                          ;	genCast
  1301                          ;	(locations are the same)
  1302                          ;	genLabel
  1303                          l_main_00117:
  1304                          ;	genAddrOf
  1305  02a1  210f00            	ld	hl,15
  1306  02a4  39                	add	hl, sp
  1307  02a5  eb                	ex	de, hl
  1308                          ;	genCast
  1309                          ;	(locations are the same)
  1310                          ;	genSend
  1311  02a6  c5                	push	bc
  1312  02a7  d5                	push	de
  1313                          ;	genMove_o size 2 result type 2 source type 2 hl_dead 1
  1314                          ;	genSend
  1315                          ;	genMove_o size 2 result type 2 source type 1 hl_dead 1
  1316  02a8  21851a            	ld	hl,0x1a85
  1317                          ;	genCall
  1318  02ab  cdb900            	call	_simple_itoa
  1319  02ae  d1                	pop	de
  1320                          ;	genSend
  1321                          ; peephole 44 eleminated dead pop/push pair.
  1322                          ;	genMove_o size 2 result type 2 source type 2 hl_dead 1
  1323  02af  eb                	ex	de, hl
  1324                          ;	genMove_o size 0 result type 2 source type 1 hl_dead 1
  1325                          ;	genCall
  1326  02b0  cd9600            	call	_simple_atoi
  1327                          ;	genMove_o size 2 result type 2 source type 2 hl_dead 1
  1328  02b3  c1                	pop	bc
  1329                          ;	genCast
  1330                          ;	(locations are the same)
  1331                          ;	genCmpEq
  1332  02b4  7b                	ld	a, e
  1333  02b5  d685              	sub	a,0x85
  1334  02b7  2007              	jr	NZ,l_main_00120
  1335                          ; peephole 155 changed absolute to relative conditional jump.
  1336                          ; peephole 65 jumped to l_main_00120$ directly instead of via l_main_00290$.
  1337  02b9  7a                	ld	a, d
  1338  02ba  d61a              	sub	a,0x1a
  1339                          ; peephole 62 removed jp by using inverse jump logic
  1340                          ; peephole 149 removed unused label l_main_00290$.
  1341  02bc  2002              	jr	NZ,l_main_00120
  1342                          ; peephole 155 changed absolute to relative conditional jump.
  1343                          ; peephole 63 removed jp by using inverse jump logic
  1344                          ; peephole 149 removed unused label l_main_00291$.
  1345                          ;	skipping generated iCode
  1346                          ;	genCast
  1347                          ;	(locations are the same)
  1348                          ;	genOr
  1349  02be  cbe8              	set	5, b
  1350                          ;	genCast
  1351                          ;	(locations are the same)
  1352                          ;	genCast
  1353                          ;	(locations are the same)
  1354                          ;	genLabel
  1355                          l_main_00120:
  1356                          ;	skipping iCode since result will be rematerialized
  1357                          ;	skipping iCode since result will be rematerialized
  1358                          ;	genIpush
  1359  02c0  c5                	push	bc
  1360                          ;	genMove_o size 1 result type 2 source type 1 hl_dead 1
  1361                          ;	genIpush
  1362                          ;	genMove_o size 1 result type 2 source type 1 hl_dead 1
  1363                          ; peephole 36 pushed de instead of pushing a twice.
  1364                          ; peephole 40 loaded #0x10 into d directly instead of going through a.
  1365  02c1  11aa10            	ld	de,0x10aa
  1366                          ; peephole 67a combined constant loads into register pair.
  1367  02c4  d5                	push	de
  1368                          ;	genSend
  1369                          ;	genMove_o size 2 result type 2 source type 7 hl_dead 1
  1370  02c5  210b00            	ld	hl,11
  1371  02c8  39                	add	hl, sp
  1372                          ;	genMove_o size 2 result type 2 source type 2 hl_dead 1
  1373                          ;	genCall
  1374  02c9  cd1a01            	call	_my_memset
  1375  02cc  c1                	pop	bc
  1376                          ;	genAssign
  1377                          ;	genMove_o size 1 result type 2 source type 1 hl_dead 1
  1378  02cd  0e01              	ld	c,0x01
  1379                          ;	genAssign
  1380                          ;	genMove_o size 1 result type 2 source type 1 hl_dead 1
  1381  02cf  1e00              	ld	e,0x00
  1382                          ;	genLabel
  1383                          l_main_00130:
  1384                          ;	genCmpLt
  1385  02d1  7b                	ld	a, e
  1386  02d2  d610              	sub	a,0x10
  1387  02d4  3013              	jr	NC,l_main_00123
  1388                          ; peephole 157 changed absolute to relative conditional jump.
  1389                          ;	skipping generated iCode
  1390                          ;	genPlus
  1391  02d6  d5                	push	de
  1392                          ;	genMove_o size 2 result type 2 source type 2 hl_dead 1
  1393                          ;	genMove_o size 1 result type 2 source type 1 hl_dead 1
  1394  02d7  1600              	ld	d,0x00
  1395                          ;	genMove_o size 2 result type 2 source type 7 hl_dead 1
  1396  02d9  210900            	ld	hl,9
  1397  02dc  39                	add	hl, sp
  1398                          ;	genMove_o size 2 result type 2 source type 2 hl_dead 1
  1399  02dd  19                	add	hl, de
  1400  02de  d1                	pop	de
  1401                          ;	genMove_o size 2 result type 2 source type 2 hl_dead 1
  1402                          ;	genPointerGet
  1403  02df  7e                	ld	a, (hl)
  1404                          ;	genCmpEq
  1405  02e0  d6aa              	sub	a,0xaa
  1406  02e2  2802              	jr	Z,l_main_00131
  1407                          ; peephole 154 changed absolute to relative conditional jump.
  1408                          ; peephole 62 removed jp by using inverse jump logic
  1409                          ; peephole 149 removed unused label l_main_00292$.
  1410                          ;	skipping generated iCode
  1411                          ;	genAssign
  1412                          ;	genMove_o size 1 result type 2 source type 1 hl_dead 1
  1413  02e4  0e00              	ld	c,0x00
  1414                          ;	genLabel
  1415                          l_main_00131:
  1416                          ;	genPlus
  1417  02e6  1c                	inc	e
  1418                          ;	genGoto
  1419  02e7  18e8              	jr	l_main_00130
  1420                          ; peephole 153 changed absolute to relative unconditional jump.
  1421                          ;	genLabel
  1422                          l_main_00123:
  1423                          ;	genIfx
  1424  02e9  79                	ld	a, c
  1425  02ea  b7                	or	a, a
  1426  02eb  2802              	jr	Z,l_main_00125
  1427                          ; peephole 154 changed absolute to relative conditional jump.
  1428                          ;	genCast
  1429                          ;	(locations are the same)
  1430                          ;	genOr
  1431  02ed  cbf0              	set	6, b
  1432                          ;	genCast
  1433                          ;	(locations are the same)
  1434                          ;	genCast
  1435                          ;	(locations are the same)
  1436                          ;	genLabel
  1437                          l_main_00125:
  1438                          ;	genAddrOf
  1439  02ef  211000            	ld	hl,16
  1440  02f2  39                	add	hl, sp
  1441                          ;	genPointerSet
  1442                          ;	genMove_o size 1 result type 2 source type 1 hl_dead 0
  1443                          ; peephole z88dk-603m
  1444                          ; peephole 9 loaded (hl) from #0x68 directly instead of going through a.
  1445  02f3  3668              	ld	(hl),0x68
  1446  02f5  eb                	ex	de,hl
  1447                          ; peephole z88dk-340b
  1448                          ;	skipping iCode since result will be rematerialized
  1449                          ;	genPointerSet
  1450                          ;	genMove_o size 1 result type 5 source type 1 hl_dead 1
  1451  02f6  dd36f965          	ld	(ix-7),0x65
  1452                          ;	skipping iCode since result will be rematerialized
  1453                          ;	genPointerSet
  1454                          ;	genMove_o size 1 result type 5 source type 1 hl_dead 1
  1455  02fa  dd36fa6c          	ld	(ix-6),0x6c
  1456                          ;	skipping iCode since result will be rematerialized
  1457                          ;	genPointerSet
  1458                          ;	genMove_o size 1 result type 5 source type 1 hl_dead 1
  1459  02fe  dd36fb00          	ld	(ix-5),0x00
  1460                          ;	skipping iCode since result will be rematerialized
  1461                          ;	genPointerSet
  1462                          ;	genMove_o size 1 result type 5 source type 1 hl_dead 1
  1463  0302  dd36fc6c          	ld	(ix-4),0x6c
  1464                          ;	skipping iCode since result will be rematerialized
  1465                          ;	genPointerSet
  1466                          ;	genMove_o size 1 result type 5 source type 1 hl_dead 1
  1467  0306  dd36fd6f          	ld	(ix-3),0x6f
  1468                          ;	skipping iCode since result will be rematerialized
  1469                          ;	genPointerSet
  1470                          ;	genMove_o size 1 result type 5 source type 1 hl_dead 1
  1471  030a  dd36fe00          	ld	(ix-2),0x00
  1472                          ;	genCast
  1473                          ;	(locations are the same)
  1474                          ;	skipping iCode since result will be rematerialized
  1475                          ;	skipping iCode since result will be rematerialized
  1476                          ;	genSend
  1477  030e  c5                	push	bc
  1478                          ;	genMove_o size 2 result type 2 source type 2 hl_dead 1
  1479                          ;	genSend
  1480                          ;	genMove_o size 2 result type 2 source type 7 hl_dead 1
  1481  030f  210200            	ld	hl,2
  1482  0312  39                	add	hl, sp
  1483                          ;	genMove_o size 2 result type 2 source type 2 hl_dead 1
  1484                          ;	genCall
  1485  0313  cd3800            	call	_my_strcpy
  1486                          ;	genSend
  1487                          ; peephole 44 eleminated dead pop/push pair.
  1488                          ;	genMove_o size 2 result type 2 source type 7 hl_dead 1
  1489  0316  210200            	ld	hl,2
  1490  0319  39                	add	hl, sp
  1491                          ;	genMove_o size 2 result type 2 source type 2 hl_dead 1
  1492                          ;	genCall
  1493  031a  cd0000            	call	_my_strlen
  1494                          ;	genMove_o size 1 result type 2 source type 2 hl_dead 1
  1495  031d  5f                	ld	e, a
  1496                          ;	genMove_o size 0 result type 2 source type 1 hl_dead 1
  1497  031e  c1                	pop	bc
  1498                          ;	skipping iCode since result will be rematerialized
  1499                          ;	genPlus
  1500                          ;	genMove_o size 2 result type 2 source type 2 hl_dead 1
  1501                          ;	genMove_o size 1 result type 2 source type 1 hl_dead 1
  1502  031f  1600              	ld	d,0x00
  1503                          ;	genMove_o size 2 result type 2 source type 7 hl_dead 1
  1504  0321  210000            	ld	hl,0
  1505  0324  39                	add	hl, sp
  1506                          ;	genMove_o size 2 result type 2 source type 2 hl_dead 1
  1507  0325  19                	add	hl, de
  1508                          ;	genMove_o size 2 result type 2 source type 2 hl_dead 1
  1509                          ;	genCast
  1510                          ;	(locations are the same)
  1511                          ;	genSend
  1512  0326  c5                	push	bc
  1513                          ;	genMove_o size 2 result type 2 source type 7 hl_dead 0
  1514  0327  eb                	ex	de, hl
  1515  0328  211600            	ld	hl,22
  1516  032b  39                	add	hl, sp
  1517  032c  eb                	ex	de, hl
  1518                          ;	genSend
  1519                          ;	genMove_o size 2 result type 2 source type 2 hl_dead 1
  1520                          ;	genCall
  1521  032d  cd3800            	call	_my_strcpy
  1522                          ;	genSend
  1523                          ; peephole 44 eleminated dead pop/push pair.
  1524                          ;	genMove_o size 2 result type 2 source type 7 hl_dead 1
  1525  0330  210200            	ld	hl,2
  1526  0333  39                	add	hl, sp
  1527                          ;	genMove_o size 2 result type 2 source type 2 hl_dead 1
  1528                          ;	genCall
  1529  0334  cd0000            	call	_my_strlen
  1530                          ;	genMove_o size 1 result type 2 source type 2 hl_dead 1
  1531  0337  c1                	pop	bc
  1532                          ;	genCmpEq
  1533  0338  d605              	sub	a,0x05
  1534                          ; peephole 62 removed jp by using inverse jump logic
  1535                          ; peephole 149 removed unused label l_main_00293$.
  1536  033a  2011              	jr	NZ,l_main_00127
  1537                          ; peephole 155 changed absolute to relative conditional jump.
  1538                          ; peephole 63 removed jp by using inverse jump logic
  1539                          ; peephole 149 removed unused label l_main_00294$.
  1540                          ;	skipping generated iCode
  1541                          ;	skipping iCode since result will be rematerialized
  1542                          ;	skipping iCode since result will be rematerialized
  1543                          ;	genSend
  1544  033c  c5                	push	bc
  1545                          ;	genMove_o size 2 result type 2 source type 6 hl_dead 1
  1546  033d  110000            	ld	de,___str_11
  1547                          ;	genSend
  1548                          ;	genMove_o size 2 result type 2 source type 7 hl_dead 1
  1549  0340  210200            	ld	hl,2
  1550  0343  39                	add	hl, sp
  1551                          ;	genMove_o size 2 result type 2 source type 2 hl_dead 1
  1552                          ;	genCall
  1553  0344  cd1000            	call	_my_strcmp
  1554                          ;	genMove_o size 1 result type 2 source type 2 hl_dead 1
  1555  0347  c1                	pop	bc
  1556                          ;	genIfx
  1557  0348  b7                	or	a, a
  1558  0349  2002              	jr	NZ,l_main_00127
  1559                          ; peephole 155 changed absolute to relative conditional jump.
  1560                          ;	genCast
  1561                          ;	(locations are the same)
  1562                          ;	genOr
  1563  034b  cbf8              	set	7, b
  1564                          ;	genCast
  1565                          ;	(locations are the same)
  1566                          ;	genCast
  1567                          ;	(locations are the same)
  1568                          ;	genLabel
  1569                          l_main_00127:
  1570                          ;	genCast
  1571                          ;	genMove_o size 1 result type 2 source type 2 hl_dead 1
  1572                          ;	genMove_o size 1 result type 2 source type 1 hl_dead 1
  1573  034d  1600              	ld	d,0x00
  1574                          ;	genRet
  1575                          ;	genMove_o size 2 result type 2 source type 2 hl_dead 1
  1576  034f  58                	ld	e, b
  1577                          ;	genMove_o size 0 result type 2 source type 1 hl_dead 1
  1578                          ;	genLabel
  1579                          ; peephole 149 removed unused label l_main_00132$.
  1580                          ;	genEndFunction
  1581  0350  ddf9              	ld	sp, ix
  1582  0352  dde1              	pop	ix
  1583  0354  c9                	ret
  1584                          ;	Total main function size at codegen: 57 bytes.
  1585                          	SECTION rodata_compiler
  1586                          ___str_11:
  1587  0000  68656c6c6f        	DEFM "hello"
  1588  0005  00                	DEFB 0x00
  1589                          	SECTION IGNORE
  1590                          
