/tmp/tmpXXKkkOiG.asm:
     1                          MODULE bench_rotate_c
     2                          LINE 0, "/work/programs/bench_rotate.c"
/work/programs/bench_rotate.c:
                                
     1                          ;--------------------------------------------------------
     2                          ; File Created by SDCC : free open source ISO C Compiler
     3                          ; Version 4.5.0 #15242 (Linux)
     4                          ;--------------------------------------------------------
     5                          ; Processed by Z88DK
     6                          ;--------------------------------------------------------
     7                          
     8                          	EXTERN __divschar
     9                          	EXTERN __divschar_callee
    10                          	EXTERN __divsint
    11                          	EXTERN __divsint_callee
    12                          	EXTERN __divslong
    13                          	EXTERN __divslong_callee
    14                          	EXTERN __divslonglong
    15                          	EXTERN __divslonglong_callee
    16                          	EXTERN __divsuchar
    17                          	EXTERN __divsuchar_callee
    18                          	EXTERN __divuchar
    19                          	EXTERN __divuchar_callee
    20                          	EXTERN __divuint
    21                          	EXTERN __divuint_callee
    22                          	EXTERN __divulong
    23                          	EXTERN __divulong_callee
    24                          	EXTERN __divulonglong
    25                          	EXTERN __divulonglong_callee
    26                          	EXTERN __divuschar
    27                          	EXTERN __divuschar_callee
    28                          	EXTERN __modschar
    29                          	EXTERN __modschar_callee
    30                          	EXTERN __modsint
    31                          	EXTERN __modsint_callee
    32                          	EXTERN __modslong
    33                          	EXTERN __modslong_callee
    34                          	EXTERN __modslonglong
    35                          	EXTERN __modslonglong_callee
    36                          	EXTERN __modsuchar
    37                          	EXTERN __modsuchar_callee
    38                          	EXTERN __moduchar
    39                          	EXTERN __moduchar_callee
    40                          	EXTERN __moduint
    41                          	EXTERN __moduint_callee
    42                          	EXTERN __modulong
    43                          	EXTERN __modulong_callee
    44                          	EXTERN __modulonglong
    45                          	EXTERN __modulonglong_callee
    46                          	EXTERN __moduschar
    47                          	EXTERN __moduschar_callee
    48                          	EXTERN __mulint
    49                          	EXTERN __mulint_callee
    50                          	EXTERN __mullong
    51                          	EXTERN __mullong_callee
    52                          	EXTERN __mullonglong
    53                          	EXTERN __mullonglong_callee
    54                          	EXTERN __mulschar
    55                          	EXTERN __mulschar_callee
    56                          	EXTERN __mulsuchar
    57                          	EXTERN __mulsuchar_callee
    58                          	EXTERN __muluchar
    59                          	EXTERN __muluchar_callee
    60                          	EXTERN __muluschar
    61                          	EXTERN __muluschar_callee
    62                          	EXTERN __rlslonglong
    63                          	EXTERN __rlslonglong_callee
    64                          	EXTERN __rlulonglong
    65                          	EXTERN __rlulonglong_callee
    66                          	EXTERN __rrslonglong
    67                          	EXTERN __rrslonglong_callee
    68                          	EXTERN __rrulonglong
    69                          	EXTERN __rrulonglong_callee
    70                          	EXTERN ___mulsint2slong
    71                          	EXTERN ___mulsint2slong_callee
    72                          	EXTERN ___muluint2ulong
    73                          	EXTERN ___muluint2ulong_callee
    74                          	EXTERN ___sdcc_call_hl
    75                          	EXTERN ___sdcc_call_iy
    76                          	EXTERN ___sdcc_enter_ix
    77                          	EXTERN banked_call
    78                          	EXTERN _banked_ret
    79                          	EXTERN ___fs2schar
    80                          	EXTERN ___fs2schar_callee
    81                          	EXTERN ___fs2sint
    82                          	EXTERN ___fs2sint_callee
    83                          	EXTERN ___fs2slong
    84                          	EXTERN ___fs2slong_callee
    85                          	EXTERN ___fs2slonglong
    86                          	EXTERN ___fs2slonglong_callee
    87                          	EXTERN ___fs2uchar
    88                          	EXTERN ___fs2uchar_callee
    89                          	EXTERN ___fs2uint
    90                          	EXTERN ___fs2uint_callee
    91                          	EXTERN ___fs2ulong
    92                          	EXTERN ___fs2ulong_callee
    93                          	EXTERN ___fs2ulonglong
    94                          	EXTERN ___fs2ulonglong_callee
    95                          	EXTERN ___fsadd
    96                          	EXTERN ___fsadd_callee
    97                          	EXTERN ___fsdiv
    98                          	EXTERN ___fsdiv_callee
    99                          	EXTERN ___fseq
   100                          	EXTERN ___fseq_callee
   101                          	EXTERN ___fsgt
   102                          	EXTERN ___fsgt_callee
   103                          	EXTERN ___fslt
   104                          	EXTERN ___fslt_callee
   105                          	EXTERN ___fsmul
   106                          	EXTERN ___fsmul_callee
   107                          	EXTERN ___fsneq
   108                          	EXTERN ___fsneq_callee
   109                          	EXTERN ___fssub
   110                          	EXTERN ___fssub_callee
   111                          	EXTERN ___schar2fs
   112                          	EXTERN ___schar2fs_callee
   113                          	EXTERN ___sint2fs
   114                          	EXTERN ___sint2fs_callee
   115                          	EXTERN ___slong2fs
   116                          	EXTERN ___slong2fs_callee
   117                          	EXTERN ___slonglong2fs
   118                          	EXTERN ___slonglong2fs_callee
   119                          	EXTERN ___uchar2fs
   120                          	EXTERN ___uchar2fs_callee
   121                          	EXTERN ___uint2fs
   122                          	EXTERN ___uint2fs_callee
   123                          	EXTERN ___ulong2fs
   124                          	EXTERN ___ulong2fs_callee
   125                          	EXTERN ___ulonglong2fs
   126                          	EXTERN ___ulonglong2fs_callee
   127                          	EXTERN ____sdcc_2_copy_src_mhl_dst_deix
   128                          	EXTERN ____sdcc_2_copy_src_mhl_dst_bcix
   129                          	EXTERN ____sdcc_4_copy_src_mhl_dst_deix
   130                          	EXTERN ____sdcc_4_copy_src_mhl_dst_bcix
   131                          	EXTERN ____sdcc_4_copy_src_mhl_dst_mbc
   132                          	EXTERN ____sdcc_4_ldi_nosave_bc
   133                          	EXTERN ____sdcc_4_ldi_save_bc
   134                          	EXTERN ____sdcc_4_push_hlix
   135                          	EXTERN ____sdcc_4_push_mhl
   136                          	EXTERN ____sdcc_lib_setmem_hl
   137                          	EXTERN ____sdcc_ll_add_de_bc_hl
   138                          	EXTERN ____sdcc_ll_add_de_bc_hlix
   139                          	EXTERN ____sdcc_ll_add_de_hlix_bc
   140                          	EXTERN ____sdcc_ll_add_de_hlix_bcix
   141                          	EXTERN ____sdcc_ll_add_deix_bc_hl
   142                          	EXTERN ____sdcc_ll_add_deix_hlix
   143                          	EXTERN ____sdcc_ll_add_hlix_bc_deix
   144                          	EXTERN ____sdcc_ll_add_hlix_deix_bc
   145                          	EXTERN ____sdcc_ll_add_hlix_deix_bcix
   146                          	EXTERN ____sdcc_ll_asr_hlix_a
   147                          	EXTERN ____sdcc_ll_asr_mbc_a
   148                          	EXTERN ____sdcc_ll_copy_src_de_dst_hlix
   149                          	EXTERN ____sdcc_ll_copy_src_de_dst_hlsp
   150                          	EXTERN ____sdcc_ll_copy_src_deix_dst_hl
   151                          	EXTERN ____sdcc_ll_copy_src_deix_dst_hlix
   152                          	EXTERN ____sdcc_ll_copy_src_deixm_dst_hlsp
   153                          	EXTERN ____sdcc_ll_copy_src_desp_dst_hlsp
   154                          	EXTERN ____sdcc_ll_copy_src_hl_dst_de
   155                          	EXTERN ____sdcc_ll_copy_src_hlsp_dst_de
   156                          	EXTERN ____sdcc_ll_copy_src_hlsp_dst_deixm
   157                          	EXTERN ____sdcc_ll_lsl_hlix_a
   158                          	EXTERN ____sdcc_ll_lsl_mbc_a
   159                          	EXTERN ____sdcc_ll_lsr_hlix_a
   160                          	EXTERN ____sdcc_ll_lsr_mbc_a
   161                          	EXTERN ____sdcc_ll_push_hlix
   162                          	EXTERN ____sdcc_ll_push_mhl
   163                          	EXTERN ____sdcc_ll_sub_de_bc_hl
   164                          	EXTERN ____sdcc_ll_sub_de_bc_hlix
   165                          	EXTERN ____sdcc_ll_sub_de_hlix_bc
   166                          	EXTERN ____sdcc_ll_sub_de_hlix_bcix
   167                          	EXTERN ____sdcc_ll_sub_deix_bc_hl
   168                          	EXTERN ____sdcc_ll_sub_deix_hlix
   169                          	EXTERN ____sdcc_ll_sub_hlix_bc_deix
   170                          	EXTERN ____sdcc_ll_sub_hlix_deix_bc
   171                          	EXTERN ____sdcc_ll_sub_hlix_deix_bcix
   172                          	EXTERN ____sdcc_load_debc_deix
   173                          	EXTERN ____sdcc_load_dehl_deix
   174                          	EXTERN ____sdcc_load_debc_mhl
   175                          	EXTERN ____sdcc_load_hlde_mhl
   176                          	EXTERN ____sdcc_store_dehl_bcix
   177                          	EXTERN ____sdcc_store_debc_hlix
   178                          	EXTERN ____sdcc_store_debc_mhl
   179                          	EXTERN ____sdcc_cpu_pop_ei
   180                          	EXTERN ____sdcc_cpu_pop_ei_jp
   181                          	EXTERN ____sdcc_cpu_push_di
   182                          	EXTERN ____sdcc_outi
   183                          	EXTERN ____sdcc_outi_128
   184                          	EXTERN ____sdcc_outi_256
   185                          	EXTERN ____sdcc_ldi
   186                          	EXTERN ____sdcc_ldi_128
   187                          	EXTERN ____sdcc_ldi_256
   188                          	EXTERN ____sdcc_4_copy_srcd_hlix_dst_deix
   189                          	EXTERN ____sdcc_4_and_src_mbc_mhl_dst_deix
   190                          	EXTERN ____sdcc_4_or_src_mbc_mhl_dst_deix
   191                          	EXTERN ____sdcc_4_xor_src_mbc_mhl_dst_deix
   192                          	EXTERN ____sdcc_4_or_src_dehl_dst_bcix
   193                          	EXTERN ____sdcc_4_xor_src_dehl_dst_bcix
   194                          	EXTERN ____sdcc_4_and_src_dehl_dst_bcix
   195                          	EXTERN ____sdcc_4_xor_src_mbc_mhl_dst_debc
   196                          	EXTERN ____sdcc_4_or_src_mbc_mhl_dst_debc
   197                          	EXTERN ____sdcc_4_and_src_mbc_mhl_dst_debc
   198                          	EXTERN ____sdcc_4_cpl_src_mhl_dst_debc
   199                          	EXTERN ____sdcc_4_xor_src_debc_mhl_dst_debc
   200                          	EXTERN ____sdcc_4_or_src_debc_mhl_dst_debc
   201                          	EXTERN ____sdcc_4_and_src_debc_mhl_dst_debc
   202                          	EXTERN ____sdcc_4_and_src_debc_hlix_dst_debc
   203                          	EXTERN ____sdcc_4_or_src_debc_hlix_dst_debc
   204                          	EXTERN ____sdcc_4_xor_src_debc_hlix_dst_debc
   205                          
   206                          ;--------------------------------------------------------
   207                          ; Public variables in this module
   208                          ;--------------------------------------------------------
   209                          	GLOBAL _main
   210                          	GLOBAL _rotate_flags
   211                          	GLOBAL _rot_hash
   212                          	GLOBAL _rotr_var
   213                          	GLOBAL _rotl_var
   214                          	GLOBAL _rotr3
   215                          	GLOBAL _rotr2
   216                          	GLOBAL _rotr1
   217                          	GLOBAL _rotl3
   218                          	GLOBAL _rotl2
   219                          	GLOBAL _rotl1
   220                          ;--------------------------------------------------------
   221                          ; Externals used
   222                          ;--------------------------------------------------------
   223                          ;--------------------------------------------------------
   224                          ; special function registers
   225                          ;--------------------------------------------------------
   226                          ;--------------------------------------------------------
   227                          ; ram data
   228                          ;--------------------------------------------------------
   229                          	SECTION bss_compiler
   230                          ;--------------------------------------------------------
   231                          ; ram data
   232                          ;--------------------------------------------------------
   233                          
   234                          IF 0
   235                          
   236                          ; .area _INITIALIZED removed by z88dk
   237                          
   238                          
   239                          ENDIF
   240                          
   241                          ;--------------------------------------------------------
   242                          ; absolute external ram data
   243                          ;--------------------------------------------------------
   244                          	SECTION IGNORE
   245                          ;--------------------------------------------------------
   246                          ; global & static initialisations
   247                          ;--------------------------------------------------------
   248                          	SECTION code_crt_init
   249                          ;--------------------------------------------------------
   250                          ; Home
   251                          ;--------------------------------------------------------
   252                          	SECTION code_home
   253                          ;--------------------------------------------------------
   254                          ; code
   255                          ;--------------------------------------------------------
   256                          	SECTION code_compiler
   257                          ;	genLabel
   258                          ;	genFunction
   259                          ;	---------------------------------
   260                          ; Function rotl1
   261                          ; ---------------------------------
   262                          ;	Register assignment is optimal.
   263                          ; Stack space usage: 0 bytes.
   264                          _rotl1:
   265                          ;	genReceive
   266                          ;	genMove_o size 1 result type 2 source type 2 hl_dead 1
   267                          ;	genRot
   268  0000  07                	rlca
   269                          ;	genRet
   270                          ;	genMove_o size 1 result type 2 source type 2 hl_dead 1
   271                          ;	genLabel
   272                          ; peephole 149 removed unused label l_rotl1_00101$.
   273                          ;	genEndFunction
   274  0001  c9                	ret
   275                          ;	Total rotl1 function size at codegen: 0 bytes.
   276                          ;	genLabel
   277                          ;	genFunction
   278                          ;	---------------------------------
   279                          ; Function rotl2
   280                          ; ---------------------------------
   281                          ;	Register assignment is optimal.
   282                          ; Stack space usage: 0 bytes.
   283                          _rotl2:
   284                          ;	genReceive
   285                          ;	genMove_o size 1 result type 2 source type 2 hl_dead 1
   286                          ;	genRot
   287  0002  07                	rlca
   288  0003  07                	rlca
   289                          ;	genRet
   290                          ;	genMove_o size 1 result type 2 source type 2 hl_dead 1
   291                          ;	genLabel
   292                          ; peephole 149 removed unused label l_rotl2_00101$.
   293                          ;	genEndFunction
   294  0004  c9                	ret
   295                          ;	Total rotl2 function size at codegen: 0 bytes.
   296                          ;	genLabel
   297                          ;	genFunction
   298                          ;	---------------------------------
   299                          ; Function rotl3
   300                          ; ---------------------------------
   301                          ;	Register assignment is optimal.
   302                          ; Stack space usage: 0 bytes.
   303                          _rotl3:
   304                          ;	genReceive
   305                          ;	genMove_o size 1 result type 2 source type 2 hl_dead 1
   306                          ;	genRot
   307  0005  07                	rlca
   308  0006  07                	rlca
   309  0007  07                	rlca
   310                          ;	genRet
   311                          ;	genMove_o size 1 result type 2 source type 2 hl_dead 1
   312                          ;	genLabel
   313                          ; peephole 149 removed unused label l_rotl3_00101$.
   314                          ;	genEndFunction
   315  0008  c9                	ret
   316                          ;	Total rotl3 function size at codegen: 0 bytes.
   317                          ;	genLabel
   318                          ;	genFunction
   319                          ;	---------------------------------
   320                          ; Function rotr1
   321                          ; ---------------------------------
   322                          ;	Register assignment is optimal.
   323                          ; Stack space usage: 0 bytes.
   324                          _rotr1:
   325                          ;	genReceive
   326                          ;	genMove_o size 1 result type 2 source type 2 hl_dead 1
   327                          ;	genRot
   328  0009  0f                	rrca
   329                          ;	genRet
   330                          ;	genMove_o size 1 result type 2 source type 2 hl_dead 1
   331                          ;	genLabel
   332                          ; peephole 149 removed unused label l_rotr1_00101$.
   333                          ;	genEndFunction
   334  000a  c9                	ret
   335                          ;	Total rotr1 function size at codegen: 0 bytes.
   336                          ;	genLabel
   337                          ;	genFunction
   338                          ;	---------------------------------
   339                          ; Function rotr2
   340                          ; ---------------------------------
   341                          ;	Register assignment is optimal.
   342                          ; Stack space usage: 0 bytes.
   343                          _rotr2:
   344                          ;	genReceive
   345                          ;	genMove_o size 1 result type 2 source type 2 hl_dead 1
   346                          ;	genRot
   347  000b  0f                	rrca
   348  000c  0f                	rrca
   349                          ;	genRet
   350                          ;	genMove_o size 1 result type 2 source type 2 hl_dead 1
   351                          ;	genLabel
   352                          ; peephole 149 removed unused label l_rotr2_00101$.
   353                          ;	genEndFunction
   354  000d  c9                	ret
   355                          ;	Total rotr2 function size at codegen: 0 bytes.
   356                          ;	genLabel
   357                          ;	genFunction
   358                          ;	---------------------------------
   359                          ; Function rotr3
   360                          ; ---------------------------------
   361                          ;	Register assignment is optimal.
   362                          ; Stack space usage: 0 bytes.
   363                          _rotr3:
   364                          ;	genReceive
   365                          ;	genMove_o size 1 result type 2 source type 2 hl_dead 1
   366                          ;	genRot
   367  000e  0f                	rrca
   368  000f  0f                	rrca
   369  0010  0f                	rrca
   370                          ;	genRet
   371                          ;	genMove_o size 1 result type 2 source type 2 hl_dead 1
   372                          ;	genLabel
   373                          ; peephole 149 removed unused label l_rotr3_00101$.
   374                          ;	genEndFunction
   375  0011  c9                	ret
   376                          ;	Total rotr3 function size at codegen: 0 bytes.
   377                          ;	genLabel
   378                          ;	genFunction
   379                          ;	---------------------------------
   380                          ; Function rotl_var
   381                          ; ---------------------------------
   382                          ;	Register assignment is optimal.
   383                          ; Stack space usage: 0 bytes.
   384                          _rotl_var:
   385                          ;	genReceive
   386                          ;	genMove_o size 1 result type 2 source type 2 hl_dead 0
   387  0012  5f                	ld	e, a
   388                          ;	genMove_o size 0 result type 2 source type 1 hl_dead 0
   389                          ;	genReceive
   390                          ;	genMove_o size 1 result type 2 source type 2 hl_dead 1
   391                          ;	genLeftShift
   392  0013  7d                	ld	a, l
   393                          ;	genMove_o size 1 result type 2 source type 2 hl_dead 0
   394                          ;	genMove_o size 0 result type 2 source type 1 hl_dead 0
   395                          ;	genMove_o size 0 result type 2 source type 1 hl_dead 0
   396                          ; peephole z88dk-356
   397  0014  3c                	inc	a
   398  0015  4b                	ld	c,e
   399                          ; peephole z88dk-478c
   400  0016  1802              	jr	l_rotl_var_00104
   401                          ; peephole 153 changed absolute to relative unconditional jump.
   402                          l_rotl_var_00103:
   403  0018  cb21              	sla	c
   404                          l_rotl_var_00104:
   405  001a  3d                	dec	a
   406  001b  20fb              	jr	NZ,l_rotl_var_00103
   407                          ;	genMove_o size 1 result type 2 source type 2 hl_dead 0
   408                          ;	genMinus
   409  001d  3e08              	ld	a,0x08
   410  001f  95                	sub	a, l
   411  0020  47                	ld	b, a
   412                          ;	genRightShift
   413                          ;	genMove_o size 1 result type 2 source type 2 hl_dead 1
   414                          ;	genMove_o size 0 result type 2 source type 1 hl_dead 1
   415  0021  04                	inc	b
   416  0022  1802              	jr	l_rotl_var_00106
   417                          ; peephole 153 changed absolute to relative unconditional jump.
   418                          l_rotl_var_00105:
   419  0024  cb3b              	srl	e
   420                          l_rotl_var_00106:
   421  0026  10fc              	djnz	l_rotl_var_00105
   422                          ;	genMove_o size 1 result type 2 source type 2 hl_dead 1
   423                          ;	genOr
   424  0028  79                	ld	a, c
   425  0029  b3                	or	a, e
   426                          ;	genMove_o size 1 result type 2 source type 2 hl_dead 1
   427                          ;	genRet
   428                          ;	genMove_o size 1 result type 2 source type 2 hl_dead 1
   429                          ;	genLabel
   430                          ; peephole 149 removed unused label l_rotl_var_00101$.
   431                          ;	genEndFunction
   432  002a  c9                	ret
   433                          ;	Total rotl_var function size at codegen: 0 bytes.
   434                          ;	genLabel
   435                          ;	genFunction
   436                          ;	---------------------------------
   437                          ; Function rotr_var
   438                          ; ---------------------------------
   439                          ;	Register assignment is optimal.
   440                          ; Stack space usage: 0 bytes.
   441                          _rotr_var:
   442                          ;	genReceive
   443                          ;	genMove_o size 1 result type 2 source type 2 hl_dead 0
   444  002b  5f                	ld	e, a
   445                          ;	genMove_o size 0 result type 2 source type 1 hl_dead 0
   446                          ;	genReceive
   447                          ;	genMove_o size 1 result type 2 source type 2 hl_dead 1
   448                          ;	genRightShift
   449  002c  7d                	ld	a, l
   450                          ;	genMove_o size 1 result type 2 source type 2 hl_dead 0
   451                          ;	genMove_o size 0 result type 2 source type 1 hl_dead 0
   452                          ;	genMove_o size 0 result type 2 source type 1 hl_dead 0
   453                          ; peephole z88dk-356
   454  002d  3c                	inc	a
   455  002e  4b                	ld	c,e
   456                          ; peephole z88dk-478c
   457  002f  1802              	jr	l_rotr_var_00104
   458                          ; peephole 153 changed absolute to relative unconditional jump.
   459                          l_rotr_var_00103:
   460  0031  cb39              	srl	c
   461                          l_rotr_var_00104:
   462  0033  3d                	dec	a
   463  0034  20fb              	jr	NZ, l_rotr_var_00103
   464                          ;	genMove_o size 1 result type 2 source type 2 hl_dead 0
   465                          ;	genCast
   466                          ;	(locations are the same)
   467                          ;	genMinus
   468  0036  3e08              	ld	a,0x08
   469  0038  95                	sub	a, l
   470                          ;	genLeftShift
   471  0039  47                	ld	b, a
   472                          ;	genMove_o size 1 result type 2 source type 2 hl_dead 1
   473  003a  7b                	ld	a, e
   474                          ;	genMove_o size 0 result type 2 source type 1 hl_dead 1
   475                          ;	genMove_o size 0 result type 2 source type 1 hl_dead 1
   476  003b  04                	inc	b
   477  003c  1801              	jr	l_rotr_var_00106
   478                          ; peephole 153 changed absolute to relative unconditional jump.
   479                          l_rotr_var_00105:
   480  003e  87                	add	a, a
   481                          l_rotr_var_00106:
   482  003f  10fd              	djnz	l_rotr_var_00105
   483                          ;	genMove_o size 1 result type 2 source type 2 hl_dead 1
   484                          ;	genOr
   485  0041  b1                	or	a, c
   486                          ;	genMove_o size 1 result type 2 source type 2 hl_dead 1
   487                          ;	genRet
   488                          ;	genMove_o size 1 result type 2 source type 2 hl_dead 1
   489                          ;	genLabel
   490                          ; peephole 149 removed unused label l_rotr_var_00101$.
   491                          ;	genEndFunction
   492  0042  c9                	ret
   493                          ;	Total rotr_var function size at codegen: 0 bytes.
   494                          ;	genLabel
   495                          ;	genFunction
   496                          ;	---------------------------------
   497                          ; Function rot_hash
   498                          ; ---------------------------------
   499                          ;	Register assignment is optimal.
   500                          ; Stack space usage: 0 bytes.
   501                          _rot_hash:
   502  0043  dde5              	push	ix
   503  0045  dd210000          	ld	ix,0
   504  0049  dd39              	add	ix,sp
   505                          ;	genReceive
   506                          ;	genMove_o size 2 result type 2 source type 2 hl_dead 1
   507  004b  eb                	ex	de, hl
   508                          ;	genMove_o size 0 result type 2 source type 1 hl_dead 1
   509                          ;	genAssign
   510                          ;	genMove_o size 1 result type 2 source type 1 hl_dead 1
   511                          ;	genAssign
   512                          ;	genMove_o size 1 result type 2 source type 1 hl_dead 1
   513  004c  01ff00            	ld	bc,0x00ff
   514                          ; peephole 69 combined constant loads into register pair.
   515                          ;	genLabel
   516                          l_rot_hash_00103:
   517                          ;	genCmpLt
   518                          ;	AOP_STK for
   519  004f  78                	ld	a, b
   520  0050  dd9604            	sub	a,(ix+4)
   521  0053  3011              	jr	NC,l_rot_hash_00101
   522                          ; peephole 157 changed absolute to relative conditional jump.
   523                          ;	skipping generated iCode
   524                          ;	genPlus
   525                          ;	genMove_o size 2 result type 2 source type 2 hl_dead 1
   526  0055  68                	ld	l, b
   527                          ;	genMove_o size 1 result type 2 source type 1 hl_dead 0
   528  0056  2600              	ld	h,0x00
   529  0058  19                	add	hl, de
   530                          ;	genPointerGet
   531  0059  6e                	ld	l, (hl)
   532                          ;	genXor
   533  005a  79                	ld	a, c
   534  005b  ad                	xor	a, l
   535                          ;	genMove_o size 1 result type 2 source type 2 hl_dead 0
   536                          ;	genRot
   537  005c  07                	rlca
   538  005d  07                	rlca
   539  005e  07                	rlca
   540                          ;	genXor
   541  005f  ad                	xor	a, l
   542                          ;	genMove_o size 1 result type 2 source type 2 hl_dead 1
   543                          ;	genRot
   544  0060  0f                	rrca
   545  0061  0f                	rrca
   546  0062  4f                	ld	c, a
   547                          ;	genPlus
   548  0063  04                	inc	b
   549                          ;	genGoto
   550  0064  18e9              	jr	l_rot_hash_00103
   551                          ; peephole 153 changed absolute to relative unconditional jump.
   552                          ;	genLabel
   553                          l_rot_hash_00101:
   554                          ;	genRet
   555                          ;	genMove_o size 1 result type 2 source type 2 hl_dead 1
   556  0066  79                	ld	a, c
   557                          ;	genMove_o size 0 result type 2 source type 1 hl_dead 1
   558                          ;	genLabel
   559                          ; peephole 149 removed unused label l_rot_hash_00105$.
   560                          ;	genEndFunction
   561  0067  dde1              	pop	ix
   562  0069  e1                	pop	hl
   563                          ;	adjustStack by 1
   564  006a  33                	inc	sp
   565  006b  e9                	jp	(hl)
   566                          ;	Total rot_hash function size at codegen: 0 bytes.
   567                          ;	genLabel
   568                          ;	genFunction
   569                          ;	---------------------------------
   570                          ; Function rotate_flags
   571                          ; ---------------------------------
   572                          ;	Register assignment is optimal.
   573                          ; Stack space usage: 0 bytes.
   574                          _rotate_flags:
   575                          ;	genReceive
   576                          ;	genMove_o size 1 result type 2 source type 2 hl_dead 0
   577  006c  5f                	ld	e, a
   578                          ;	genMove_o size 0 result type 2 source type 1 hl_dead 0
   579                          ;	genReceive
   580                          ;	genMove_o size 1 result type 2 source type 2 hl_dead 1
   581                          ;	genLeftShift
   582  006d  7d                	ld	a, l
   583                          ;	genMove_o size 1 result type 2 source type 2 hl_dead 0
   584                          ;	genMove_o size 0 result type 2 source type 1 hl_dead 0
   585                          ;	genMove_o size 0 result type 2 source type 1 hl_dead 0
   586                          ; peephole z88dk-356
   587  006e  3c                	inc	a
   588  006f  4b                	ld	c,e
   589                          ; peephole z88dk-478c
   590  0070  1802              	jr	l_rotate_flags_00104
   591                          ; peephole 153 changed absolute to relative unconditional jump.
   592                          l_rotate_flags_00103:
   593  0072  cb21              	sla	c
   594                          l_rotate_flags_00104:
   595  0074  3d                	dec	a
   596  0075  20fb              	jr	NZ,l_rotate_flags_00103
   597                          ;	genMove_o size 1 result type 2 source type 2 hl_dead 0
   598                          ;	genMinus
   599  0077  3e08              	ld	a,0x08
   600  0079  95                	sub	a, l
   601  007a  47                	ld	b, a
   602                          ;	genRightShift
   603                          ;	genMove_o size 1 result type 2 source type 2 hl_dead 1
   604                          ;	genMove_o size 0 result type 2 source type 1 hl_dead 1
   605  007b  04                	inc	b
   606  007c  1802              	jr	l_rotate_flags_00106
   607                          ; peephole 153 changed absolute to relative unconditional jump.
   608                          l_rotate_flags_00105:
   609  007e  cb3b              	srl	e
   610                          l_rotate_flags_00106:
   611  0080  10fc              	djnz	l_rotate_flags_00105
   612                          ;	genMove_o size 1 result type 2 source type 2 hl_dead 1
   613                          ;	genOr
   614  0082  79                	ld	a, c
   615  0083  b3                	or	a, e
   616                          ;	genMove_o size 1 result type 2 source type 2 hl_dead 1
   617                          ;	genRet
   618                          ;	genMove_o size 1 result type 2 source type 2 hl_dead 1
   619                          ;	genLabel
   620                          ; peephole 149 removed unused label l_rotate_flags_00101$.
   621                          ;	genEndFunction
   622  0084  c9                	ret
   623                          ;	Total rotate_flags function size at codegen: 0 bytes.
   624                          ;	genLabel
   625                          ;	genFunction
   626                          ;	---------------------------------
   627                          ; Function main
   628                          ; ---------------------------------
   629                          ;	Register assignment is optimal.
   630                          ; Stack space usage: 4 bytes.
   631                          _main:
   632  0085  cd0000            	call	___sdcc_enter_ix
   633                          ;	adjustStack by -4
   634  0088  f5                	push	af
   635  0089  f5                	push	af
   636                          ;	genAssign
   637                          ;	genMove_o size 1 result type 2 source type 1 hl_dead 1
   638  008a  0600              	ld	b,0x00
   639                          ;	genSend
   640  008c  c5                	push	bc
   641                          ;	genMove_o size 1 result type 2 source type 1 hl_dead 1
   642  008d  3ea5              	ld	a,0xa5
   643                          ;	genCall
   644  008f  cd0000            	call	_rotl1
   645                          ;	genMove_o size 1 result type 2 source type 2 hl_dead 1
   646  0092  4f                	ld	c, a
   647                          ;	genMove_o size 0 result type 2 source type 1 hl_dead 1
   648  0093  f1                	pop	af
   649  0094  47                	ld	b, a
   650                          ;	genSend
   651  0095  c5                	push	bc
   652                          ;	genMove_o size 1 result type 2 source type 1 hl_dead 1
   653  0096  3ea5              	ld	a,0xa5
   654                          ;	genCall
   655  0098  cd0900            	call	_rotr1
   656                          ;	genMove_o size 1 result type 2 source type 2 hl_dead 1
   657  009b  57                	ld	d, a
   658                          ;	genMove_o size 0 result type 2 source type 1 hl_dead 1
   659                          ;	genSend
   660                          ; peephole 44 eleminated dead pop/push pair.
   661  009c  d5                	push	de
   662                          ;	genMove_o size 1 result type 2 source type 1 hl_dead 1
   663  009d  3ea5              	ld	a,0xa5
   664                          ;	genCall
   665  009f  cd0500            	call	_rotl3
   666                          ;	genMove_o size 1 result type 2 source type 2 hl_dead 1
   667  00a2  5f                	ld	e, a
   668                          ;	genMove_o size 0 result type 2 source type 1 hl_dead 1
   669  00a3  f1                	pop	af
   670  00a4  57                	ld	d, a
   671                          ;	genSend
   672                          ; peephole 44 eleminated dead pop/push pair.
   673  00a5  d5                	push	de
   674                          ;	genMove_o size 1 result type 2 source type 1 hl_dead 1
   675  00a6  3ea5              	ld	a,0xa5
   676                          ;	genCall
   677  00a8  cd0b00            	call	_rotr2
   678                          ;	genMove_o size 1 result type 2 source type 2 hl_dead 1
   679  00ab  6f                	ld	l, a
   680                          ;	genMove_o size 0 result type 2 source type 1 hl_dead 1
   681  00ac  d1                	pop	de
   682  00ad  c1                	pop	bc
   683                          ;	genCmpEq
   684  00ae  79                	ld	a, c
   685  00af  d64b              	sub	a,0x4b
   686                          ; peephole 62 removed jp by using inverse jump logic
   687                          ; peephole 149 removed unused label l_main_00195$.
   688  00b1  2011              	jr	NZ,l_main_00102
   689                          ; peephole 155 changed absolute to relative conditional jump.
   690                          ; peephole 63 removed jp by using inverse jump logic
   691                          ; peephole 149 removed unused label l_main_00196$.
   692                          ;	skipping generated iCode
   693                          ;	genCmpEq
   694  00b3  7a                	ld	a, d
   695  00b4  d6d2              	sub	a,0xd2
   696                          ; peephole 62 removed jp by using inverse jump logic
   697                          ; peephole 149 removed unused label l_main_00197$.
   698  00b6  200c              	jr	NZ,l_main_00102
   699                          ; peephole 155 changed absolute to relative conditional jump.
   700                          ; peephole 63 removed jp by using inverse jump logic
   701                          ; peephole 149 removed unused label l_main_00198$.
   702                          ;	skipping generated iCode
   703                          ;	genCmpEq
   704  00b8  7b                	ld	a, e
   705  00b9  d62d              	sub	a,0x2d
   706                          ; peephole 62 removed jp by using inverse jump logic
   707                          ; peephole 149 removed unused label l_main_00199$.
   708  00bb  2007              	jr	NZ,l_main_00102
   709                          ; peephole 155 changed absolute to relative conditional jump.
   710                          ; peephole 63 removed jp by using inverse jump logic
   711                          ; peephole 149 removed unused label l_main_00200$.
   712                          ;	skipping generated iCode
   713                          ;	genCmpEq
   714  00bd  7d                	ld	a, l
   715  00be  d669              	sub	a,0x69
   716                          ; peephole 62 removed jp by using inverse jump logic
   717                          ; peephole 149 removed unused label l_main_00201$.
   718  00c0  2002              	jr	NZ,l_main_00102
   719                          ; peephole 155 changed absolute to relative conditional jump.
   720                          ; peephole 63 removed jp by using inverse jump logic
   721                          ; peephole 149 removed unused label l_main_00202$.
   722                          ;	skipping generated iCode
   723                          ;	genAssign
   724                          ;	genMove_o size 1 result type 2 source type 1 hl_dead 1
   725  00c2  0601              	ld	b,0x01
   726                          ;	genLabel
   727                          l_main_00102:
   728                          ;	genSend
   729  00c4  c5                	push	bc
   730                          ;	genMove_o size 1 result type 2 source type 1 hl_dead 1
   731  00c5  2e01              	ld	l,0x01
   732                          ;	genSend
   733                          ;	genMove_o size 1 result type 2 source type 1 hl_dead 0
   734  00c7  3e3c              	ld	a,0x3c
   735                          ;	genCall
   736  00c9  cd1200            	call	_rotl_var
   737                          ;	genMove_o size 1 result type 2 source type 2 hl_dead 1
   738  00cc  4f                	ld	c, a
   739                          ;	genMove_o size 0 result type 2 source type 1 hl_dead 1
   740  00cd  f1                	pop	af
   741  00ce  47                	ld	b, a
   742                          ;	genSend
   743  00cf  c5                	push	bc
   744                          ;	genMove_o size 1 result type 2 source type 1 hl_dead 1
   745  00d0  2e04              	ld	l,0x04
   746                          ;	genSend
   747                          ;	genMove_o size 1 result type 2 source type 1 hl_dead 0
   748  00d2  3e3c              	ld	a,0x3c
   749                          ;	genCall
   750  00d4  cd1200            	call	_rotl_var
   751                          ;	genMove_o size 1 result type 2 source type 2 hl_dead 1
   752  00d7  5f                	ld	e, a
   753                          ;	genMove_o size 0 result type 2 source type 1 hl_dead 1
   754                          ;	genSend
   755                          ; peephole 44 eleminated dead pop/push pair.
   756  00d8  d5                	push	de
   757                          ;	genMove_o size 1 result type 2 source type 1 hl_dead 1
   758  00d9  2e02              	ld	l,0x02
   759                          ;	genSend
   760                          ;	genMove_o size 1 result type 2 source type 1 hl_dead 0
   761  00db  3e3c              	ld	a,0x3c
   762                          ;	genCall
   763  00dd  cd2b00            	call	_rotr_var
   764                          ;	genMove_o size 1 result type 2 source type 2 hl_dead 1
   765  00e0  6f                	ld	l, a
   766                          ;	genMove_o size 0 result type 2 source type 1 hl_dead 1
   767  00e1  d1                	pop	de
   768  00e2  c1                	pop	bc
   769                          ;	genCmpEq
   770  00e3  79                	ld	a, c
   771  00e4  d678              	sub	a,0x78
   772                          ; peephole 62 removed jp by using inverse jump logic
   773                          ; peephole 149 removed unused label l_main_00203$.
   774  00e6  200c              	jr	NZ,l_main_00107
   775                          ; peephole 155 changed absolute to relative conditional jump.
   776                          ; peephole 63 removed jp by using inverse jump logic
   777                          ; peephole 149 removed unused label l_main_00204$.
   778                          ;	skipping generated iCode
   779                          ;	genCmpEq
   780  00e8  7b                	ld	a, e
   781  00e9  d6c3              	sub	a,0xc3
   782                          ; peephole 62 removed jp by using inverse jump logic
   783                          ; peephole 149 removed unused label l_main_00205$.
   784  00eb  2007              	jr	NZ,l_main_00107
   785                          ; peephole 155 changed absolute to relative conditional jump.
   786                          ; peephole 63 removed jp by using inverse jump logic
   787                          ; peephole 149 removed unused label l_main_00206$.
   788                          ;	skipping generated iCode
   789                          ;	genCmpEq
   790  00ed  7d                	ld	a, l
   791  00ee  d60f              	sub	a,0x0f
   792                          ; peephole 62 removed jp by using inverse jump logic
   793                          ; peephole 149 removed unused label l_main_00207$.
   794  00f0  2002              	jr	NZ,l_main_00107
   795                          ; peephole 155 changed absolute to relative conditional jump.
   796                          ; peephole 63 removed jp by using inverse jump logic
   797                          ; peephole 149 removed unused label l_main_00208$.
   798                          ;	skipping generated iCode
   799                          ;	genCast
   800                          ;	(locations are the same)
   801                          ;	genOr
   802  00f2  cbc8              	set	1, b
   803                          ;	genCast
   804                          ;	(locations are the same)
   805                          ;	genCast
   806                          ;	(locations are the same)
   807                          ;	genLabel
   808                          l_main_00107:
   809                          ;	skipping iCode since result will be rematerialized
   810                          ;	genPointerSet
   811                          ;	genMove_o size 1 result type 5 source type 1 hl_dead 1
   812  00f4  dd36fc41          	ld	(ix-4),0x41
   813                          ;	skipping iCode since result will be rematerialized
   814                          ;	genPointerSet
   815                          ;	genMove_o size 1 result type 5 source type 1 hl_dead 1
   816  00f8  dd36fd42          	ld	(ix-3),0x42
   817                          ;	skipping iCode since result will be rematerialized
   818                          ;	genPointerSet
   819                          ;	genMove_o size 1 result type 5 source type 1 hl_dead 1
   820  00fc  dd36fe43          	ld	(ix-2),0x43
   821                          ;	skipping iCode since result will be rematerialized
   822                          ;	genPointerSet
   823                          ;	genMove_o size 1 result type 5 source type 1 hl_dead 1
   824  0100  dd36ff44          	ld	(ix-1),0x44
   825                          ;	genCast
   826                          ;	genMove_o size 2 result type 2 source type 7 hl_dead 1
   827  0104  210000            	ld	hl,0
   828  0107  39                	add	hl, sp
   829                          ;	genMove_o size 2 result type 2 source type 2 hl_dead 1
   830                          ;	genIpush
   831  0108  e5                	push	hl
   832  0109  c5                	push	bc
   833                          ;	genMove_o size 1 result type 2 source type 1 hl_dead 0
   834  010a  3e04              	ld	a,0x04
   835  010c  f5                	push	af
   836  010d  33                	inc	sp
   837                          ;	genSend
   838                          ;	genMove_o size 2 result type 2 source type 2 hl_dead 0
   839                          ;	genCall
   840  010e  cd4300            	call	_rot_hash
   841                          ;	genMove_o size 1 result type 2 source type 2 hl_dead 1
   842  0111  4f                	ld	c, a
   843                          ;	genMove_o size 0 result type 2 source type 1 hl_dead 1
   844  0112  f1                	pop	af
   845  0113  47                	ld	b, a
   846  0114  e1                	pop	hl
   847                          ;	genIpush
   848  0115  c5                	push	bc
   849                          ;	genMove_o size 1 result type 2 source type 1 hl_dead 0
   850  0116  3e04              	ld	a,0x04
   851  0118  f5                	push	af
   852  0119  33                	inc	sp
   853                          ;	genSend
   854                          ;	genMove_o size 2 result type 2 source type 2 hl_dead 1
   855                          ;	genCall
   856  011a  cd4300            	call	_rot_hash
   857                          ;	genMove_o size 1 result type 2 source type 2 hl_dead 1
   858  011d  c1                	pop	bc
   859                          ;	genCmpEq
   860  011e  91                	sub	a, c
   861                          ; peephole 62 removed jp by using inverse jump logic
   862                          ; peephole 149 removed unused label l_main_00209$.
   863  011f  200a              	jr	NZ,l_main_00111
   864                          ; peephole 155 changed absolute to relative conditional jump.
   865                          ; peephole 63 removed jp by using inverse jump logic
   866                          ; peephole 149 removed unused label l_main_00210$.
   867                          ;	skipping generated iCode
   868                          ;	genCmpEq
   869  0121  79                	ld	a, c
   870  0122  3c                	inc	a
   871  0123  2806              	jr	Z,l_main_00111
   872                          ; peephole 154 changed absolute to relative conditional jump.
   873                          ; peephole 62 removed jp by using inverse jump logic
   874                          ; peephole 149 removed unused label l_main_00211$.
   875                          ;	skipping generated iCode
   876                          ;	genIfx
   877  0125  79                	ld	a, c
   878  0126  b7                	or	a, a
   879  0127  2802              	jr	Z,l_main_00111
   880                          ; peephole 154 changed absolute to relative conditional jump.
   881                          ;	genCast
   882                          ;	(locations are the same)
   883                          ;	genOr
   884  0129  cbd0              	set	2, b
   885                          ;	genCast
   886                          ;	(locations are the same)
   887                          ;	genCast
   888                          ;	(locations are the same)
   889                          ;	genLabel
   890                          l_main_00111:
   891                          ;	genSend
   892  012b  c5                	push	bc
   893                          ;	genMove_o size 1 result type 2 source type 1 hl_dead 1
   894  012c  3e81              	ld	a,0x81
   895                          ;	genCall
   896  012e  cd0e00            	call	_rotr3
   897                          ;	genMove_o size 1 result type 2 source type 2 hl_dead 1
   898                          ;	genSend
   899                          ; peephole 44 eleminated dead pop/push pair.
   900                          ;	genMove_o size 1 result type 2 source type 2 hl_dead 1
   901                          ;	genCall
   902  0131  cd0200            	call	_rotl2
   903                          ;	genMove_o size 1 result type 2 source type 2 hl_dead 1
   904  0134  4f                	ld	c, a
   905                          ;	genMove_o size 0 result type 2 source type 1 hl_dead 1
   906  0135  f1                	pop	af
   907  0136  47                	ld	b, a
   908                          ;	genSend
   909  0137  c5                	push	bc
   910                          ;	genMove_o size 1 result type 2 source type 1 hl_dead 1
   911  0138  3e81              	ld	a,0x81
   912                          ;	genCall
   913  013a  cd0900            	call	_rotr1
   914                          ;	genMove_o size 1 result type 2 source type 2 hl_dead 1
   915  013d  c1                	pop	bc
   916                          ;	genCmpEq
   917  013e  91                	sub	a, c
   918                          ; peephole 62 removed jp by using inverse jump logic
   919                          ; peephole 149 removed unused label l_main_00212$.
   920  013f  2002              	jr	NZ,l_main_00115
   921                          ; peephole 155 changed absolute to relative conditional jump.
   922                          ; peephole 63 removed jp by using inverse jump logic
   923                          ; peephole 149 removed unused label l_main_00213$.
   924                          ;	skipping generated iCode
   925                          ;	genCast
   926                          ;	(locations are the same)
   927                          ;	genOr
   928  0141  cbd8              	set	3, b
   929                          ;	genCast
   930                          ;	(locations are the same)
   931                          ;	genCast
   932                          ;	(locations are the same)
   933                          ;	genLabel
   934                          l_main_00115:
   935                          ;	genCast
   936                          ;	genMove_o size 1 result type 2 source type 2 hl_dead 1
   937                          ;	genMove_o size 1 result type 2 source type 1 hl_dead 1
   938  0143  1600              	ld	d,0x00
   939                          ;	genRet
   940                          ;	genMove_o size 2 result type 2 source type 2 hl_dead 1
   941  0145  58                	ld	e, b
   942                          ;	genMove_o size 0 result type 2 source type 1 hl_dead 1
   943                          ;	genLabel
   944                          ; peephole 149 removed unused label l_main_00116$.
   945                          ;	genEndFunction
   946  0146  ddf9              	ld	sp, ix
   947  0148  dde1              	pop	ix
   948  014a  c9                	ret
   949                          ;	Total main function size at codegen: 57 bytes.
   950                          	SECTION IGNORE
   951                          
